Component: ARM Compiler 5.06 update 7 (build 960) Tool: armlink [4d3601]

==============================================================================

Section Cross References

    main.o(i.main) refers to bsp_config.o(i.BSP_Init) for BSP_Init
    main.o(i.main) refers to stm32f10x_tim.o(i.TIM_Cmd) for TIM_Cmd
    main.o(i.main) refers to hdmi_t050.o(i.HDMIShowWait) for HDMIShowWait
    main.o(i.main) refers to cardinfodeal.o(i.SCCard_Deal) for SCCard_Deal
    main.o(i.main) refers to stm32f10x_gpio.o(i.GPIO_ReadInputDataBit) for GPIO_ReadInputDataBit
    main.o(i.main) refers to hdmi_t050.o(i.HDMIShowMenuInfo) for HDMIShowMenuInfo
    main.o(i.main) refers to pc_config.o(i.PC_Close) for PC_Close
    main.o(i.main) refers to systick.o(i.delay_ms) for delay_ms
    main.o(i.main) refers to pc_config.o(i.PC_Open) for PC_Open
    main.o(i.main) refers to pc_config.o(i.PC_Start) for PC_Start
    main.o(i.main) refers to at24c02.o(i.ReStart_Read) for ReStart_Read
    main.o(i.main) refers to at24c02.o(i.ResStart_Write) for ResStart_Write
    main.o(i.main) refers to m6312.o(i.M6312_Connect) for M6312_Connect
    main.o(i.main) refers to timer_deal.o(i.FirstHeart_Open) for FirstHeart_Open
    main.o(i.main) refers to sccard_config.o(.data) for SCCardIsInter
    main.o(i.main) refers to timer_deal.o(.data) for Server_Time
    main.o(i.main) refers to at24c02.o(.bss) for DeviceInfo
    main.o(i.main) refers to pc_config.o(.data) for PC_RestartFlag
    main.o(i.main) refers to m6312.o(.data) for M6312_RestartFlag
    main.o(i.main) refers to at24c02.o(.data) for Restart_Count
    stm32f10x_it.o(i.EXTI1_IRQHandler) refers to stm32f10x_exti.o(i.EXTI_GetITStatus) for EXTI_GetITStatus
    stm32f10x_it.o(i.EXTI1_IRQHandler) refers to systick.o(i.delay_ms) for delay_ms
    stm32f10x_it.o(i.EXTI1_IRQHandler) refers to stm32f10x_exti.o(i.EXTI_ClearITPendingBit) for EXTI_ClearITPendingBit
    stm32f10x_it.o(i.EXTI1_IRQHandler) refers to stm32f10x_gpio.o(i.GPIO_ReadInputDataBit) for GPIO_ReadInputDataBit
    stm32f10x_it.o(i.EXTI1_IRQHandler) refers to hdmi_t050.o(i.HDMIShowInfo) for HDMIShowInfo
    stm32f10x_it.o(i.EXTI1_IRQHandler) refers to m6312.o(.data) for M6312_Connecting
    stm32f10x_it.o(i.EXTI1_IRQHandler) refers to pc_config.o(.data) for PC_Connecting
    stm32f10x_it.o(i.EXTI1_IRQHandler) refers to hxcard_config.o(.data) for HXCardIsInter
    stm32f10x_it.o(i.EXTI9_5_IRQHandler) refers to stm32f10x_exti.o(i.EXTI_GetITStatus) for EXTI_GetITStatus
    stm32f10x_it.o(i.EXTI9_5_IRQHandler) refers to systick.o(i.delay_ms) for delay_ms
    stm32f10x_it.o(i.EXTI9_5_IRQHandler) refers to stm32f10x_exti.o(i.EXTI_ClearITPendingBit) for EXTI_ClearITPendingBit
    stm32f10x_it.o(i.EXTI9_5_IRQHandler) refers to stm32f10x_gpio.o(i.GPIO_ReadInputDataBit) for GPIO_ReadInputDataBit
    stm32f10x_it.o(i.EXTI9_5_IRQHandler) refers to hdmi_t050.o(i.HDMIShowInfo) for HDMIShowInfo
    stm32f10x_it.o(i.EXTI9_5_IRQHandler) refers to m6312.o(.data) for M6312_Connecting
    stm32f10x_it.o(i.EXTI9_5_IRQHandler) refers to pc_config.o(.data) for PC_Connecting
    stm32f10x_it.o(i.EXTI9_5_IRQHandler) refers to sccard_config.o(.data) for SCCardIsInter
    stm32f10x_it.o(i.TIM3_IRQHandler) refers to stm32f10x_tim.o(i.TIM_Cmd) for TIM_Cmd
    stm32f10x_it.o(i.TIM3_IRQHandler) refers to stm32f10x_tim.o(i.TIM_GetITStatus) for TIM_GetITStatus
    stm32f10x_it.o(i.TIM3_IRQHandler) refers to stm32f10x_tim.o(i.TIM_ClearITPendingBit) for TIM_ClearITPendingBit
    stm32f10x_it.o(i.TIM3_IRQHandler) refers to timer_deal.o(.data) for Server_Time
    stm32f10x_it.o(i.USART1_IRQHandler) refers to stm32f10x_usart.o(i.USART_GetFlagStatus) for USART_GetFlagStatus
    stm32f10x_it.o(i.USART1_IRQHandler) refers to stm32f10x_usart.o(i.USART_ClearFlag) for USART_ClearFlag
    stm32f10x_it.o(i.USART1_IRQHandler) refers to stm32f10x_usart.o(i.USART_ITConfig) for USART_ITConfig
    stm32f10x_it.o(i.USART1_IRQHandler) refers to usart1_m6312.o(.data) for usart1_rcv_len
    stm32f10x_it.o(i.USART1_IRQHandler) refers to usart1_m6312.o(.bss) for usart1_rcv_buf
    stm32f10x_it.o(i.USART2_IRQHandler) refers to stm32f10x_usart.o(i.USART_GetFlagStatus) for USART_GetFlagStatus
    stm32f10x_it.o(i.USART2_IRQHandler) refers to stm32f10x_usart.o(i.USART_ClearFlag) for USART_ClearFlag
    stm32f10x_it.o(i.USART2_IRQHandler) refers to stm32f10x_usart.o(i.USART_ITConfig) for USART_ITConfig
    stm32f10x_it.o(i.USART2_IRQHandler) refers to usart2_pc.o(.data) for usart2_rcv_len
    stm32f10x_it.o(i.USART2_IRQHandler) refers to usart2_pc.o(.bss) for usart2_rcv_buf
    sys.o(i.NVIC_Configuration) refers to misc.o(i.NVIC_PriorityGroupConfig) for NVIC_PriorityGroupConfig
    sys.o(i.RCC_Configuration) refers to stm32f10x_rcc.o(i.RCC_DeInit) for RCC_DeInit
    sys.o(i.RCC_Configuration) refers to system_stm32f10x.o(i.SystemInit) for SystemInit
    sys.o(i.RCC_Configuration) refers to stm32f10x_rcc.o(i.RCC_HSEConfig) for RCC_HSEConfig
[...]
    i.RCC_GetSYSCLKSource                    0x08002cc4   Section        0  stm32f10x_rcc.o(i.RCC_GetSYSCLKSource)
    i.RCC_HCLKConfig                         0x08002cd4   Section        0  stm32f10x_rcc.o(i.RCC_HCLKConfig)
    i.RCC_HSEConfig                          0x08002cec   Section        0  stm32f10x_rcc.o(i.RCC_HSEConfig)
    i.RCC_PCLK1Config                        0x08002d38   Section        0  stm32f10x_rcc.o(i.RCC_PCLK1Config)
    i.RCC_PCLK2Config                        0x08002d50   Section        0  stm32f10x_rcc.o(i.RCC_PCLK2Config)
    i.RCC_PLLCmd                             0x08002d68   Section        0  stm32f10x_rcc.o(i.RCC_PLLCmd)
    i.RCC_PLLConfig                          0x08002d74   Section        0  stm32f10x_rcc.o(i.RCC_PLLConfig)
    i.RCC_SYSCLKConfig                       0x08002d90   Section        0  stm32f10x_rcc.o(i.RCC_SYSCLKConfig)
    i.RCC_USBCLKConfig                       0x08002da8   Section        0  stm32f10x_rcc.o(i.RCC_USBCLKConfig)
    i.RCC_WaitForHSEStartUp                  0x08002db4   Section        0  stm32f10x_rcc.o(i.RCC_WaitForHSEStartUp)
    i.ReStart_Read                           0x08002dec   Section        0  at24c02.o(i.ReStart_Read)
    i.ResStart_Write                         0x08002e18   Section        0  at24c02.o(i.ResStart_Write)
    i.Result_StartPam                        0x08002e74   Section        0  pc_config.o(i.Result_StartPam)
    i.Resume                                 0x08002ed4   Section        0  usb_pwr.o(i.Resume)
    i.Resume_Init                            0x08002fa4   Section        0  usb_pwr.o(i.Resume_Init)
    i.SCCard_Deal                            0x08002fc8   Section        0  cardinfodeal.o(i.SCCard_Deal)
    i.SCCard_Init                            0x080030d4   Section        0  sccard_config.o(i.SCCard_Init)
    i.SCCard_PCDataSpit                      0x08003144   Section        0  sccard_config.o(i.SCCard_PCDataSpit)
    i.SCCard_ServerDataCombine               0x080032ec   Section        0  sccard_config.o(i.SCCard_ServerDataCombine)
    i.SCCard_ServerDataSpit                  0x08003388   Section        0  sccard_config.o(i.SCCard_ServerDataSpit)
    i.SOF_Callback                           0x0800397c   Section        0  usb_endp.o(i.SOF_Callback)
    i.SVC_Handler                            0x080039ac   Section        0  stm32f10x_it.o(i.SVC_Handler)
    i.SetBTABLE                              0x080039b0   Section        0  usb_regs.o(i.SetBTABLE)
    i.SetDeviceAddress                       0x080039c0   Section        0  usb_core.o(i.SetDeviceAddress)
    i.SetEPRxAddr                            0x08003a10   Section        0  usb_regs.o(i.SetEPRxAddr)
    i.SetEPRxCount                           0x08003a34   Section        0  usb_regs.o(i.SetEPRxCount)
    i.SetEPRxStatus                          0x08003a80   Section        0  usb_regs.o(i.SetEPRxStatus)
    i.SetEPRxValid                           0x08003ac0   Section        0  usb_regs.o(i.SetEPRxValid)
    i.SetEPTxAddr                            0x08003af4   Section        0  usb_regs.o(i.SetEPTxAddr)
    i.SetEPTxCount                           0x08003b14   Section        0  usb_regs.o(i.SetEPTxCount)
    i.SetEPTxStatus                          0x08003b30   Section        0  usb_regs.o(i.SetEPTxStatus)
    i.SetEPTxValid                           0x08003b70   Section        0  usb_regs.o(i.SetEPTxValid)
    i.SetEPType                              0x08003ba4   Section        0  usb_regs.o(i.SetEPType)
    i.SetSysClock                            0x08003bc8   Section        0  system_stm32f10x.o(i.SetSysClock)
    SetSysClock                              0x08003bc9   Thumb Code     8  system_stm32f10x.o(i.SetSysClock)
    i.SetSysClockTo72                        0x08003bd0   Section        0  system_stm32f10x.o(i.SetSysClockTo72)
    SetSysClockTo72                          0x08003bd1   Thumb Code   214  system_stm32f10x.o(i.SetSysClockTo72)
    i.Set_USBClock                           0x08003cb0   Section        0  hw_config.o(i.Set_USBClock)
    i.Setup0_Process                         0x08003cc4   Section        0  usb_core.o(i.Setup0_Process)
    i.Standard_ClearFeature                  0x08003d7c   Section        0  usb_core.o(i.Standard_ClearFeature)
    i.Standard_GetConfiguration              0x08003ee8   Section        0  usb_core.o(i.Standard_GetConfiguration)
    i.Standard_GetDescriptorData             0x08003f14   Section        0  usb_core.o(i.Standard_GetDescriptorData)
    i.Standard_GetInterface                  0x08003f38   Section        0  usb_core.o(i.Standard_GetInterface)
    i.Standard_GetStatus                     0x08003f64   Section        0  usb_core.o(i.Standard_GetStatus)
    i.Standard_SetConfiguration              0x08004064   Section        0  usb_core.o(i.Standard_SetConfiguration)
    i.Standard_SetDeviceFeature              0x080040ac   Section        0  usb_core.o(i.Standard_SetDeviceFeature)
    i.Standard_SetEndPointFeature            0x080040d4   Section        0  usb_core.o(i.Standard_SetEndPointFeature)
    i.Standard_SetInterface                  0x080041a4   Section        0  usb_core.o(i.Standard_SetInterface)
    i.StrToDec                               0x08004210   Section        0  utils.o(i.StrToDec)
    i.String_Clear                           0x080042a6   Section        0  string_config.o(i.String_Clear)
    i.String_Find                            0x080042b8   Section        0  string_config.o(i.String_Find)
    i.Suspend                                0x080042d4   Section        0  usb_pwr.o(i.Suspend)
    i.SysTick_CLKSourceConfig                0x08004370   Section        0  misc.o(i.SysTick_CLKSourceConfig)
    i.SysTick_Handler                        0x08004398   Section        0  stm32f10x_it.o(i.SysTick_Handler)
    i.SystemInit                             0x0800439c   Section        0  system_stm32f10x.o(i.SystemInit)
    i.TIM3_IRQHandler                        0x080043fc   Section        0  stm32f10x_it.o(i.TIM3_IRQHandler)
    i.TIM_ClearITPendingBit                  0x08004474   Section        0  stm32f10x_tim.o(i.TIM_ClearITPendingBit)
    i.TIM_Cmd                                0x0800447a   Section        0  stm32f10x_tim.o(i.TIM_Cmd)
    i.TIM_GetITStatus                        0x08004492   Section        0  stm32f10x_tim.o(i.TIM_GetITStatus)
    i.TIM_Heart_Init                         0x080044b4   Section        0  timer_heart.o(i.TIM_Heart_Init)
    i.TIM_ITConfig                           0x08004524   Section        0  stm32f10x_tim.o(i.TIM_ITConfig)
    i.TIM_TimeBaseInit                       0x08004538   Section        0  stm32f10x_tim.o(i.TIM_TimeBaseInit)
    i.USART1_IRQHandler                      0x080045dc   Section        0  stm32f10x_it.o(i.USART1_IRQHandler)
    i.USART2_IRQHandler                      0x0800464c   Section        0  stm32f10x_it.o(i.USART2_IRQHandler)
    i.USART_ClearFlag                        0x080046bc   Section        0  stm32f10x_usart.o(i.USART_ClearFlag)
    i.USART_Cmd                              0x080046ce   Section        0  stm32f10x_usart.o(i.USART_Cmd)
    i.USART_Config                           0x080046e8   Section        0  hw_config.o(i.USART_Config)
    i.USART_DeInit                           0x08004704   Section        0  stm32f10x_usart.o(i.USART_DeInit)
    i.USART_GetFlagStatus                    0x080047a0   Section        0  stm32f10x_usart.o(i.USART_GetFlagStatus)
    i.USART_HDMI_Init                        0x080047bc   Section        0  usart3_hdmi.o(i.USART_HDMI_Init)
    i.USART_HDMI_SendB                       0x08004840   Section        0  usart3_hdmi.o(i.USART_HDMI_SendB)
    i.USART_HDMI_SendS                       0x08004878   Section        0  usart3_hdmi.o(i.USART_HDMI_SendS)
    i.USART_ITConfig                         0x080048a4   Section        0  stm32f10x_usart.o(i.USART_ITConfig)
    i.USART_Init                             0x080048f0   Section        0  stm32f10x_usart.o(i.USART_Init)
    i.USART_M6312_Init                       0x080049c8   Section        0  usart1_m6312.o(i.USART_M6312_Init)
    i.USART_M6312_SendCmd                    0x08004a70   Section        0  usart1_m6312.o(i.USART_M6312_SendCmd)
    i.USART_M6312_Write                      0x08004af8   Section        0  usart1_m6312.o(i.USART_M6312_Write)
    i.USART_PC_Init                          0x08004b30   Section        0  usart2_pc.o(i.USART_PC_Init)
    i.USART_PC_SendData                      0x08004bd8   Section        0  pc_config.o(i.USART_PC_SendData)
    i.USART_PC_Write                         0x08004c08   Section        0  usart2_pc.o(i.USART_PC_Write)
    i.USART_SendData                         0x08004c40   Section        0  stm32f10x_usart.o(i.USART_SendData)
    i.USBWakeUp_IRQHandler                   0x08004c48   Section        0  hw_config.o(i.USBWakeUp_IRQHandler)
    i.USB_CONFIG_Init                        0x08004c54   Section        0  usb_config.o(i.USB_CONFIG_Init)
    i.USB_Cable_Config                       0x08004c80   Section        0  hw_config.o(i.USB_Cable_Config)
    i.USB_Init                               0x08004c84   Section        0  usb_init.o(i.USB_Init)
    i.USB_Interrupts_Config                  0x08004cc0   Section        0  hw_config.o(i.USB_Interrupts_Config)
    i.USB_Istr                               0x08004d18   Section        0  usb_istr.o(i.USB_Istr)
    i.USB_LP_CAN1_RX0_IRQHandler             0x08004ee8   Section        0  hw_config.o(i.USB_LP_CAN1_RX0_IRQHandler)
    i.USB_PC_SendData                        0x08004ef0   Section        0  usb_config.o(i.USB_PC_SendData)
    i.USB_Port_Set                           0x08004f1c   Section        0  hw_config.o(i.USB_Port_Set)
    i.USB_SIL_Init                           0x08004f74   Section        0  usb_sil.o(i.USB_SIL_Init)
    i.USB_SIL_Read                           0x08004f98   Section        0  usb_sil.o(i.USB_SIL_Read)
    i.USB_To_USART_Send_Data                 0x08004fc8   Section        0  hw_config.o(i.USB_To_USART_Send_Data)
    i.USB_USART_SendData                     0x0800504c   Section        0  hw_config.o(i.USB_USART_SendData)
    i.USB_Write                              0x0800507c   Section        0  hw_config.o(i.USB_Write)
    i.UsageFault_Handler                     0x0800509c   Section        0  stm32f10x_it.o(i.UsageFault_Handler)
    i.UserToPMABufferCopy                    0x080050a0   Section        0  usb_mem.o(i.UserToPMABufferCopy)
    i.Virtual_Com_Port_Data_Setup            0x080050d8   Section        0  usb_prop.o(i.Virtual_Com_Port_Data_Setup)
    i.Virtual_Com_Port_GetConfigDescriptor   0x0800513c   Section        0  usb_prop.o(i.Virtual_Com_Port_GetConfigDescriptor)
    i.Virtual_Com_Port_GetDeviceDescriptor   0x08005150   Section        0  usb_prop.o(i.Virtual_Com_Port_GetDeviceDescriptor)
    i.Virtual_Com_Port_GetLineCoding         0x08005164   Section        0  usb_prop.o(i.Virtual_Com_Port_GetLineCoding)
    i.Virtual_Com_Port_GetStringDescriptor   0x08005180   Section        0  usb_prop.o(i.Virtual_Com_Port_GetStringDescriptor)
    i.Virtual_Com_Port_Get_Interface_Setting 0x080051a8   Section        0  usb_prop.o(i.Virtual_Com_Port_Get_Interface_Setting)
    i.Virtual_Com_Port_NoData_Setup          0x080051c0   Section        0  usb_prop.o(i.Virtual_Com_Port_NoData_Setup)
    i.Virtual_Com_Port_Reset                 0x080051e8   Section        0  usb_prop.o(i.Virtual_Com_Port_Reset)
    i.Virtual_Com_Port_SetConfiguration      0x080052d0   Section        0  usb_prop.o(i.Virtual_Com_Port_SetConfiguration)
    i.Virtual_Com_Port_SetDeviceAddress      0x080052e8   Section        0  usb_prop.o(i.Virtual_Com_Port_SetDeviceAddress)
    i.Virtual_Com_Port_SetLineCoding         0x080052f4   Section        0  usb_prop.o(i.Virtual_Com_Port_SetLineCoding)
    i.Virtual_Com_Port_Status_In             0x08005310   Section        0  usb_prop.o(i.Virtual_Com_Port_Status_In)
    i.Virtual_Com_Port_Status_Out            0x0800532c   Section        0  usb_prop.o(i.Virtual_Com_Port_Status_Out)
    i.Virtual_Com_Port_init                  0x08005330   Section        0  usb_prop.o(i.Virtual_Com_Port_init)
    i.WWDG_IRQHandler                        0x08005358   Section        0  stm32f10x_it.o(i.WWDG_IRQHandler)
    i.__scatterload_copy                     0x08005370   Section       14  handlers.o(i.__scatterload_copy)
    i.__scatterload_null                     0x0800537e   Section        2  handlers.o(i.__scatterload_null)
    i.__scatterload_zeroinit                 0x08005380   Section       14  handlers.o(i.__scatterload_zeroinit)
    i.delay_init                             0x08005390   Section        0  systick.o(i.delay_init)
    i.delay_ms                               0x080053d4   Section        0  systick.o(i.delay_ms)
    i.delay_us                               0x08005420   Section        0  systick.o(i.delay_us)
    i.main                                   0x0800546c   Section        0  main.o(i.main)
    .constdata                               0x080055b0   Section        3  at24c02.o(.constdata)
    .constdata                               0x080055b3   Section      177  usb_desc.o(.constdata)
    .conststring                             0x08005664   Section       86  at24c02.o(.conststring)
    .data                                    0x20000000   Section        4  systick.o(.data)
    fac_us                                   0x20000000   Data           1  systick.o(.data)
    fac_ms                                   0x20000002   Data           2  systick.o(.data)
    .data                                    0x20000004   Section        4  usart2_pc.o(.data)
    .data                                    0x20000008   Section        8  usart1_m6312.o(.data)
    .data                                    0x20000010   Section       20  system_stm32f10x.o(.data)
    .data                                    0x20000024   Section        3  m6312.o(.data)
    .data                                    0x20000028   Section        4  at24c02.o(.data)
    .data                                    0x2000002c   Section        2  pc_config.o(.data)
    .data                                    0x20000030   Section       20  timer_deal.o(.data)
    .data                                    0x20000044   Section        4  hxcard_config.o(.data)
    .data                                    0x20000048   Section        4  sccard_config.o(.data)
    .data                                    0x2000004c   Section        3  usb_core.o(.data)
    .data                                    0x20000050   Section       20  usb_init.o(.data)
    .data                                    0x20000064   Section        4  usb_int.o(.data)
    .data                                    0x20000068   Section        8  hw_config.o(.data)
    .data                                    0x20000070   Section       26  usb_desc.o(.data)
    .data                                    0x2000008c   Section        4  usb_endp.o(.data)
    FrameCount                               0x2000008c   Data           4  usb_endp.o(.data)
    .data                                    0x20000090   Section       68  usb_istr.o(.data)
    .data                                    0x200000d4   Section      148  usb_prop.o(.data)
    .data                                    0x20000168   Section       12  usb_pwr.o(.data)
    .data                                    0x20000174   Section       20  stm32f10x_rcc.o(.data)
    APBAHBPrescTable                         0x20000174   Data          16  stm32f10x_rcc.o(.data)
    ADCPrescTable                            0x20000184   Data           4  stm32f10x_rcc.o(.data)
    .bss                                     0x20000188   Section     1091  usart2_pc.o(.bss)
    .bss                                     0x200005cb   Section     1091  usart1_m6312.o(.bss)
    .bss                                     0x20000a0e   Section      130  m6312.o(.bss)
    .bss                                     0x20000a90   Section      226  at24c02.o(.bss)
    .bss                                     0x20000b72   Section      220  pc_config.o(.bss)
    .bss                                     0x20000c4e   Section      100  timer_deal.o(.bss)
    UploadTimerBuf                           0x20000c4e   Data          50  timer_deal.o(.bss)
    TimeSendBuf                              0x20000c80   Data          50  timer_deal.o(.bss)
    .bss                                     0x20000cb2   Section     1000  cardinfodeal.o(.bss)
    .bss                                     0x2000109c   Section       28  usb_init.o(.bss)
    .bss                                     0x200010b8   Section     2052  hw_config.o(.bss)
    .bss                                     0x200018bc   Section       64  usb_endp.o(.bss)
    .bss                                     0x200018fc   Section       32  usb_pwr.o(.bss)
    STACK                                    0x20001920   Section     1024  startup_stm32f10x_md.o(STACK)

    Global Symbols

    Symbol Name                              Value     Ov Type        Size  Object(Section)

    BuildAttributes$$THM_ISAv4$P$D$K$B$S$PE$A:L22UL41UL21$X:L11$S22US41US21$IEEE1$IW$USESV6$~STKCKD$USESV7$~SHL$OSPACE$EBA8$MICROLIB$REQ8$PRES8$EABIv2 0x00000000   Number         0  anon$$obj.o ABSOLUTE
    __ARM_use_no_argv                        0x00000000   Number         0  main.o ABSOLUTE
    __use_no_errno                           0x00000000   Number         0  useno.o ABSOLUTE
    __use_no_exception_handling              0x00000000   Number         0  useno.o ABSOLUTE
    __use_no_fp                              0x00000000   Number         0  useno.o ABSOLUTE
    __use_no_heap                            0x00000000   Number         0  useno.o ABSOLUTE
    __use_no_heap_region                     0x00000000   Number         0  useno.o ABSOLUTE
    __use_no_semihosting                     0x00000000   Number         0  useno.o ABSOLUTE
    __use_no_semihosting_swi                 0x00000000   Number         0  useno.o ABSOLUTE
    __use_no_signal_handling                 0x00000000   Number         0  useno.o ABSOLUTE
    __arm_fini_                               - Undefined Weak Reference
    __cpp_initialize__aeabi_                  - Undefined Weak Reference
    __cxa_finalize                            - Undefined Weak Reference
    _clock_init                               - Undefined Weak Reference
    _microlib_exit                            - Undefined Weak Reference
    __Vectors_Size                           0x000000ec   Number         0  startup_stm32f10x_md.o ABSOLUTE
    __Vectors                                0x08000000   Data           4  startup_stm32f10x_md.o(RESET)
    __Vectors_End                            0x080000ec   Data           0  startup_stm32f10x_md.o(RESET)
    __main                                   0x080000ed   Thumb Code     0  entry.o(.ARM.Collect$$$$00000000)
    _main_stk                                0x080000ed   Thumb Code     0  entry2.o(.ARM.Collect$$$$00000001)
    _main_scatterload                        0x080000f1   Thumb Code     0  entry5.o(.ARM.Collect$$$$00000004)
    __main_after_scatterload                 0x080000f5   Thumb Code     0  entry5.o(.ARM.Collect$$$$00000004)
    _main_clock                              0x080000f5   Thumb Code     0  entry7b.o(.ARM.Collect$$$$00000008)
    _main_cpp_init                           0x080000f5   Thumb Code     0  entry8b.o(.ARM.Collect$$$$0000000A)
    _main_init                               0x080000f5   Thumb Code     0  entry9a.o(.ARM.Collect$$$$0000000B)
    __rt_lib_shutdown_fini                   0x080000fd   Thumb Code     0  entry12b.o(.ARM.Collect$$$$0000000E)
    __rt_final_cpp                           0x08000101   Thumb Code     0  entry10a.o(.ARM.Collect$$$$0000000F)
    __rt_final_exit                          0x08000101   Thumb Code     0  entry11a.o(.ARM.Collect$$$$00000011)
    Reset_Handler                            0x08000105   Thumb Code     8  startup_stm32f10x_md.o(.text)
    ADC1_2_IRQHandler                        0x0800011f   Thumb Code     0  startup_stm32f10x_md.o(.text)
    CAN1_RX1_IRQHandler                      0x0800011f   Thumb Code     0  startup_stm32f10x_md.o(.text)
    CAN1_SCE_IRQHandler                      0x0800011f   Thumb Code     0  startup_stm32f10x_md.o(.text)
    DMA1_Channel1_IRQHandler                 0x0800011f   Thumb Code     0  startup_stm32f10x_md.o(.text)
    DMA1_Channel2_IRQHandler                 0x0800011f   Thumb Code     0  startup_stm32f10x_md.o(.text)
    DMA1_Channel3_IRQHandler                 0x0800011f   Thumb Code     0  startup_stm32f10x_md.o(.text)
    DMA1_Channel4_IRQHandler                 0x0800011f   Thumb Code     0  startup_stm32f10x_md.o(.text)
    DMA1_Channel5_IRQHandler                 0x0800011f   Thumb Code     0  startup_stm32f10x_md.o(.text)
    DMA1_Channel6_IRQHandler                 0x0800011f   Thumb Code     0  startup_stm32f10x_md.o(.text)
    DMA1_Channel7_IRQHandler                 0x0800011f   Thumb Code     0  startup_stm32f10x_md.o(.text)
    EXTI0_IRQHandler                         0x0800011f   Thumb Code     0  startup_stm32f10x_md.o(.text)
    EXTI15_10_IRQHandler                     0x0800011f   Thumb Code     0  startup_stm32f10x_md.o(.text)
    EXTI2_IRQHandler                         0x0800011f   Thumb Code     0  startup_stm32f10x_md.o(.text)
    EXTI3_IRQHandler                         0x0800011f   Thumb Code     0  startup_stm32f10x_md.o(.text)
    EXTI4_IRQHandler                         0x0800011f   Thumb Code     0  startup_stm32f10x_md.o(.text)
    FLASH_IRQHandler                         0x0800011f   Thumb Code     0  startup_stm32f10x_md.o(.text)
    I2C1_ER_IRQHandler                       0x0800011f   Thumb Code     0  startup_stm32f10x_md.o(.text)
    I2C1_EV_IRQHandler                       0x0800011f   Thumb Code     0  startup_stm32f10x_md.o(.text)
    I2C2_ER_IRQHandler                       0x0800011f   Thumb Code     0  startup_stm32f10x_md.o(.text)
    I2C2_EV_IRQHandler                       0x0800011f   Thumb Code     0  startup_stm32f10x_md.o(.text)
    PVD_IRQHandler                           0x0800011f   Thumb Code     0  startup_stm32f10x_md.o(.text)
    RCC_IRQHandler                           0x0800011f   Thumb Code     0  startup_stm32f10x_md.o(.text)
    RTCAlarm_IRQHandler                      0x0800011f   Thumb Code     0  startup_stm32f10x_md.o(.text)
    RTC_IRQHandler                           0x0800011f   Thumb Code     0  startup_stm32f10x_md.o(.text)
    SPI1_IRQHandler                          0x0800011f   Thumb Code     0  startup_stm32f10x_md.o(.text)
    SPI2_IRQHandler                          0x0800011f   Thumb Code     0  startup_stm32f10x_md.o(.text)
    TAMPER_IRQHandler                        0x0800011f   Thumb Code     0  startup_stm32f10x_md.o(.text)
    TIM1_BRK_IRQHandler                      0x0800011f   Thumb Code     0  startup_stm32f10x_md.o(.text)
    TIM1_CC_IRQHandler                       0x0800011f   Thumb Code     0  startup_stm32f10x_md.o(.text)
    TIM1_TRG_COM_IRQHandler                  0x0800011f   Thumb Code     0  startup_stm32f10x_md.o(.text)
    TIM1_UP_IRQHandler                       0x0800011f   Thumb Code     0  startup_stm32f10x_md.o(.text)
    TIM2_IRQHandler                          0x0800011f   Thumb Code     0  startup_stm32f10x_md.o(.text)
    TIM4_IRQHandler                          0x0800011f   Thumb Code     0  startup_stm32f10x_md.o(.text)
    USART3_IRQHandler                        0x0800011f   Thumb Code     0  startup_stm32f10x_md.o(.text)
    USB_HP_CAN1_TX_IRQHandler                0x0800011f   Thumb Code     0  startup_stm32f10x_md.o(.text)
    toupper                                  0x08000129   Thumb Code    12  toupper.o(.text)
    __aeabi_memcpy                           0x08000135   Thumb Code    36  memcpya.o(.text)
    __aeabi_memcpy4                          0x08000135   Thumb Code     0  memcpya.o(.text)
    __aeabi_memcpy8                          0x08000135   Thumb Code     0  memcpya.o(.text)
    __aeabi_memset                           0x08000159   Thumb Code    14  memseta.o(.text)
    __aeabi_memset4                          0x08000159   Thumb Code     0  memseta.o(.text)
    __aeabi_memset8                          0x08000159   Thumb Code     0  memseta.o(.text)
    __aeabi_memclr                           0x08000167   Thumb Code     4  memseta.o(.text)
    __aeabi_memclr4                          0x08000167   Thumb Code     0  memseta.o(.text)
    __aeabi_memclr8                          0x08000167   Thumb Code     0  memseta.o(.text)
    _memset$wrapper                          0x0800016b   Thumb Code    18  memseta.o(.text)
    strcat                                   0x0800017d   Thumb Code    24  strcat.o(.text)
    strstr                                   0x08000195   Thumb Code    36  strstr.o(.text)
    strlen                                   0x080001b9   Thumb Code    14  strlen.o(.text)
    strcmp                                   0x080001c7   Thumb Code    28  strcmp.o(.text)
    strcpy                                   0x080001e3   Thumb Code    18  strcpy.o(.text)
    __scatterload                            0x080001f5   Thumb Code    28  init.o(.text)
    __scatterload_rt2                        0x080001f5   Thumb Code     0  init.o(.text)
    __decompress                             0x08000219   Thumb Code     0  __dczerorl2.o(.text)
    __decompress1                            0x08000219   Thumb Code    86  __dczerorl2.o(.text)
    AT24C02IPTid_Init                        0x08000271   Thumb Code   228  at24c02.o(i.AT24C02IPTid_Init)
    AT24C02_Init                             0x08000369   Thumb Code     8  at24c02.o(i.AT24C02_Init)
    AT24C02_Read                             0x08000371   Thumb Code    34  at24c02.o(i.AT24C02_Read)
    AT24C02_Write                            0x080003ef   Thumb Code    48  at24c02.o(i.AT24C02_Write)
    BSP_Init                                 0x08000489   Thumb Code   140  bsp_config.o(i.BSP_Init)
    BusFault_Handler                         0x08000531   Thumb Code     4  stm32f10x_it.o(i.BusFault_Handler)
    ByteSwap                                 0x08000535   Thumb Code    12  usb_regs.o(i.ByteSwap)
    CTR_LP                                   0x08000541   Thumb Code   616  usb_int.o(i.CTR_LP)
    Char_Find                                0x080007c9   Thumb Code    56  string_config.o(i.Char_Find)
    ClearDTOG_RX                             0x08000801   Thumb Code    48  usb_regs.o(i.ClearDTOG_RX)
    ClearDTOG_TX                             0x08000835   Thumb Code    48  usb_regs.o(i.ClearDTOG_TX)
    Clear_Status_Out                         0x08000869   Thumb Code    34  usb_regs.o(i.Clear_Status_Out)
    DebugMon_Handler                         0x08000ca5   Thumb Code     2  stm32f10x_it.o(i.DebugMon_Handler)
    EP1_IN_Callback                          0x08000ca9   Thumb Code   138  usb_endp.o(i.EP1_IN_Callback)
    EP3_OUT_Callback                         0x08000d39   Thumb Code    28  usb_endp.o(i.EP3_OUT_Callback)
    EXTI1_IRQHandler                         0x08000d59   Thumb Code    84  stm32f10x_it.o(i.EXTI1_IRQHandler)
    EXTI9_5_IRQHandler                       0x08000de5   Thumb Code    84  stm32f10x_it.o(i.EXTI9_5_IRQHandler)
    EXTI_ClearITPendingBit                   0x08000e71   Thumb Code     6  stm32f10x_exti.o(i.EXTI_ClearITPendingBit)
    EXTI_GetITStatus                         0x08000e7d   Thumb Code    34  stm32f10x_exti.o(i.EXTI_GetITStatus)
    EXTI_Init                                0x08000ea5   Thumb Code   142  stm32f10x_exti.o(i.EXTI_Init)
    Enter_LowPowerMode                       0x08000f39   Thumb Code     8  hw_config.o(i.Enter_LowPowerMode)
    FirstHeart_Open                          0x08000f45   Thumb Code   200  timer_deal.o(i.FirstHeart_Open)
    GPIO_EXTILineConfig                      0x08001045   Thumb Code    60  stm32f10x_gpio.o(i.GPIO_EXTILineConfig)
    GPIO_Init                                0x08001085   Thumb Code   278  stm32f10x_gpio.o(i.GPIO_Init)
    GPIO_PinRemapConfig                      0x0800119d   Thumb Code   138  stm32f10x_gpio.o(i.GPIO_PinRemapConfig)
    GPIO_ReadInputDataBit                    0x0800122d   Thumb Code    18  stm32f10x_gpio.o(i.GPIO_ReadInputDataBit)
    GPIO_ResetBits                           0x0800123f   Thumb Code     4  stm32f10x_gpio.o(i.GPIO_ResetBits)
    GPIO_SetBits                             0x08001243   Thumb Code     4  stm32f10x_gpio.o(i.GPIO_SetBits)
    GetEPRxAddr                              0x08001249   Thumb Code    24  usb_regs.o(i.GetEPRxAddr)
    GetEPRxCount                             0x08001269   Thumb Code    26  usb_regs.o(i.GetEPRxCount)
    GetEPTxAddr                              0x0800128d   Thumb Code    22  usb_regs.o(i.GetEPTxAddr)
    Get_Head                                 0x080012ad   Thumb Code    50  string_config.o(i.Get_Head)
    Get_SerialNum                            0x080012e1   Thumb Code    42  hw_config.o(i.Get_SerialNum)
    HDMISendConncetOK                        0x08001315   Thumb Code    24  hdmi_t050.o(i.HDMISendConncetOK)
    HDMIShowInfo                             0x08001355   Thumb Code    44  hdmi_t050.o(i.HDMIShowInfo)
    HDMIShowMenuInfo                         0x08001399   Thumb Code   140  hdmi_t050.o(i.HDMIShowMenuInfo)
    HDMIShowRechargeSucess                   0x08001499   Thumb Code    46  hdmi_t050.o(i.HDMIShowRechargeSucess)
    HDMIShowSignal                           0x080014ed   Thumb Code    92  hdmi_t050.o(i.HDMIShowSignal)
    HDMIShowUserDetail                       0x08001591   Thumb Code   178  hdmi_t050.o(i.HDMIShowUserDetail)
    HDMIShowWait                             0x080016c9   Thumb Code    18  hdmi_t050.o(i.HDMIShowWait)
    HDMI_CMD_Send                            0x080016e9   Thumb Code    20  hdmi_t050.o(i.HDMI_CMD_Send)
    HDMI_Init                                0x080016fd   Thumb Code    18  hdmi_t050.o(i.HDMI_Init)
    HXCard_Init                              0x080017a5   Thumb Code   108  hxcard_config.o(i.HXCard_Init)
    HardFault_Handler                        0x08001815   Thumb Code     4  stm32f10x_it.o(i.HardFault_Handler)
    IIC_Ack                                  0x08001819   Thumb Code    52  iic_24c02.o(i.IIC_Ack)
    IIC_INIT                                 0x08001851   Thumb Code    54  iic_24c02.o(i.IIC_INIT)
    IIC_NAck                                 0x0800188d   Thumb Code    52  iic_24c02.o(i.IIC_NAck)
    IIC_Read_Byte                            0x080018c5   Thumb Code    86  iic_24c02.o(i.IIC_Read_Byte)
    IIC_SDA_IN                               0x08001921   Thumb Code    24  iic_24c02.o(i.IIC_SDA_IN)
    IIC_SDA_OUT                              0x0800193d   Thumb Code    30  iic_24c02.o(i.IIC_SDA_OUT)
    IIC_Send_Byte                            0x08001961   Thumb Code    90  iic_24c02.o(i.IIC_Send_Byte)
    IIC_Start                                0x080019c1   Thumb Code    52  iic_24c02.o(i.IIC_Start)
    IIC_Stop                                 0x080019f9   Thumb Code    52  iic_24c02.o(i.IIC_Stop)
    IIC_Wait_Ack                             0x08001a31   Thumb Code    78  iic_24c02.o(i.IIC_Wait_Ack)
    In0_Process                              0x08001a85   Thumb Code    98  usb_core.o(i.In0_Process)
    IntToUnicode                             0x08001af5   Thumb Code    62  hw_config.o(i.IntToUnicode)
    Interger_Clear                           0x08001b33   Thumb Code    20  string_config.o(i.Interger_Clear)
    Leave_LowPowerMode                       0x08001b49   Thumb Code    22  hw_config.o(i.Leave_LowPowerMode)
    M6312_Connect                            0x08001bad   Thumb Code   410  m6312.o(i.M6312_Connect)
    M6312_Init                               0x08001e39   Thumb Code    24  m6312.o(i.M6312_Init)
    M6312_SendData                           0x08001efd   Thumb Code    44  m6312.o(i.M6312_SendData)
    M6312_SignalQuery                        0x08001f31   Thumb Code   210  m6312.o(i.M6312_SignalQuery)
    M6312_TimeQuery                          0x08002039   Thumb Code   356  m6312.o(i.M6312_TimeQuery)
    M6312_USART_GetRcvData                   0x080021b9   Thumb Code    54  m6312.o(i.M6312_USART_GetRcvData)
    M6312_UploadData                         0x080021f9   Thumb Code   176  m6312.o(i.M6312_UploadData)
    MemManage_Handler                        0x080022c9   Thumb Code     4  stm32f10x_it.o(i.MemManage_Handler)
    NMI_Handler                              0x080022cd   Thumb Code     2  stm32f10x_it.o(i.NMI_Handler)
    NOP_Process                              0x080022cf   Thumb Code     2  usb_core.o(i.NOP_Process)
    NVIC_Configuration                       0x080022d1   Thumb Code    12  sys.o(i.NVIC_Configuration)
    NVIC_Init                                0x080022dd   Thumb Code   100  misc.o(i.NVIC_Init)
    NVIC_PriorityGroupConfig                 0x0800234d   Thumb Code    10  misc.o(i.NVIC_PriorityGroupConfig)
    Out0_Process                             0x08002499   Thumb Code    70  usb_core.o(i.Out0_Process)
    PAM8406_Close                            0x08002511   Thumb Code    18  pam8406_config.o(i.PAM8406_Close)
    PAM8406_Init                             0x08002529   Thumb Code     8  pam8406_config.o(i.PAM8406_Init)
    PAM8406_Open                             0x08002531   Thumb Code    18  pam8406_config.o(i.PAM8406_Open)
    PC_Close                                 0x08002575   Thumb Code    20  pc_config.o(i.PC_Close)
    PC_Init                                  0x0800258d   Thumb Code    32  pc_config.o(i.PC_Init)
    PC_Open                                  0x080025ad   Thumb Code    20  pc_config.o(i.PC_Open)
    PC_ReadCard                              0x080025c5   Thumb Code    10  pc_config.o(i.PC_ReadCard)
    PC_ReadData                              0x080025dd   Thumb Code    78  pc_config.o(i.PC_ReadData)
    PC_ReceiveData                           0x0800262d   Thumb Code   106  pc_config.o(i.PC_ReceiveData)
    PC_SendData                              0x080026ad   Thumb Code    28  pc_config.o(i.PC_SendData)
    PC_Start                                 0x080026c9   Thumb Code   178  pc_config.o(i.PC_Start)
    PC_StartPam                              0x080027dd   Thumb Code    90  pc_config.o(i.PC_StartPam)
    PC_USB_GetRcvData                        0x0800284d   Thumb Code    54  pc_config.o(i.PC_USB_GetRcvData)
    PC_Usart_GetRcvData                      0x0800288d   Thumb Code    54  pc_config.o(i.PC_Usart_GetRcvData)
    PC_WirteData                             0x080028cd   Thumb Code    88  pc_config.o(i.PC_WirteData)
    PC_WriteCard                             0x08002925   Thumb Code   104  pc_config.o(i.PC_WriteCard)
    PMAToUserBufferCopy                      0x080029d9   Thumb Code    34  usb_mem.o(i.PMAToUserBufferCopy)
    PendSV_Handler                           0x08002a01   Thumb Code     2  stm32f10x_it.o(i.PendSV_Handler)
    Post0_Process                            0x08002a05   Thumb Code    54  usb_core.o(i.Post0_Process)
    PowerOn                                  0x08002a4d   Thumb Code    54  usb_pwr.o(i.PowerOn)
    RCC_APB1PeriphClockCmd                   0x08002a8d   Thumb Code    26  stm32f10x_rcc.o(i.RCC_APB1PeriphClockCmd)
    RCC_APB1PeriphResetCmd                   0x08002aad   Thumb Code    26  stm32f10x_rcc.o(i.RCC_APB1PeriphResetCmd)
    RCC_APB2PeriphClockCmd                   0x08002acd   Thumb Code    26  stm32f10x_rcc.o(i.RCC_APB2PeriphClockCmd)
    RCC_APB2PeriphResetCmd                   0x08002aed   Thumb Code    26  stm32f10x_rcc.o(i.RCC_APB2PeriphResetCmd)
    RCC_Configuration                        0x08002b0d   Thumb Code    92  sys.o(i.RCC_Configuration)
    RCC_DeInit                               0x08002b69   Thumb Code    64  stm32f10x_rcc.o(i.RCC_DeInit)
    RCC_GetClocksFreq                        0x08002bb5   Thumb Code   192  stm32f10x_rcc.o(i.RCC_GetClocksFreq)
    RCC_GetFlagStatus                        0x08002c89   Thumb Code    56  stm32f10x_rcc.o(i.RCC_GetFlagStatus)
    RCC_GetSYSCLKSource                      0x08002cc5   Thumb Code    10  stm32f10x_rcc.o(i.RCC_GetSYSCLKSource)
    RCC_HCLKConfig                           0x08002cd5   Thumb Code    18  stm32f10x_rcc.o(i.RCC_HCLKConfig)
    RCC_HSEConfig                            0x08002ced   Thumb Code    70  stm32f10x_rcc.o(i.RCC_HSEConfig)
    RCC_PCLK1Config                          0x08002d39   Thumb Code    18  stm32f10x_rcc.o(i.RCC_PCLK1Config)
    RCC_PCLK2Config                          0x08002d51   Thumb Code    20  stm32f10x_rcc.o(i.RCC_PCLK2Config)
    RCC_PLLCmd                               0x08002d69   Thumb Code     6  stm32f10x_rcc.o(i.RCC_PLLCmd)
    RCC_PLLConfig                            0x08002d75   Thumb Code    24  stm32f10x_rcc.o(i.RCC_PLLConfig)
    RCC_SYSCLKConfig                         0x08002d91   Thumb Code    18  stm32f10x_rcc.o(i.RCC_SYSCLKConfig)
    RCC_USBCLKConfig                         0x08002da9   Thumb Code     6  stm32f10x_rcc.o(i.RCC_USBCLKConfig)
    RCC_WaitForHSEStartUp                    0x08002db5   Thumb Code    56  stm32f10x_rcc.o(i.RCC_WaitForHSEStartUp)
    ReStart_Read                             0x08002ded   Thumb Code    44  at24c02.o(i.ReStart_Read)
    ResStart_Write                           0x08002e19   Thumb Code    90  at24c02.o(i.ResStart_Write)
    Result_StartPam                          0x08002e75   Thumb Code    70  pc_config.o(i.Result_StartPam)
    Resume                                   0x08002ed5   Thumb Code   194  usb_pwr.o(i.Resume)
    Resume_Init                              0x08002fa5   Thumb Code    30  usb_pwr.o(i.Resume_Init)
    SCCard_Deal                              0x08002fc9   Thumb Code   182  cardinfodeal.o(i.SCCard_Deal)
    SCCard_Init                              0x080030d5   Thumb Code   108  sccard_config.o(i.SCCard_Init)
    SCCard_PCDataSpit                        0x08003145   Thumb Code   386  sccard_config.o(i.SCCard_PCDataSpit)
    SCCard_ServerDataCombine                 0x080032ed   Thumb Code   110  sccard_config.o(i.SCCard_ServerDataCombine)
    SCCard_ServerDataSpit                    0x08003389   Thumb Code  1466  sccard_config.o(i.SCCard_ServerDataSpit)
    SOF_Callback                             0x0800397d   Thumb Code    38  usb_endp.o(i.SOF_Callback)
    SVC_Handler                              0x080039ad   Thumb Code     2  stm32f10x_it.o(i.SVC_Handler)
    SetBTABLE                                0x080039b1   Thumb Code    12  usb_regs.o(i.SetBTABLE)
    SetDeviceAddress                         0x080039c1   Thumb Code    68  usb_core.o(i.SetDeviceAddress)
    SetEPRxAddr                              0x08003a11   Thumb Code    26  usb_regs.o(i.SetEPRxAddr)
    SetEPRxCount                             0x08003a35   Thumb Code    68  usb_regs.o(i.SetEPRxCount)
    SetEPRxStatus                            0x08003a81   Thumb Code    60  usb_regs.o(i.SetEPRxStatus)
    SetEPRxValid                             0x08003ac1   Thumb Code    48  usb_regs.o(i.SetEPRxValid)
    SetEPTxAddr                              0x08003af5   Thumb Code    24  usb_regs.o(i.SetEPTxAddr)
    SetEPTxCount                             0x08003b15   Thumb Code    20  usb_regs.o(i.SetEPTxCount)
    SetEPTxStatus                            0x08003b31   Thumb Code    60  usb_regs.o(i.SetEPTxStatus)
    SetEPTxValid                             0x08003b71   Thumb Code    48  usb_regs.o(i.SetEPTxValid)
    SetEPType                                0x08003ba5   Thumb Code    32  usb_regs.o(i.SetEPType)
    Set_USBClock                             0x08003cb1   Thumb Code    18  hw_config.o(i.Set_USBClock)
    Setup0_Process                           0x08003cc5   Thumb Code   170  usb_core.o(i.Setup0_Process)
    Standard_ClearFeature                    0x08003d7d   Thumb Code   342  usb_core.o(i.Standard_ClearFeature)
    Standard_GetConfiguration                0x08003ee9   Thumb Code    34  usb_core.o(i.Standard_GetConfiguration)
    Standard_GetDescriptorData               0x08003f15   Thumb Code    32  usb_core.o(i.Standard_GetDescriptorData)
    Standard_GetInterface                    0x08003f39   Thumb Code    34  usb_core.o(i.Standard_GetInterface)
    Standard_GetStatus                       0x08003f65   Thumb Code   238  usb_core.o(i.Standard_GetStatus)
    Standard_SetConfiguration                0x08004065   Thumb Code    60  usb_core.o(i.Standard_SetConfiguration)
    Standard_SetDeviceFeature                0x080040ad   Thumb Code    30  usb_core.o(i.Standard_SetDeviceFeature)
    Standard_SetEndPointFeature              0x080040d5   Thumb Code   192  usb_core.o(i.Standard_SetEndPointFeature)
    Standard_SetInterface                    0x080041a5   Thumb Code    96  usb_core.o(i.Standard_SetInterface)
    StrToDec                                 0x08004211   Thumb Code   150  utils.o(i.StrToDec)
    String_Clear                             0x080042a7   Thumb Code    18  string_config.o(i.String_Clear)
    String_Find                              0x080042b9   Thumb Code    28  string_config.o(i.String_Find)
    Suspend                                  0x080042d5   Thumb Code   142  usb_pwr.o(i.Suspend)
    SysTick_CLKSourceConfig                  0x08004371   Thumb Code    40  misc.o(i.SysTick_CLKSourceConfig)
    SysTick_Handler                          0x08004399   Thumb Code     2  stm32f10x_it.o(i.SysTick_Handler)
    SystemInit                               0x0800439d   Thumb Code    78  system_stm32f10x.o(i.SystemInit)
    TIM3_IRQHandler                          0x080043fd   Thumb Code   100  stm32f10x_it.o(i.TIM3_IRQHandler)
    TIM_ClearITPendingBit                    0x08004475   Thumb Code     6  stm32f10x_tim.o(i.TIM_ClearITPendingBit)
    TIM_Cmd                                  0x0800447b   Thumb Code    24  stm32f10x_tim.o(i.TIM_Cmd)
    TIM_GetITStatus                          0x08004493   Thumb Code    34  stm32f10x_tim.o(i.TIM_GetITStatus)
    TIM_Heart_Init                           0x080044b5   Thumb Code   106  timer_heart.o(i.TIM_Heart_Init)
    TIM_ITConfig                             0x08004525   Thumb Code    18  stm32f10x_tim.o(i.TIM_ITConfig)
    TIM_TimeBaseInit                         0x08004539   Thumb Code   122  stm32f10x_tim.o(i.TIM_TimeBaseInit)
    USART1_IRQHandler                        0x080045dd   Thumb Code    98  stm32f10x_it.o(i.USART1_IRQHandler)
    USART2_IRQHandler                        0x0800464d   Thumb Code    98  stm32f10x_it.o(i.USART2_IRQHandler)
    USART_ClearFlag                          0x080046bd   Thumb Code    18  stm32f10x_usart.o(i.USART_ClearFlag)
    USART_Cmd                                0x080046cf   Thumb Code    24  stm32f10x_usart.o(i.USART_Cmd)
    USART_Config                             0x080046e9   Thumb Code    20  hw_config.o(i.USART_Config)
    USART_DeInit                             0x08004705   Thumb Code   134  stm32f10x_usart.o(i.USART_DeInit)
    USART_GetFlagStatus                      0x080047a1   Thumb Code    26  stm32f10x_usart.o(i.USART_GetFlagStatus)
    USART_HDMI_Init                          0x080047bd   Thumb Code   124  usart3_hdmi.o(i.USART_HDMI_Init)
    USART_HDMI_SendB                         0x08004841   Thumb Code    50  usart3_hdmi.o(i.USART_HDMI_SendB)
    USART_HDMI_SendS                         0x08004879   Thumb Code    38  usart3_hdmi.o(i.USART_HDMI_SendS)
    USART_ITConfig                           0x080048a5   Thumb Code    74  stm32f10x_usart.o(i.USART_ITConfig)
    USART_Init                               0x080048f1   Thumb Code   210  stm32f10x_usart.o(i.USART_Init)
    USART_M6312_Init                         0x080049c9   Thumb Code   158  usart1_m6312.o(i.USART_M6312_Init)
    USART_M6312_SendCmd                      0x08004a71   Thumb Code   126  usart1_m6312.o(i.USART_M6312_SendCmd)
    USART_M6312_Write                        0x08004af9   Thumb Code    50  usart1_m6312.o(i.USART_M6312_Write)
    USART_PC_Init                            0x08004b31   Thumb Code   160  usart2_pc.o(i.USART_PC_Init)
    USART_PC_SendData                        0x08004bd9   Thumb Code    38  pc_config.o(i.USART_PC_SendData)
    USART_PC_Write                           0x08004c09   Thumb Code    50  usart2_pc.o(i.USART_PC_Write)
    USART_SendData                           0x08004c41   Thumb Code     8  stm32f10x_usart.o(i.USART_SendData)
    USBWakeUp_IRQHandler                     0x08004c49   Thumb Code    12  hw_config.o(i.USBWakeUp_IRQHandler)
    USB_CONFIG_Init                          0x08004c55   Thumb Code    44  usb_config.o(i.USB_CONFIG_Init)
    USB_Cable_Config                         0x08004c81   Thumb Code     2  hw_config.o(i.USB_Cable_Config)
    USB_Init                                 0x08004c85   Thumb Code    36  usb_init.o(i.USB_Init)
    USB_Interrupts_Config                    0x08004cc1   Thumb Code    88  hw_config.o(i.USB_Interrupts_Config)
    USB_Istr                                 0x08004d19   Thumb Code   426  usb_istr.o(i.USB_Istr)
    USB_LP_CAN1_RX0_IRQHandler               0x08004ee9   Thumb Code     8  hw_config.o(i.USB_LP_CAN1_RX0_IRQHandler)
    USB_PC_SendData                          0x08004ef1   Thumb Code    34  usb_config.o(i.USB_PC_SendData)
    USB_Port_Set                             0x08004f1d   Thumb Code    74  hw_config.o(i.USB_Port_Set)
    USB_SIL_Init                             0x08004f75   Thumb Code    28  usb_sil.o(i.USB_SIL_Init)
    USB_SIL_Read                             0x08004f99   Thumb Code    46  usb_sil.o(i.USB_SIL_Read)
    USB_To_USART_Send_Data                   0x08004fc9   Thumb Code   122  hw_config.o(i.USB_To_USART_Send_Data)
    USB_USART_SendData                       0x0800504d   Thumb Code    42  hw_config.o(i.USB_USART_SendData)
    USB_Write                                0x0800507d   Thumb Code    32  hw_config.o(i.USB_Write)
    UsageFault_Handler                       0x0800509d   Thumb Code     4  stm32f10x_it.o(i.UsageFault_Handler)
    UserToPMABufferCopy                      0x080050a1   Thumb Code    52  usb_mem.o(i.UserToPMABufferCopy)
    Virtual_Com_Port_Data_Setup              0x080050d9   Thumb Code    82  usb_prop.o(i.Virtual_Com_Port_Data_Setup)
    Virtual_Com_Port_GetConfigDescriptor     0x0800513d   Thumb Code    14  usb_prop.o(i.Virtual_Com_Port_GetConfigDescriptor)
    Virtual_Com_Port_GetDeviceDescriptor     0x08005151   Thumb Code    14  usb_prop.o(i.Virtual_Com_Port_GetDeviceDescriptor)
    Virtual_Com_Port_GetLineCoding           0x08005165   Thumb Code    20  usb_prop.o(i.Virtual_Com_Port_GetLineCoding)
    Virtual_Com_Port_GetStringDescriptor     0x08005181   Thumb Code    32  usb_prop.o(i.Virtual_Com_Port_GetStringDescriptor)
    Virtual_Com_Port_Get_Interface_Setting   0x080051a9   Thumb Code    22  usb_prop.o(i.Virtual_Com_Port_Get_Interface_Setting)
    Virtual_Com_Port_NoData_Setup            0x080051c1   Thumb Code    36  usb_prop.o(i.Virtual_Com_Port_NoData_Setup)
    Virtual_Com_Port_Reset                   0x080051e9   Thumb Code   216  usb_prop.o(i.Virtual_Com_Port_Reset)
    Virtual_Com_Port_SetConfiguration        0x080052d1   Thumb Code    14  usb_prop.o(i.Virtual_Com_Port_SetConfiguration)
    Virtual_Com_Port_SetDeviceAddress        0x080052e9   Thumb Code     8  usb_prop.o(i.Virtual_Com_Port_SetDeviceAddress)
    Virtual_Com_Port_SetLineCoding           0x080052f5   Thumb Code    20  usb_prop.o(i.Virtual_Com_Port_SetLineCoding)
    Virtual_Com_Port_Status_In               0x08005311   Thumb Code    22  usb_prop.o(i.Virtual_Com_Port_Status_In)
    Virtual_Com_Port_Status_Out              0x0800532d   Thumb Code     2  usb_prop.o(i.Virtual_Com_Port_Status_Out)
    Virtual_Com_Port_init                    0x08005331   Thumb Code    30  usb_prop.o(i.Virtual_Com_Port_init)
    WWDG_IRQHandler                          0x08005359   Thumb Code    20  stm32f10x_it.o(i.WWDG_IRQHandler)
    __scatterload_copy                       0x08005371   Thumb Code    14  handlers.o(i.__scatterload_copy)
    __scatterload_null                       0x0800537f   Thumb Code     2  handlers.o(i.__scatterload_null)
    __scatterload_zeroinit                   0x08005381   Thumb Code    14  handlers.o(i.__scatterload_zeroinit)
    delay_init                               0x08005391   Thumb Code    50  systick.o(i.delay_init)
    delay_ms                                 0x080053d5   Thumb Code    72  systick.o(i.delay_ms)
    delay_us                                 0x08005421   Thumb Code    72  systick.o(i.delay_us)
    main                                     0x0800546d   Thumb Code   266  main.o(i.main)
    Virtual_Com_Port_DeviceDescriptor        0x080055b3   Data          18  usb_desc.o(.constdata)
    Virtual_Com_Port_ConfigDescriptor        0x080055c5   Data          67  usb_desc.o(.constdata)
    Virtual_Com_Port_StringLangID            0x08005608   Data           4  usb_desc.o(.constdata)
    Virtual_Com_Port_StringVendor            0x0800560c   Data          38  usb_desc.o(.constdata)
    Virtual_Com_Port_StringProduct           0x08005632   Data          50  usb_desc.o(.constdata)
    Region$$Table$$Base                      0x080056bc   Number         0  anon$$obj.o(Region$$Table)
    Region$$Table$$Limit                     0x080056dc   Number         0  anon$$obj.o(Region$$Table)
    usart2_rcv_len                           0x20000004   Data           4  usart2_pc.o(.data)
    __stdout                                 0x20000008   Data           4  usart1_m6312.o(.data)
    usart1_rcv_len                           0x2000000c   Data           4  usart1_m6312.o(.data)
    SystemCoreClock                          0x20000010   Data           4  system_stm32f10x.o(.data)
    AHBPrescTable                            0x20000014   Data          16  system_stm32f10x.o(.data)
    M6312_Signal                             0x20000024   Data           1  m6312.o(.data)
    M6312_RestartFlag                        0x20000025   Data           1  m6312.o(.data)
    M6312_Connecting                         0x20000026   Data           1  m6312.o(.data)
    Restart_Count                            0x20000028   Data           4  at24c02.o(.data)
    PC_Connecting                            0x2000002c   Data           1  pc_config.o(.data)
    PC_RestartFlag                           0x2000002d   Data           1  pc_config.o(.data)
    Server_Time                              0x20000030   Data           4  timer_deal.o(.data)
    PC_Time                                  0x20000034   Data           4  timer_deal.o(.data)
    err                                      0x20000038   Data           4  timer_deal.o(.data)
    Server_TimeIsInter                       0x2000003c   Data           4  timer_deal.o(.data)
    PC_TimeIsInter                           0x20000040   Data           4  timer_deal.o(.data)
    HXCardIsInter                            0x20000044   Data           4  hxcard_config.o(.data)
    SCCardIsInter                            0x20000048   Data           4  sccard_config.o(.data)
    StatusInfo                               0x2000004c   Data           2  usb_core.o(.data)
    Data_Mul_MaxPacketSize                   0x2000004e   Data           1  usb_core.o(.data)
    EPindex                                  0x20000050   Data           1  usb_init.o(.data)
    pInformation                             0x20000054   Data           4  usb_init.o(.data)
    pProperty                                0x20000058   Data           4  usb_init.o(.data)
    SaveState                                0x2000005c   Data           2  usb_init.o(.data)
    wInterrupt_Mask                          0x2000005e   Data           2  usb_init.o(.data)
    pUser_Standard_Requests                  0x20000060   Data           4  usb_init.o(.data)
    SaveRState                               0x20000064   Data           2  usb_int.o(.data)
    SaveTState                               0x20000066   Data           2  usb_int.o(.data)
    USB_USART_RX_STA                         0x20000068   Data           2  hw_config.o(.data)
    usb_rcv_len                              0x2000006c   Data           4  hw_config.o(.data)
    Virtual_Com_Port_StringSerial            0x20000070   Data          26  usb_desc.o(.data)
    wIstr                                    0x20000090   Data           2  usb_istr.o(.data)
    bIntPackSOF                              0x20000092   Data           1  usb_istr.o(.data)
    esof_counter                             0x20000094   Data           4  usb_istr.o(.data)
    wCNTR                                    0x20000098   Data           4  usb_istr.o(.data)
    pEpInt_IN                                0x2000009c   Data          28  usb_istr.o(.data)
    pEpInt_OUT                               0x200000b8   Data          28  usb_istr.o(.data)
    Request                                  0x200000d4   Data           1  usb_prop.o(.data)
    linecoding                               0x200000d8   Data           8  usb_prop.o(.data)
    Device_Table                             0x200000e0   Data           2  usb_prop.o(.data)
    Device_Property                          0x200000e4   Data          48  usb_prop.o(.data)
    User_Standard_Requests                   0x20000114   Data          36  usb_prop.o(.data)
    Device_Descriptor                        0x20000138   Data           8  usb_prop.o(.data)
    Config_Descriptor                        0x20000140   Data           8  usb_prop.o(.data)
    String_Descriptor                        0x20000148   Data          32  usb_prop.o(.data)
    bDeviceState                             0x20000168   Data           4  usb_pwr.o(.data)
    fSuspendEnabled                          0x2000016c   Data           1  usb_pwr.o(.data)
    ResumeS                                  0x2000016d   Data           2  usb_pwr.o(.data)
    remotewakeupon                           0x20000170   Data           4  usb_pwr.o(.data)
    usart2_rcv_buf                           0x20000188   Data        1091  usart2_pc.o(.bss)
    usart1_rcv_buf                           0x200005cb   Data        1091  usart1_m6312.o(.bss)
    M6312ConfigMsg                           0x20000a0e   Data          80  m6312.o(.bss)
    M6312_RecieveServerBuf                   0x20000a5e   Data          50  m6312.o(.bss)
    DeviceInfo                               0x20000a90   Data         126  at24c02.o(.bss)
    TerminalIDServerIP                       0x20000b0e   Data         100  at24c02.o(.bss)
    SendBuf                                  0x20000b72   Data         220  pc_config.o(.bss)
    RecievePCBuf                             0x20000cb2   Data         250  cardinfodeal.o(.bss)
    SendPCBuf                                0x20000dac   Data         250  cardinfodeal.o(.bss)
    SendServerBuf                            0x20000ea6   Data         250  cardinfodeal.o(.bss)
    RecieveServerBuf                         0x20000fa0   Data         250  cardinfodeal.o(.bss)
    Device_Info                              0x2000109c   Data          28  usb_init.o(.bss)
    uu_txfifo                                0x200010b8   Data        1028  hw_config.o(.bss)
    USART_PRINTF_Buffer                      0x200014bc   Data         512  hw_config.o(.bss)
    USB_USART_RX_BUF                         0x200016bc   Data         512  hw_config.o(.bss)
    USB_Rx_Buffer                            0x200018bc   Data          64  usb_endp.o(.bss)
    EP                                       0x200018fc   Data          32  usb_pwr.o(.bss)
    __initial_sp                             0x20001d20   Data           0  startup_stm32f10x_md.o(STACK)



==============================================================================

Memory Map of the image

  Image Entry point : 0x080000ed

  Load Region LR_IROM1 (Base: 0x08000000, Size: 0x00005864, Max: 0x00010000, ABSOLUTE, COMPRESSED[0x00005778])

    Execution Region ER_IROM1 (Exec base: 0x08000000, Load base: 0x08000000, Size: 0x000056dc, Max: 0x00010000, ABSOLUTE)

    Exec Addr    Load Addr    Size         Type   Attr      Idx    E Section Name        Object

    0x08000000   0x08000000   0x000000ec   Data   RO         1092    RESET               startup_stm32f10x_md.o
    0x080000ec   0x080000ec   0x00000000   Code   RO         3232  * .ARM.Collect$$$$00000000  mc_w.l(entry.o)
    0x080000ec   0x080000ec   0x00000004   Code   RO         3253    .ARM.Collect$$$$00000001  mc_w.l(entry2.o)
    0x080000f0   0x080000f0   0x00000004   Code   RO         3256    .ARM.Collect$$$$00000004  mc_w.l(entry5.o)
    0x080000f4   0x080000f4   0x00000000   Code   RO         3258    .ARM.Collect$$$$00000008  mc_w.l(entry7b.o)
    0x080000f4   0x080000f4   0x00000000   Code   RO         3260    .ARM.Collect$$$$0000000A  mc_w.l(entry8b.o)
    0x080000f4   0x080000f4   0x00000008   Code   RO         3261    .ARM.Collect$$$$0000000B  mc_w.l(entry9a.o)
    0x080000fc   0x080000fc   0x00000004   Code   RO         3268    .ARM.Collect$$$$0000000E  mc_w.l(entry12b.o)
    0x08000100   0x08000100   0x00000000   Code   RO         3263    .ARM.Collect$$$$0000000F  mc_w.l(entry10a.o)
    0x08000100   0x08000100   0x00000000   Code   RO         3265    .ARM.Collect$$$$00000011  mc_w.l(entry11a.o)
    0x08000100   0x08000100   0x00000004   Code   RO         3254    .ARM.Collect$$$$00002712  mc_w.l(entry2.o)
    0x08000104   0x08000104   0x00000024   Code   RO         1093    .text               startup_stm32f10x_md.o
    0x08000128   0x08000128   0x0000000c   Code   RO         3235    .text               mc_w.l(toupper.o)
    0x08000134   0x08000134   0x00000024   Code   RO         3237    .text               mc_w.l(memcpya.o)
    0x08000158   0x08000158   0x00000024   Code   RO         3239    .text               mc_w.l(memseta.o)
    0x0800017c   0x0800017c   0x00000018   Code   RO         3241    .text               mc_w.l(strcat.o)
    0x08000194   0x08000194   0x00000024   Code   RO         3243    .text               mc_w.l(strstr.o)
    0x080001b8   0x080001b8   0x0000000e   Code   RO         3245    .text               mc_w.l(strlen.o)
    0x080001c6   0x080001c6   0x0000001c   Code   RO         3247    .text               mc_w.l(strcmp.o)
    0x080001e2   0x080001e2   0x00000012   Code   RO         3249    .text               mc_w.l(strcpy.o)
    0x080001f4   0x080001f4   0x00000024   Code   RO         3269    .text               mc_w.l(init.o)
    0x08000218   0x08000218   0x00000056   Code   RO         3279    .text               mc_w.l(__dczerorl2.o)
    0x0800026e   0x0800026e   0x00000002   PAD
    0x08000270   0x08000270   0x000000f8   Code   RO          609    i.AT24C02IPTid_Init  at24c02.o
    0x08000368   0x08000368   0x00000008   Code   RO          610    i.AT24C02_Init      at24c02.o
    0x08000370   0x08000370   0x00000022   Code   RO          611    i.AT24C02_Read      at24c02.o
    0x08000392   0x08000392   0x0000005c   Code   RO          612    i.AT24C02_ReadOneByte  at24c02.o
    0x080003ee   0x080003ee   0x00000030   Code   RO          613    i.AT24C02_Write     at24c02.o
    0x0800041e   0x0800041e   0x00000068   Code   RO          614    i.AT24C02_WriteOneByte  at24c02.o
    0x08000486   0x08000486   0x00000002   PAD
    0x08000488   0x08000488   0x000000a8   Code   RO         1072    i.BSP_Init          bsp_config.o
    0x08000530   0x08000530   0x00000004   Code   RO          122    i.BusFault_Handler  stm32f10x_it.o
    0x08000534   0x08000534   0x0000000c   Code   RO         1288    i.ByteSwap          usb_regs.o
    0x08000540   0x08000540   0x00000288   Code   RO         1241    i.CTR_LP            usb_int.o
    0x080007c8   0x080007c8   0x00000038   Code   RO          369    i.Char_Find         string_config.o
    0x08000800   0x08000800   0x00000034   Code   RO         1289    i.ClearDTOG_RX      usb_regs.o
    0x08000834   0x08000834   0x00000034   Code   RO         1290    i.ClearDTOG_TX      usb_regs.o
    0x08000868   0x08000868   0x00000028   Code   RO         1295    i.Clear_Status_Out  usb_regs.o
    0x08000890   0x08000890   0x000000c0   Code   RO         1098    i.DataStageIn       usb_core.o
    0x08000950   0x08000950   0x000000bc   Code   RO         1099    i.DataStageOut      usb_core.o
    0x08000a0c   0x08000a0c   0x00000298   Code   RO         1100    i.Data_Setup0       usb_core.o
    0x08000ca4   0x08000ca4   0x00000002   Code   RO          123    i.DebugMon_Handler  stm32f10x_it.o
    0x08000ca6   0x08000ca6   0x00000002   PAD
    0x08000ca8   0x08000ca8   0x00000090   Code   RO         1812    i.EP1_IN_Callback   usb_endp.o
    0x08000d38   0x08000d38   0x00000020   Code   RO         1813    i.EP3_OUT_Callback  usb_endp.o
    0x08000d58   0x08000d58   0x0000008c   Code   RO          124    i.EXTI1_IRQHandler  stm32f10x_it.o
    0x08000de4   0x08000de4   0x0000008c   Code   RO          125    i.EXTI9_5_IRQHandler  stm32f10x_it.o
    0x08000e70   0x08000e70   0x0000000c   Code   RO         3136    i.EXTI_ClearITPendingBit  stm32f10x_exti.o
    0x08000e7c   0x08000e7c   0x00000028   Code   RO         3140    i.EXTI_GetITStatus  stm32f10x_exti.o
    0x08000ea4   0x08000ea4   0x00000094   Code   RO         3141    i.EXTI_Init         stm32f10x_exti.o
    0x08000f38   0x08000f38   0x0000000c   Code   RO         1672    i.Enter_LowPowerMode  hw_config.o
    0x08000f44   0x08000f44   0x00000100   Code   RO          974    i.FirstHeart_Open   timer_deal.o
    0x08001044   0x08001044   0x00000040   Code   RO         2096    i.GPIO_EXTILineConfig  stm32f10x_gpio.o
    0x08001084   0x08001084   0x00000116   Code   RO         2099    i.GPIO_Init         stm32f10x_gpio.o
    0x0800119a   0x0800119a   0x00000002   PAD
    0x0800119c   0x0800119c   0x00000090   Code   RO         2101    i.GPIO_PinRemapConfig  stm32f10x_gpio.o
    0x0800122c   0x0800122c   0x00000012   Code   RO         2103    i.GPIO_ReadInputDataBit  stm32f10x_gpio.o
    0x0800123e   0x0800123e   0x00000004   Code   RO         2106    i.GPIO_ResetBits    stm32f10x_gpio.o
    0x08001242   0x08001242   0x00000004   Code   RO         2107    i.GPIO_SetBits      stm32f10x_gpio.o
    0x08001246   0x08001246   0x00000002   PAD
    0x08001248   0x08001248   0x00000020   Code   RO         1307    i.GetEPRxAddr       usb_regs.o
    0x08001268   0x08001268   0x00000024   Code   RO         1308    i.GetEPRxCount      usb_regs.o
    0x0800128c   0x0800128c   0x00000020   Code   RO         1310    i.GetEPTxAddr       usb_regs.o
    0x080012ac   0x080012ac   0x00000032   Code   RO          371    i.Get_Head          string_config.o
    0x080012de   0x080012de   0x00000002   PAD
    0x080012e0   0x080012e0   0x00000034   Code   RO         1673    i.Get_SerialNum     hw_config.o
    0x08001314   0x08001314   0x00000040   Code   RO          868    i.HDMISendConncetOK  hdmi_t050.o
    0x08001354   0x08001354   0x00000044   Code   RO          871    i.HDMIShowInfo      hdmi_t050.o
    0x08001398   0x08001398   0x00000100   Code   RO          872    i.HDMIShowMenuInfo  hdmi_t050.o
    0x08001498   0x08001498   0x00000054   Code   RO          873    i.HDMIShowRechargeSucess  hdmi_t050.o
    0x080014ec   0x080014ec   0x000000a4   Code   RO          875    i.HDMIShowSignal    hdmi_t050.o
    0x08001590   0x08001590   0x00000138   Code   RO          876    i.HDMIShowUserDetail  hdmi_t050.o
    0x080016c8   0x080016c8   0x00000020   Code   RO          877    i.HDMIShowWait      hdmi_t050.o
    0x080016e8   0x080016e8   0x00000014   Code   RO          878    i.HDMI_CMD_Send     hdmi_t050.o
    0x080016fc   0x080016fc   0x0000001c   Code   RO          880    i.HDMI_Init         hdmi_t050.o
    0x08001718   0x08001718   0x00000040   Code   RO          881    i.HDMI_ShowInfo     hdmi_t050.o
    0x08001758   0x08001758   0x0000004c   Code   RO          882    i.HDMI_UnitShowInfo  hdmi_t050.o
    0x080017a4   0x080017a4   0x00000070   Code   RO         1018    i.HXCard_Init       hxcard_config.o
    0x08001814   0x08001814   0x00000004   Code   RO          126    i.HardFault_Handler  stm32f10x_it.o
    0x08001818   0x08001818   0x00000038   Code   RO          288    i.IIC_Ack           iic_24c02.o
    0x08001850   0x08001850   0x0000003c   Code   RO          289    i.IIC_INIT          iic_24c02.o
    0x0800188c   0x0800188c   0x00000038   Code   RO          290    i.IIC_NAck          iic_24c02.o
    0x080018c4   0x080018c4   0x0000005c   Code   RO          291    i.IIC_Read_Byte     iic_24c02.o
    0x08001920   0x08001920   0x0000001c   Code   RO          292    i.IIC_SDA_IN        iic_24c02.o
    0x0800193c   0x0800193c   0x00000024   Code   RO          293    i.IIC_SDA_OUT       iic_24c02.o
    0x08001960   0x08001960   0x00000060   Code   RO          294    i.IIC_Send_Byte     iic_24c02.o
    0x080019c0   0x080019c0   0x00000038   Code   RO          295    i.IIC_Start         iic_24c02.o
    0x080019f8   0x080019f8   0x00000038   Code   RO          296    i.IIC_Stop          iic_24c02.o
    0x08001a30   0x08001a30   0x00000054   Code   RO          297    i.IIC_Wait_Ack      iic_24c02.o
    0x08001a84   0x08001a84   0x00000070   Code   RO         1101    i.In0_Process       usb_core.o
    0x08001af4   0x08001af4   0x0000003e   Code   RO         1674    i.IntToUnicode      hw_config.o
    0x08001b32   0x08001b32   0x00000014   Code   RO          372    i.Interger_Clear    string_config.o
    0x08001b46   0x08001b46   0x00000002   PAD
    0x08001b48   0x08001b48   0x00000020   Code   RO         1675    i.Leave_LowPowerMode  hw_config.o
    0x08001b68   0x08001b68   0x00000044   Code   RO          541    i.M6312POWER_Init   m6312.o
    0x08001bac   0x08001bac   0x0000028c   Code   RO          542    i.M6312_Connect     m6312.o
    0x08001e38   0x08001e38   0x00000018   Code   RO          543    i.M6312_Init        m6312.o
    0x08001e50   0x08001e50   0x000000ac   Code   RO          544    i.M6312_RConnect    m6312.o
    0x08001efc   0x08001efc   0x00000034   Code   RO          545    i.M6312_SendData    m6312.o
    0x08001f30   0x08001f30   0x00000108   Code   RO          546    i.M6312_SignalQuery  m6312.o
    0x08002038   0x08002038   0x00000180   Code   RO          547    i.M6312_TimeQuery   m6312.o
    0x080021b8   0x080021b8   0x00000040   Code   RO          548    i.M6312_USART_GetRcvData  m6312.o
    0x080021f8   0x080021f8   0x000000d0   Code   RO          549    i.M6312_UploadData  m6312.o
    0x080022c8   0x080022c8   0x00000004   Code   RO          127    i.MemManage_Handler  stm32f10x_it.o
    0x080022cc   0x080022cc   0x00000002   Code   RO          128    i.NMI_Handler       stm32f10x_it.o
    0x080022ce   0x080022ce   0x00000002   Code   RO         1102    i.NOP_Process       usb_core.o
    0x080022d0   0x080022d0   0x0000000c   Code   RO          229    i.NVIC_Configuration  sys.o
    0x080022dc   0x080022dc   0x00000070   Code   RO         2012    i.NVIC_Init         misc.o
    0x0800234c   0x0800234c   0x00000014   Code   RO         2013    i.NVIC_PriorityGroupConfig  misc.o
    0x08002360   0x08002360   0x00000138   Code   RO         1103    i.NoData_Setup0     usb_core.o
    0x08002498   0x08002498   0x00000050   Code   RO         1104    i.Out0_Process      usb_core.o
    0x080024e8   0x080024e8   0x00000028   Code   RO          839    i.PAM8406POWER_Init  pam8406_config.o
    0x08002510   0x08002510   0x00000018   Code   RO          840    i.PAM8406_Close     pam8406_config.o
    0x08002528   0x08002528   0x00000008   Code   RO          841    i.PAM8406_Init      pam8406_config.o
    0x08002530   0x08002530   0x00000018   Code   RO          842    i.PAM8406_Open      pam8406_config.o
    0x08002548   0x08002548   0x0000002c   Code   RO          725    i.PCPOWER_Init      pc_config.o
    0x08002574   0x08002574   0x00000018   Code   RO          726    i.PC_Close          pc_config.o
    0x0800258c   0x0800258c   0x00000020   Code   RO          727    i.PC_Init           pc_config.o
    0x080025ac   0x080025ac   0x00000018   Code   RO          728    i.PC_Open           pc_config.o
    0x080025c4   0x080025c4   0x00000018   Code   RO          729    i.PC_ReadCard       pc_config.o
    0x080025dc   0x080025dc   0x0000004e   Code   RO          730    i.PC_ReadData       pc_config.o
    0x0800262a   0x0800262a   0x00000002   PAD
    0x0800262c   0x0800262c   0x00000080   Code   RO          731    i.PC_ReceiveData    pc_config.o
    0x080026ac   0x080026ac   0x0000001c   Code   RO          732    i.PC_SendData       pc_config.o
    0x080026c8   0x080026c8   0x00000114   Code   RO          734    i.PC_Start          pc_config.o
    0x080027dc   0x080027dc   0x00000070   Code   RO          735    i.PC_StartPam       pc_config.o
    0x0800284c   0x0800284c   0x00000040   Code   RO          736    i.PC_USB_GetRcvData  pc_config.o
    0x0800288c   0x0800288c   0x00000040   Code   RO          737    i.PC_Usart_GetRcvData  pc_config.o
    0x080028cc   0x080028cc   0x00000058   Code   RO          738    i.PC_WirteData      pc_config.o
    0x08002924   0x08002924   0x000000b4   Code   RO          739    i.PC_WriteCard      pc_config.o
    0x080029d8   0x080029d8   0x00000028   Code   RO         1270    i.PMAToUserBufferCopy  usb_mem.o
    0x08002a00   0x08002a00   0x00000002   Code   RO          129    i.PendSV_Handler    stm32f10x_it.o
    0x08002a02   0x08002a02   0x00000002   PAD
    0x08002a04   0x08002a04   0x00000048   Code   RO         1105    i.Post0_Process     usb_core.o
    0x08002a4c   0x08002a4c   0x00000040   Code   RO         1960    i.PowerOn           usb_pwr.o
    0x08002a8c   0x08002a8c   0x00000020   Code   RO         2209    i.RCC_APB1PeriphClockCmd  stm32f10x_rcc.o
    0x08002aac   0x08002aac   0x00000020   Code   RO         2210    i.RCC_APB1PeriphResetCmd  stm32f10x_rcc.o
    0x08002acc   0x08002acc   0x00000020   Code   RO         2211    i.RCC_APB2PeriphClockCmd  stm32f10x_rcc.o
    0x08002aec   0x08002aec   0x00000020   Code   RO         2212    i.RCC_APB2PeriphResetCmd  stm32f10x_rcc.o
    0x08002b0c   0x08002b0c   0x0000005c   Code   RO          230    i.RCC_Configuration  sys.o
    0x08002b68   0x08002b68   0x0000004c   Code   RO         2218    i.RCC_DeInit        stm32f10x_rcc.o
    0x08002bb4   0x08002bb4   0x000000d4   Code   RO         2219    i.RCC_GetClocksFreq  stm32f10x_rcc.o
    0x08002c88   0x08002c88   0x0000003c   Code   RO         2220    i.RCC_GetFlagStatus  stm32f10x_rcc.o
    0x08002cc4   0x08002cc4   0x00000010   Code   RO         2222    i.RCC_GetSYSCLKSource  stm32f10x_rcc.o
    0x08002cd4   0x08002cd4   0x00000018   Code   RO         2223    i.RCC_HCLKConfig    stm32f10x_rcc.o
    0x08002cec   0x08002cec   0x0000004c   Code   RO         2224    i.RCC_HSEConfig     stm32f10x_rcc.o
    0x08002d38   0x08002d38   0x00000018   Code   RO         2230    i.RCC_PCLK1Config   stm32f10x_rcc.o
    0x08002d50   0x08002d50   0x00000018   Code   RO         2231    i.RCC_PCLK2Config   stm32f10x_rcc.o
    0x08002d68   0x08002d68   0x0000000c   Code   RO         2232    i.RCC_PLLCmd        stm32f10x_rcc.o
    0x08002d74   0x08002d74   0x0000001c   Code   RO         2233    i.RCC_PLLConfig     stm32f10x_rcc.o
    0x08002d90   0x08002d90   0x00000018   Code   RO         2236    i.RCC_SYSCLKConfig  stm32f10x_rcc.o
    0x08002da8   0x08002da8   0x0000000c   Code   RO         2237    i.RCC_USBCLKConfig  stm32f10x_rcc.o
    0x08002db4   0x08002db4   0x00000038   Code   RO         2238    i.RCC_WaitForHSEStartUp  stm32f10x_rcc.o
    0x08002dec   0x08002dec   0x0000002c   Code   RO          615    i.ReStart_Read      at24c02.o
    0x08002e18   0x08002e18   0x0000005a   Code   RO          616    i.ResStart_Write    at24c02.o
    0x08002e72   0x08002e72   0x00000002   PAD
    0x08002e74   0x08002e74   0x00000060   Code   RO          740    i.Result_StartPam   pc_config.o
    0x08002ed4   0x08002ed4   0x000000d0   Code   RO         1961    i.Resume            usb_pwr.o
    0x08002fa4   0x08002fa4   0x00000024   Code   RO         1962    i.Resume_Init       usb_pwr.o
    0x08002fc8   0x08002fc8   0x0000010c   Code   RO          999    i.SCCard_Deal       cardinfodeal.o
    0x080030d4   0x080030d4   0x00000070   Code   RO         1036    i.SCCard_Init       sccard_config.o
    0x08003144   0x08003144   0x000001a8   Code   RO         1037    i.SCCard_PCDataSpit  sccard_config.o
    0x080032ec   0x080032ec   0x0000009c   Code   RO         1038    i.SCCard_ServerDataCombine  sccard_config.o
    0x08003388   0x08003388   0x000005f4   Code   RO         1039    i.SCCard_ServerDataSpit  sccard_config.o
    0x0800397c   0x0800397c   0x00000030   Code   RO         1814    i.SOF_Callback      usb_endp.o
    0x080039ac   0x080039ac   0x00000002   Code   RO          130    i.SVC_Handler       stm32f10x_it.o
    0x080039ae   0x080039ae   0x00000002   PAD
    0x080039b0   0x080039b0   0x00000010   Code   RO         1318    i.SetBTABLE         usb_regs.o
    0x080039c0   0x080039c0   0x00000050   Code   RO         1106    i.SetDeviceAddress  usb_core.o
    0x08003a10   0x08003a10   0x00000024   Code   RO         1332    i.SetEPRxAddr       usb_regs.o
    0x08003a34   0x08003a34   0x0000004c   Code   RO         1333    i.SetEPRxCount      usb_regs.o
    0x08003a80   0x08003a80   0x00000040   Code   RO         1334    i.SetEPRxStatus     usb_regs.o
    0x08003ac0   0x08003ac0   0x00000034   Code   RO         1335    i.SetEPRxValid      usb_regs.o
    0x08003af4   0x08003af4   0x00000020   Code   RO         1336    i.SetEPTxAddr       usb_regs.o
    0x08003b14   0x08003b14   0x0000001c   Code   RO         1337    i.SetEPTxCount      usb_regs.o
    0x08003b30   0x08003b30   0x00000040   Code   RO         1338    i.SetEPTxStatus     usb_regs.o
    0x08003b70   0x08003b70   0x00000034   Code   RO         1339    i.SetEPTxValid      usb_regs.o
    0x08003ba4   0x08003ba4   0x00000024   Code   RO         1340    i.SetEPType         usb_regs.o
    0x08003bc8   0x08003bc8   0x00000008   Code   RO          507    i.SetSysClock       system_stm32f10x.o
    0x08003bd0   0x08003bd0   0x000000e0   Code   RO          508    i.SetSysClockTo72   system_stm32f10x.o
    0x08003cb0   0x08003cb0   0x00000012   Code   RO         1676    i.Set_USBClock      hw_config.o
    0x08003cc2   0x08003cc2   0x00000002   PAD
    0x08003cc4   0x08003cc4   0x000000b8   Code   RO         1107    i.Setup0_Process    usb_core.o
    0x08003d7c   0x08003d7c   0x0000016c   Code   RO         1108    i.Standard_ClearFeature  usb_core.o
    0x08003ee8   0x08003ee8   0x0000002c   Code   RO         1109    i.Standard_GetConfiguration  usb_core.o
    0x08003f14   0x08003f14   0x00000024   Code   RO         1110    i.Standard_GetDescriptorData  usb_core.o
    0x08003f38   0x08003f38   0x0000002c   Code   RO         1111    i.Standard_GetInterface  usb_core.o
    0x08003f64   0x08003f64   0x00000100   Code   RO         1112    i.Standard_GetStatus  usb_core.o
    0x08004064   0x08004064   0x00000048   Code   RO         1113    i.Standard_SetConfiguration  usb_core.o
    0x080040ac   0x080040ac   0x00000028   Code   RO         1114    i.Standard_SetDeviceFeature  usb_core.o
    0x080040d4   0x080040d4   0x000000d0   Code   RO         1115    i.Standard_SetEndPointFeature  usb_core.o
    0x080041a4   0x080041a4   0x0000006c   Code   RO         1116    i.Standard_SetInterface  usb_core.o
    0x08004210   0x08004210   0x00000096   Code   RO         3191    i.StrToDec          utils.o
    0x080042a6   0x080042a6   0x00000012   Code   RO          373    i.String_Clear      string_config.o
    0x080042b8   0x080042b8   0x0000001c   Code   RO          374    i.String_Find       string_config.o
    0x080042d4   0x080042d4   0x0000009c   Code   RO         1963    i.Suspend           usb_pwr.o
    0x08004370   0x08004370   0x00000028   Code   RO         2016    i.SysTick_CLKSourceConfig  misc.o
    0x08004398   0x08004398   0x00000002   Code   RO          131    i.SysTick_Handler   stm32f10x_it.o
    0x0800439a   0x0800439a   0x00000002   PAD
    0x0800439c   0x0800439c   0x00000060   Code   RO          510    i.SystemInit        system_stm32f10x.o
    0x080043fc   0x080043fc   0x00000078   Code   RO          132    i.TIM3_IRQHandler   stm32f10x_it.o
    0x08004474   0x08004474   0x00000006   Code   RO         2598    i.TIM_ClearITPendingBit  stm32f10x_tim.o
    0x0800447a   0x0800447a   0x00000018   Code   RO         2603    i.TIM_Cmd           stm32f10x_tim.o
    0x08004492   0x08004492   0x00000022   Code   RO         2624    i.TIM_GetITStatus   stm32f10x_tim.o
    0x080044b4   0x080044b4   0x00000070   Code   RO          357    i.TIM_Heart_Init    timer_heart.o
    0x08004524   0x08004524   0x00000012   Code   RO         2628    i.TIM_ITConfig      stm32f10x_tim.o
    0x08004536   0x08004536   0x00000002   PAD
    0x08004538   0x08004538   0x000000a4   Code   RO         2674    i.TIM_TimeBaseInit  stm32f10x_tim.o
    0x080045dc   0x080045dc   0x00000070   Code   RO          133    i.USART1_IRQHandler  stm32f10x_it.o
    0x0800464c   0x0800464c   0x00000070   Code   RO          134    i.USART2_IRQHandler  stm32f10x_it.o
    0x080046bc   0x080046bc   0x00000012   Code   RO         2407    i.USART_ClearFlag   stm32f10x_usart.o
    0x080046ce   0x080046ce   0x00000018   Code   RO         2411    i.USART_Cmd         stm32f10x_usart.o
    0x080046e6   0x080046e6   0x00000002   PAD
    0x080046e8   0x080046e8   0x0000001c   Code   RO         1677    i.USART_Config      hw_config.o
    0x08004704   0x08004704   0x0000009c   Code   RO         2413    i.USART_DeInit      stm32f10x_usart.o
    0x080047a0   0x080047a0   0x0000001a   Code   RO         2414    i.USART_GetFlagStatus  stm32f10x_usart.o
    0x080047ba   0x080047ba   0x00000002   PAD
    0x080047bc   0x080047bc   0x00000084   Code   RO          411    i.USART_HDMI_Init   usart3_hdmi.o
    0x08004840   0x08004840   0x00000038   Code   RO          412    i.USART_HDMI_SendB  usart3_hdmi.o
    0x08004878   0x08004878   0x0000002c   Code   RO          413    i.USART_HDMI_SendS  usart3_hdmi.o
    0x080048a4   0x080048a4   0x0000004a   Code   RO         2417    i.USART_ITConfig    stm32f10x_usart.o
    0x080048ee   0x080048ee   0x00000002   PAD
    0x080048f0   0x080048f0   0x000000d8   Code   RO         2418    i.USART_Init        stm32f10x_usart.o
    0x080049c8   0x080049c8   0x000000a8   Code   RO          460    i.USART_M6312_Init  usart1_m6312.o
    0x08004a70   0x08004a70   0x00000088   Code   RO          461    i.USART_M6312_SendCmd  usart1_m6312.o
    0x08004af8   0x08004af8   0x00000038   Code   RO          462    i.USART_M6312_Write  usart1_m6312.o
    0x08004b30   0x08004b30   0x000000a8   Code   RO          435    i.USART_PC_Init     usart2_pc.o
    0x08004bd8   0x08004bd8   0x00000030   Code   RO          741    i.USART_PC_SendData  pc_config.o
    0x08004c08   0x08004c08   0x00000038   Code   RO          436    i.USART_PC_Write    usart2_pc.o
    0x08004c40   0x08004c40   0x00000008   Code   RO         2428    i.USART_SendData    stm32f10x_usart.o
    0x08004c48   0x08004c48   0x0000000c   Code   RO         1678    i.USBWakeUp_IRQHandler  hw_config.o
    0x08004c54   0x08004c54   0x0000002c   Code   RO          676    i.USB_CONFIG_Init   usb_config.o
    0x08004c80   0x08004c80   0x00000002   Code   RO         1679    i.USB_Cable_Config  hw_config.o
    0x08004c82   0x08004c82   0x00000002   PAD
    0x08004c84   0x08004c84   0x0000003c   Code   RO         1217    i.USB_Init          usb_init.o
    0x08004cc0   0x08004cc0   0x00000058   Code   RO         1682    i.USB_Interrupts_Config  hw_config.o
    0x08004d18   0x08004d18   0x000001d0   Code   RO         1840    i.USB_Istr          usb_istr.o
    0x08004ee8   0x08004ee8   0x00000008   Code   RO         1683    i.USB_LP_CAN1_RX0_IRQHandler  hw_config.o
    0x08004ef0   0x08004ef0   0x0000002c   Code   RO          677    i.USB_PC_SendData   usb_config.o
    0x08004f1c   0x08004f1c   0x00000058   Code   RO         1684    i.USB_Port_Set      hw_config.o
    0x08004f74   0x08004f74   0x00000024   Code   RO         1648    i.USB_SIL_Init      usb_sil.o
    0x08004f98   0x08004f98   0x0000002e   Code   RO         1649    i.USB_SIL_Read      usb_sil.o
    0x08004fc6   0x08004fc6   0x00000002   PAD
    0x08004fc8   0x08004fc8   0x00000084   Code   RO         1685    i.USB_To_USART_Send_Data  hw_config.o
    0x0800504c   0x0800504c   0x00000030   Code   RO         1686    i.USB_USART_SendData  hw_config.o
    0x0800507c   0x0800507c   0x00000020   Code   RO         1687    i.USB_Write         hw_config.o
    0x0800509c   0x0800509c   0x00000004   Code   RO          135    i.UsageFault_Handler  stm32f10x_it.o
    0x080050a0   0x080050a0   0x00000038   Code   RO         1271    i.UserToPMABufferCopy  usb_mem.o
    0x080050d8   0x080050d8   0x00000064   Code   RO         1858    i.Virtual_Com_Port_Data_Setup  usb_prop.o
    0x0800513c   0x0800513c   0x00000014   Code   RO         1859    i.Virtual_Com_Port_GetConfigDescriptor  usb_prop.o
    0x08005150   0x08005150   0x00000014   Code   RO         1860    i.Virtual_Com_Port_GetDeviceDescriptor  usb_prop.o
    0x08005164   0x08005164   0x0000001c   Code   RO         1861    i.Virtual_Com_Port_GetLineCoding  usb_prop.o
    0x08005180   0x08005180   0x00000028   Code   RO         1862    i.Virtual_Com_Port_GetStringDescriptor  usb_prop.o
    0x080051a8   0x080051a8   0x00000016   Code   RO         1863    i.Virtual_Com_Port_Get_Interface_Setting  usb_prop.o
    0x080051be   0x080051be   0x00000002   PAD
    0x080051c0   0x080051c0   0x00000028   Code   RO         1864    i.Virtual_Com_Port_NoData_Setup  usb_prop.o
    0x080051e8   0x080051e8   0x000000e8   Code   RO         1865    i.Virtual_Com_Port_Reset  usb_prop.o
    0x080052d0   0x080052d0   0x00000018   Code   RO         1866    i.Virtual_Com_Port_SetConfiguration  usb_prop.o
    0x080052e8   0x080052e8   0x0000000c   Code   RO         1867    i.Virtual_Com_Port_SetDeviceAddress  usb_prop.o
    0x080052f4   0x080052f4   0x0000001c   Code   RO         1868    i.Virtual_Com_Port_SetLineCoding  usb_prop.o
    0x08005310   0x08005310   0x0000001c   Code   RO         1869    i.Virtual_Com_Port_Status_In  usb_prop.o
    0x0800532c   0x0800532c   0x00000002   Code   RO         1870    i.Virtual_Com_Port_Status_Out  usb_prop.o
    0x0800532e   0x0800532e   0x00000002   PAD
    0x08005330   0x08005330   0x00000028   Code   RO         1871    i.Virtual_Com_Port_init  usb_prop.o
    0x08005358   0x08005358   0x00000018   Code   RO          136    i.WWDG_IRQHandler   stm32f10x_it.o
    0x08005370   0x08005370   0x0000000e   Code   RO         3273    i.__scatterload_copy  mc_w.l(handlers.o)
    0x0800537e   0x0800537e   0x00000002   Code   RO         3274    i.__scatterload_null  mc_w.l(handlers.o)
    0x08005380   0x08005380   0x0000000e   Code   RO         3275    i.__scatterload_zeroinit  mc_w.l(handlers.o)
    0x0800538e   0x0800538e   0x00000002   PAD
    0x08005390   0x08005390   0x00000044   Code   RO          253    i.delay_init        systick.o
    0x080053d4   0x080053d4   0x0000004c   Code   RO          254    i.delay_ms          systick.o
    0x08005420   0x08005420   0x0000004c   Code   RO          255    i.delay_us          systick.o
    0x0800546c   0x0800546c   0x00000144   Code   RO            1    i.main              main.o
    0x080055b0   0x080055b0   0x00000003   Data   RO          618    .constdata          at24c02.o
    0x080055b3   0x080055b3   0x000000b1   Data   RO         1799    .constdata          usb_desc.o
    0x08005664   0x08005664   0x00000056   Data   RO          619    .conststring        at24c02.o
    0x080056ba   0x080056ba   0x00000002   PAD
    0x080056bc   0x080056bc   0x00000020   Data   RO         3271    Region$$Table       anon$$obj.o


    Execution Region RW_IRAM1 (Exec base: 0x20000000, Load base: 0x080056dc, Size: 0x00001d20, Max: 0x00005000, ABSOLUTE, COMPRESSED[0x0000009c])

    Exec Addr    Load Addr    Size         Type   Attr      Idx    E Section Name        Object

    0x20000000   COMPRESSED   0x00000004   Data   RW          256    .data               systick.o
    0x20000004   COMPRESSED   0x00000004   Data   RW          438    .data               usart2_pc.o
    0x20000008   COMPRESSED   0x00000008   Data   RW          466    .data               usart1_m6312.o
    0x20000010   COMPRESSED   0x00000014   Data   RW          511    .data               system_stm32f10x.o
    0x20000024   COMPRESSED   0x00000003   Data   RW          551    .data               m6312.o
    0x20000027   COMPRESSED   0x00000001   PAD
    0x20000028   COMPRESSED   0x00000004   Data   RW          620    .data               at24c02.o
    0x2000002c   COMPRESSED   0x00000002   Data   RW          743    .data               pc_config.o
    0x2000002e   COMPRESSED   0x00000002   PAD
    0x20000030   COMPRESSED   0x00000014   Data   RW          977    .data               timer_deal.o
    0x20000044   COMPRESSED   0x00000004   Data   RW         1019    .data               hxcard_config.o
    0x20000048   COMPRESSED   0x00000004   Data   RW         1040    .data               sccard_config.o
    0x2000004c   COMPRESSED   0x00000003   Data   RW         1117    .data               usb_core.o
    0x2000004f   COMPRESSED   0x00000001   PAD
    0x20000050   COMPRESSED   0x00000014   Data   RW         1219    .data               usb_init.o
    0x20000064   COMPRESSED   0x00000004   Data   RW         1242    .data               usb_int.o
    0x20000068   COMPRESSED   0x00000008   Data   RW         1689    .data               hw_config.o
    0x20000070   COMPRESSED   0x0000001a   Data   RW         1800    .data               usb_desc.o
    0x2000008a   COMPRESSED   0x00000002   PAD
    0x2000008c   COMPRESSED   0x00000004   Data   RW         1816    .data               usb_endp.o
    0x20000090   COMPRESSED   0x00000044   Data   RW         1841    .data               usb_istr.o
    0x200000d4   COMPRESSED   0x00000094   Data   RW         1872    .data               usb_prop.o
    0x20000168   COMPRESSED   0x0000000c   Data   RW         1965    .data               usb_pwr.o
    0x20000174   COMPRESSED   0x00000014   Data   RW         2239    .data               stm32f10x_rcc.o
    0x20000188        -       0x00000443   Zero   RW          437    .bss                usart2_pc.o
    0x200005cb        -       0x00000443   Zero   RW          465    .bss                usart1_m6312.o
    0x20000a0e        -       0x00000082   Zero   RW          550    .bss                m6312.o
    0x20000a90        -       0x000000e2   Zero   RW          617    .bss                at24c02.o
    0x20000b72        -       0x000000dc   Zero   RW          742    .bss                pc_config.o
    0x20000c4e        -       0x00000064   Zero   RW          976    .bss                timer_deal.o
    0x20000cb2        -       0x000003e8   Zero   RW         1000    .bss                cardinfodeal.o
    0x2000109a   COMPRESSED   0x00000002   PAD
    0x2000109c        -       0x0000001c   Zero   RW         1218    .bss                usb_init.o
    0x200010b8        -       0x00000804   Zero   RW         1688    .bss                hw_config.o
    0x200018bc        -       0x00000040   Zero   RW         1815    .bss                usb_endp.o
    0x200018fc        -       0x00000020   Zero   RW         1964    .bss                usb_pwr.o
    0x2000191c   COMPRESSED   0x00000004   PAD
    0x20001920        -       0x00000400   Zero   RW         1090    STACK               startup_stm32f10x_md.o


==============================================================================

Image component sizes


      Code (inc. data)   RO Data    RW Data    ZI Data      Debug   Object Name

       668         20         89          4        226       7592   at24c02.o
       168         28          0          0          0        599   bsp_config.o
       268         86          0          0       1000       2094   cardinfodeal.o
      1168        472          0          0          0       7824   hdmi_t050.o
       614         62          0          8       2052      11618   hw_config.o
       112          4          0          4          0       1586   hxcard_config.o
       620         50          0          0          0       5689   iic_24c02.o
      1888        410          0          3        130       8284   m6312.o
       324         58          0          0          0     251285   main.o
       172         22          0          0          0       2285   misc.o
        96         16          0          0          0       2090   pam8406_config.o
      1310        302          0          2        220      11788   pc_config.o
      2216        512          0          4          0       6525   sccard_config.o
        36          8        236          0       1024        868   startup_stm32f10x_md.o
       200         18          0          0          0       2336   stm32f10x_exti.o
       512         10          0          0          0       5432   stm32f10x_gpio.o
       674        164          0          0          0      16102   stm32f10x_it.o
       772        110          0         20          0      12867   stm32f10x_rcc.o
       246         42          0          0          0       3842   stm32f10x_tim.o
       522         28          0          0          0       6370   stm32f10x_usart.o
       172          0          0          0          0       3573   string_config.o
       104          0          0          0          0       1113   sys.o
       328         28          0         20          0       2601   system_stm32f10x.o
       220         26          0          4          0       1907   systick.o
       256         56          0         20        100       2010   timer_deal.o
       112          6          0          0          0        817   timer_heart.o
       360         26          0          8       1091       4725   usart1_m6312.o
       224         14          0          4       1091       2389   usart2_pc.o
       232         20          0          0          0       2008   usart3_hdmi.o
        88         10          0          0          0       4088   usb_config.o
      3058        288          0          3          0      16079   usb_core.o
         0          0        177         26          0       1307   usb_desc.o
       224         20          0          4         64       2664   usb_endp.o
        60         24          0         20         28       4510   usb_init.o
       648         32          0          4          0       2076   usb_int.o
       464         38          0         68          0       1899   usb_istr.o
        96         10          0          0          0       2116   usb_mem.o
       636        104          0        148          0      12605   usb_prop.o
       464         52          0         12         32       4116   usb_pwr.o
       712        100          0          0          0      11219   usb_regs.o
        82          8          0          0          0       1810   usb_sil.o
       150          0          0          0          0        863   utils.o

    ----------------------------------------------------------------------
     21316       3284        536        392       7064     453571   Object Totals
         0          0         32          0          0          0   (incl. Generated)
        40          0          2          6          6          0   (incl. Padding)

    ----------------------------------------------------------------------

      Code (inc. data)   RO Data    RW Data    ZI Data      Debug   Library Member Name

        86          0          0          0          0          0   __dczerorl2.o
         0          0          0          0          0          0   entry.o
         0          0          0          0          0          0   entry10a.o
         0          0          0          0          0          0   entry11a.o
         4          0          0          0          0          0   entry12b.o
         8          4          0          0          0          0   entry2.o
         4          0          0          0          0          0   entry5.o
         0          0          0          0          0          0   entry7b.o
         0          0          0          0          0          0   entry8b.o
         8          4          0          0          0          0   entry9a.o
        30          0          0          0          0          0   handlers.o
        36          8          0          0          0         68   init.o
        36          0          0          0          0         68   memcpya.o
        36          0          0          0          0        108   memseta.o
        24          0          0          0          0         68   strcat.o
        28          0          0          0          0         76   strcmp.o
        18          0          0          0          0         68   strcpy.o
        14          0          0          0          0         68   strlen.o
        36          0          0          0          0         80   strstr.o
        12          0          0          0          0         68   toupper.o

    ----------------------------------------------------------------------
       384         16          0          0          0        672   Library Totals
         4          0          0          0          0          0   (incl. Padding)

    ----------------------------------------------------------------------

      Code (inc. data)   RO Data    RW Data    ZI Data      Debug   Library Name

       380         16          0          0          0        672   mc_w.l

    ----------------------------------------------------------------------
       384         16          0          0          0        672   Library Totals

    ----------------------------------------------------------------------

==============================================================================


      Code (inc. data)   RO Data    RW Data    ZI Data      Debug   

     21700       3300        536        392       7064     442723   Grand Totals
     21700       3300        536        156       7064     442723   ELF Image Totals (compressed)
     21700       3300        536        156          0          0   ROM Totals

==============================================================================

    Total RO  Size (Code + RO Data)                22236 (  21.71kB)
    Total RW  Size (RW Data + ZI Data)              7456 (   7.28kB)
    Total ROM Size (Code + RO Data + RW Data)      22392 (  21.87kB)

==============================================================================

