Component: ARM Compiler 5.06 update 7 (build 960) Tool: armlink [4d3601]

==============================================================================

Section Cross References

    main.o(i.main) refers to bsp_config.o(i.BSP_Init) for BSP_Init
    main.o(i.main) refers to stm32f10x_tim.o(i.TIM_Cmd) for TIM_Cmd
    main.o(i.main) refers to hdmi_t050.o(i.HDMIShowWait) for HDMIShowWait
    main.o(i.main) refers to cardinfodeal.o(i.SCCard_Deal) for SCCard_Deal
    main.o(i.main) refers to hxcard_config.o(.data) for HXCardIsInter
    main.o(i.main) refers to timer_deal.o(.data) for sec
    main.o(i.main) refers to sccard_config.o(.data) for SCCardIsInter
    main.o(i.main) refers to timer_deal.o(.data) for TimeIsInter
    stm32f10x_it.o(i.EXTI1_IRQHandler) refers to stm32f10x_exti.o(i.EXTI_GetITStatus) for EXTI_GetITStatus
    stm32f10x_it.o(i.EXTI1_IRQHandler) refers to systick.o(i.delay_ms) for delay_ms
    stm32f10x_it.o(i.EXTI1_IRQHandler) refers to stm32f10x_exti.o(i.EXTI_ClearITPendingBit) for EXTI_ClearITPendingBit
    stm32f10x_it.o(i.EXTI1_IRQHandler) refers to stm32f10x_gpio.o(i.GPIO_ReadInputDataBit) for GPIO_ReadInputDataBit
    stm32f10x_it.o(i.EXTI1_IRQHandler) refers to hdmi_t050.o(i.HDMIShowInfo) for HDMIShowInfo
    stm32f10x_it.o(i.EXTI1_IRQHandler) refers to m6312.o(.data) for M6312_Connecting
    stm32f10x_it.o(i.EXTI1_IRQHandler) refers to pc_config.o(.data) for PC_Connecting
    stm32f10x_it.o(i.EXTI1_IRQHandler) refers to hxcard_config.o(.data) for HXCardIsInter
    stm32f10x_it.o(i.EXTI9_5_IRQHandler) refers to stm32f10x_exti.o(i.EXTI_GetITStatus) for EXTI_GetITStatus
    stm32f10x_it.o(i.EXTI9_5_IRQHandler) refers to systick.o(i.delay_ms) for delay_ms
    stm32f10x_it.o(i.EXTI9_5_IRQHandler) refers to stm32f10x_exti.o(i.EXTI_ClearITPendingBit) for EXTI_ClearITPendingBit
    stm32f10x_it.o(i.EXTI9_5_IRQHandler) refers to stm32f10x_gpio.o(i.GPIO_ReadInputDataBit) for GPIO_ReadInputDataBit
    stm32f10x_it.o(i.EXTI9_5_IRQHandler) refers to hdmi_t050.o(i.HDMIShowInfo) for HDMIShowInfo
    stm32f10x_it.o(i.EXTI9_5_IRQHandler) refers to m6312.o(.data) for M6312_Connecting
    stm32f10x_it.o(i.EXTI9_5_IRQHandler) refers to pc_config.o(.data) for PC_Connecting
    stm32f10x_it.o(i.EXTI9_5_IRQHandler) refers to sccard_config.o(.data) for SCCardIsInter
    stm32f10x_it.o(i.TIM3_IRQHandler) refers to stm32f10x_tim.o(i.TIM_Cmd) for TIM_Cmd
    stm32f10x_it.o(i.TIM3_IRQHandler) refers to stm32f10x_tim.o(i.TIM_GetITStatus) for TIM_GetITStatus
    stm32f10x_it.o(i.TIM3_IRQHandler) refers to stm32f10x_tim.o(i.TIM_ClearITPendingBit) for TIM_ClearITPendingBit
    stm32f10x_it.o(i.TIM3_IRQHandler) refers to timer_deal.o(.data) for sec
    stm32f10x_it.o(i.TIM3_IRQHandler) refers to timer_deal.o(.data) for TimeIsInter
    stm32f10x_it.o(i.USART1_IRQHandler) refers to stm32f10x_usart.o(i.USART_GetFlagStatus) for USART_GetFlagStatus
    stm32f10x_it.o(i.USART1_IRQHandler) refers to stm32f10x_usart.o(i.USART_ClearFlag) for USART_ClearFlag
    stm32f10x_it.o(i.USART1_IRQHandler) refers to stm32f10x_usart.o(i.USART_ITConfig) for USART_ITConfig
    stm32f10x_it.o(i.USART1_IRQHandler) refers to usart1_m6312.o(.data) for usart1_rcv_len
    stm32f10x_it.o(i.USART1_IRQHandler) refers to usart1_m6312.o(.bss) for usart1_rcv_buf
    stm32f10x_it.o(i.USART2_IRQHandler) refers to stm32f10x_usart.o(i.USART_GetFlagStatus) for USART_GetFlagStatus
    stm32f10x_it.o(i.USART2_IRQHandler) refers to stm32f10x_usart.o(i.USART_ClearFlag) for USART_ClearFlag
    stm32f10x_it.o(i.USART2_IRQHandler) refers to stm32f10x_usart.o(i.USART_ITConfig) for USART_ITConfig
    stm32f10x_it.o(i.USART2_IRQHandler) refers to usart2_pc.o(.data) for usart2_rcv_len
    stm32f10x_it.o(i.USART2_IRQHandler) refers to usart2_pc.o(.bss) for usart2_rcv_buf
    sys.o(i.NVIC_Configuration) refers to misc.o(i.NVIC_PriorityGroupConfig) for NVIC_PriorityGroupConfig
    sys.o(i.RCC_Configuration) refers to stm32f10x_rcc.o(i.RCC_DeInit) for RCC_DeInit
    sys.o(i.RCC_Configuration) refers to system_stm32f10x.o(i.SystemInit) for SystemInit
    sys.o(i.RCC_Configuration) refers to stm32f10x_rcc.o(i.RCC_HSEConfig) for RCC_HSEConfig
    sys.o(i.RCC_Configuration) refers to stm32f10x_rcc.o(i.RCC_WaitForHSEStartUp) for RCC_WaitForHSEStartUp
    sys.o(i.RCC_Configuration) refers to stm32f10x_rcc.o(i.RCC_HCLKConfig) for RCC_HCLKConfig
    sys.o(i.RCC_Configuration) refers to stm32f10x_rcc.o(i.RCC_PCLK1Config) for RCC_PCLK1Config
    sys.o(i.RCC_Configuration) refers to stm32f10x_rcc.o(i.RCC_PCLK2Config) for RCC_PCLK2Config
    sys.o(i.RCC_Configuration) refers to stm32f10x_rcc.o(i.RCC_PLLConfig) for RCC_PLLConfig
    sys.o(i.RCC_Configuration) refers to stm32f10x_rcc.o(i.RCC_PLLCmd) for RCC_PLLCmd
    sys.o(i.RCC_Configuration) refers to stm32f10x_rcc.o(i.RCC_GetFlagStatus) for RCC_GetFlagStatus
    sys.o(i.RCC_Configuration) refers to stm32f10x_rcc.o(i.RCC_SYSCLKConfig) for RCC_SYSCLKConfig
[...]
    i.RCC_GetClocksFreq                      0x0800252c   Section        0  stm32f10x_rcc.o(i.RCC_GetClocksFreq)
    i.RCC_GetFlagStatus                      0x080025c0   Section        0  stm32f10x_rcc.o(i.RCC_GetFlagStatus)
    i.RCC_GetSYSCLKSource                    0x080025f0   Section        0  stm32f10x_rcc.o(i.RCC_GetSYSCLKSource)
    i.RCC_HCLKConfig                         0x08002600   Section        0  stm32f10x_rcc.o(i.RCC_HCLKConfig)
    i.RCC_HSEConfig                          0x08002614   Section        0  stm32f10x_rcc.o(i.RCC_HSEConfig)
    i.RCC_PCLK1Config                        0x08002648   Section        0  stm32f10x_rcc.o(i.RCC_PCLK1Config)
    i.RCC_PCLK2Config                        0x0800265c   Section        0  stm32f10x_rcc.o(i.RCC_PCLK2Config)
    i.RCC_PLLCmd                             0x08002670   Section        0  stm32f10x_rcc.o(i.RCC_PLLCmd)
    i.RCC_PLLConfig                          0x0800267c   Section        0  stm32f10x_rcc.o(i.RCC_PLLConfig)
    i.RCC_SYSCLKConfig                       0x08002690   Section        0  stm32f10x_rcc.o(i.RCC_SYSCLKConfig)
    i.RCC_USBCLKConfig                       0x080026a4   Section        0  stm32f10x_rcc.o(i.RCC_USBCLKConfig)
    i.RCC_WaitForHSEStartUp                  0x080026b0   Section        0  stm32f10x_rcc.o(i.RCC_WaitForHSEStartUp)
    i.Resume                                 0x080026dc   Section        0  usb_pwr.o(i.Resume)
    i.Resume_Init                            0x08002770   Section        0  usb_pwr.o(i.Resume_Init)
    i.SCCard_Deal                            0x08002790   Section        0  cardinfodeal.o(i.SCCard_Deal)
    i.SCCard_Init                            0x08002844   Section        0  sccard_config.o(i.SCCard_Init)
    i.SCCard_PCDataSpit                      0x080028ac   Section        0  sccard_config.o(i.SCCard_PCDataSpit)
    i.SCCard_ServerDataCombine               0x08002a40   Section        0  sccard_config.o(i.SCCard_ServerDataCombine)
    i.SCCard_ServerDataSpit                  0x08002ad4   Section        0  sccard_config.o(i.SCCard_ServerDataSpit)
    i.SOF_Callback                           0x08003064   Section        0  usb_endp.o(i.SOF_Callback)
    i.SVC_Handler                            0x0800308c   Section        0  stm32f10x_it.o(i.SVC_Handler)
    i.SetBTABLE                              0x08003090   Section        0  usb_regs.o(i.SetBTABLE)
    i.SetDeviceAddress                       0x080030a0   Section        0  usb_core.o(i.SetDeviceAddress)
    i.SetEPRxAddr                            0x080030e8   Section        0  usb_regs.o(i.SetEPRxAddr)
    i.SetEPRxCount                           0x08003108   Section        0  usb_regs.o(i.SetEPRxCount)
    i.SetEPRxStatus                          0x08003148   Section        0  usb_regs.o(i.SetEPRxStatus)
    i.SetEPRxValid                           0x08003178   Section        0  usb_regs.o(i.SetEPRxValid)
    i.SetEPTxAddr                            0x0800319c   Section        0  usb_regs.o(i.SetEPTxAddr)
    i.SetEPTxCount                           0x080031bc   Section        0  usb_regs.o(i.SetEPTxCount)
    i.SetEPTxStatus                          0x080031d8   Section        0  usb_regs.o(i.SetEPTxStatus)
    i.SetEPTxValid                           0x08003208   Section        0  usb_regs.o(i.SetEPTxValid)
    i.SetEPType                              0x0800322c   Section        0  usb_regs.o(i.SetEPType)
    i.SetSysClockTo72                        0x08003248   Section        0  system_stm32f10x.o(i.SetSysClockTo72)
    SetSysClockTo72                          0x08003249   Thumb Code   160  system_stm32f10x.o(i.SetSysClockTo72)
    i.Set_USBClock                           0x080032f0   Section        0  hw_config.o(i.Set_USBClock)
    i.Setup0_Process                         0x08003304   Section        0  usb_core.o(i.Setup0_Process)
    i.Standard_ClearFeature                  0x0800336c   Section        0  usb_core.o(i.Standard_ClearFeature)
    i.Standard_GetConfiguration              0x08003468   Section        0  usb_core.o(i.Standard_GetConfiguration)
    i.Standard_GetDescriptorData             0x08003490   Section        0  usb_core.o(i.Standard_GetDescriptorData)
    i.Standard_GetInterface                  0x080034ac   Section        0  usb_core.o(i.Standard_GetInterface)
    i.Standard_GetStatus                     0x080034d4   Section        0  usb_core.o(i.Standard_GetStatus)
    i.Standard_SetConfiguration              0x08003568   Section        0  usb_core.o(i.Standard_SetConfiguration)
    i.Standard_SetDeviceFeature              0x080035a0   Section        0  usb_core.o(i.Standard_SetDeviceFeature)
    i.Standard_SetEndPointFeature            0x080035c4   Section        0  usb_core.o(i.Standard_SetEndPointFeature)
    i.Standard_SetInterface                  0x0800364c   Section        0  usb_core.o(i.Standard_SetInterface)
    i.StrToDec                               0x08003694   Section        0  utils.o(i.StrToDec)
    i.String_Clear                           0x080036fa   Section        0  string_config.o(i.String_Clear)
    i.String_Find                            0x0800370a   Section        0  string_config.o(i.String_Find)
    i.Suspend                                0x08003724   Section        0  usb_pwr.o(i.Suspend)
    i.SysTick_CLKSourceConfig                0x080037a4   Section        0  misc.o(i.SysTick_CLKSourceConfig)
    i.SysTick_Handler                        0x080037bc   Section        0  stm32f10x_it.o(i.SysTick_Handler)
    i.SystemInit                             0x080037c0   Section        0  system_stm32f10x.o(i.SystemInit)
    i.TIM3_IRQHandler                        0x08003810   Section        0  stm32f10x_it.o(i.TIM3_IRQHandler)
    i.TIM_ClearITPendingBit                  0x08003860   Section        0  stm32f10x_tim.o(i.TIM_ClearITPendingBit)
    i.TIM_Cmd                                0x08003866   Section        0  stm32f10x_tim.o(i.TIM_Cmd)
    i.TIM_GetITStatus                        0x0800387a   Section        0  stm32f10x_tim.o(i.TIM_GetITStatus)
    i.TIM_Heart_Init                         0x08003894   Section        0  timer_heart.o(i.TIM_Heart_Init)
    i.TIM_ITConfig                           0x08003900   Section        0  stm32f10x_tim.o(i.TIM_ITConfig)
    i.TIM_TimeBaseInit                       0x08003910   Section        0  stm32f10x_tim.o(i.TIM_TimeBaseInit)
    i.USART1_IRQHandler                      0x080039ac   Section        0  stm32f10x_it.o(i.USART1_IRQHandler)
    i.USART2_IRQHandler                      0x08003a10   Section        0  stm32f10x_it.o(i.USART2_IRQHandler)
    i.USART_ClearFlag                        0x08003a74   Section        0  stm32f10x_usart.o(i.USART_ClearFlag)
    i.USART_Cmd                              0x08003a7a   Section        0  stm32f10x_usart.o(i.USART_Cmd)
    i.USART_Config                           0x08003a90   Section        0  hw_config.o(i.USART_Config)
    i.USART_DeInit                           0x08003aac   Section        0  stm32f10x_usart.o(i.USART_DeInit)
    i.USART_GetFlagStatus                    0x08003b20   Section        0  stm32f10x_usart.o(i.USART_GetFlagStatus)
    i.USART_HDMI_Init                        0x08003b30   Section        0  usart3_hdmi.o(i.USART_HDMI_Init)
    i.USART_HDMI_SendB                       0x08003bb4   Section        0  usart3_hdmi.o(i.USART_HDMI_SendB)
    i.USART_HDMI_SendS                       0x08003bec   Section        0  usart3_hdmi.o(i.USART_HDMI_SendS)
    i.USART_ITConfig                         0x08003c14   Section        0  stm32f10x_usart.o(i.USART_ITConfig)
    i.USART_Init                             0x08003c44   Section        0  stm32f10x_usart.o(i.USART_Init)
    i.USART_M6312_Init                       0x08003cf0   Section        0  usart1_m6312.o(i.USART_M6312_Init)
    i.USART_M6312_SendCmd                    0x08003d94   Section        0  usart1_m6312.o(i.USART_M6312_SendCmd)
    i.USART_M6312_Write                      0x08003e14   Section        0  usart1_m6312.o(i.USART_M6312_Write)
    i.USART_PC_Init                          0x08003e50   Section        0  usart2_pc.o(i.USART_PC_Init)
    i.USART_PC_SendData                      0x08003efc   Section        0  pc_config.o(i.USART_PC_SendData)
    i.USART_PC_Write                         0x08003f30   Section        0  usart2_pc.o(i.USART_PC_Write)
    i.USART_SendData                         0x08003f6c   Section        0  stm32f10x_usart.o(i.USART_SendData)
    i.USBWakeUp_IRQHandler                   0x08003f74   Section        0  hw_config.o(i.USBWakeUp_IRQHandler)
    i.USB_CONFIG_Init                        0x08003f7c   Section        0  usb_config.o(i.USB_CONFIG_Init)
    i.USB_Cable_Config                       0x08003faa   Section        0  hw_config.o(i.USB_Cable_Config)
    i.USB_Init                               0x08003fac   Section        0  usb_init.o(i.USB_Init)
    i.USB_Interrupts_Config                  0x08003fd4   Section        0  hw_config.o(i.USB_Interrupts_Config)
    i.USB_Istr                               0x08004024   Section        0  usb_istr.o(i.USB_Istr)
    i.USB_LP_CAN1_RX0_IRQHandler             0x08004170   Section        0  hw_config.o(i.USB_LP_CAN1_RX0_IRQHandler)
    i.USB_PC_SendData                        0x08004174   Section        0  usb_config.o(i.USB_PC_SendData)
    i.USB_Port_Set                           0x080041a4   Section        0  hw_config.o(i.USB_Port_Set)
    i.USB_SIL_Init                           0x080041f0   Section        0  usb_sil.o(i.USB_SIL_Init)
    i.USB_SIL_Read                           0x08004210   Section        0  usb_sil.o(i.USB_SIL_Read)
    i.USB_To_USART_Send_Data                 0x08004234   Section        0  hw_config.o(i.USB_To_USART_Send_Data)
    i.USB_USART_SendData                     0x0800428c   Section        0  hw_config.o(i.USB_USART_SendData)
    i.USB_Write                              0x080042b4   Section        0  hw_config.o(i.USB_Write)
    i.UsageFault_Handler                     0x080042d2   Section        0  stm32f10x_it.o(i.UsageFault_Handler)
    i.UserToPMABufferCopy                    0x080042d4   Section        0  usb_mem.o(i.UserToPMABufferCopy)
    i.Virtual_Com_Port_Data_Setup            0x080042fc   Section        0  usb_prop.o(i.Virtual_Com_Port_Data_Setup)
    i.Virtual_Com_Port_GetConfigDescriptor   0x08004350   Section        0  usb_prop.o(i.Virtual_Com_Port_GetConfigDescriptor)
    i.Virtual_Com_Port_GetDeviceDescriptor   0x0800435c   Section        0  usb_prop.o(i.Virtual_Com_Port_GetDeviceDescriptor)
    i.Virtual_Com_Port_GetLineCoding         0x08004368   Section        0  usb_prop.o(i.Virtual_Com_Port_GetLineCoding)
    i.Virtual_Com_Port_GetStringDescriptor   0x08004384   Section        0  usb_prop.o(i.Virtual_Com_Port_GetStringDescriptor)
    i.Virtual_Com_Port_Get_Interface_Setting 0x080043a4   Section        0  usb_prop.o(i.Virtual_Com_Port_Get_Interface_Setting)
    i.Virtual_Com_Port_NoData_Setup          0x080043b4   Section        0  usb_prop.o(i.Virtual_Com_Port_NoData_Setup)
    i.Virtual_Com_Port_Reset                 0x080043d8   Section        0  usb_prop.o(i.Virtual_Com_Port_Reset)
    i.Virtual_Com_Port_SetConfiguration      0x080044b8   Section        0  usb_prop.o(i.Virtual_Com_Port_SetConfiguration)
    i.Virtual_Com_Port_SetDeviceAddress      0x080044d0   Section        0  usb_prop.o(i.Virtual_Com_Port_SetDeviceAddress)
    i.Virtual_Com_Port_SetLineCoding         0x080044dc   Section        0  usb_prop.o(i.Virtual_Com_Port_SetLineCoding)
    i.Virtual_Com_Port_Status_In             0x080044f8   Section        0  usb_prop.o(i.Virtual_Com_Port_Status_In)
    i.Virtual_Com_Port_Status_Out            0x08004510   Section        0  usb_prop.o(i.Virtual_Com_Port_Status_Out)
    i.Virtual_Com_Port_init                  0x08004514   Section        0  usb_prop.o(i.Virtual_Com_Port_init)
    i.WWDG_IRQHandler                        0x08004538   Section        0  stm32f10x_it.o(i.WWDG_IRQHandler)
    i.__scatterload_copy                     0x08004550   Section       14  handlers.o(i.__scatterload_copy)
    i.__scatterload_null                     0x0800455e   Section        2  handlers.o(i.__scatterload_null)
    i.__scatterload_zeroinit                 0x08004560   Section       14  handlers.o(i.__scatterload_zeroinit)
    i.delay_init                             0x08004570   Section        0  systick.o(i.delay_init)
    i.delay_ms                               0x080045ac   Section        0  systick.o(i.delay_ms)
    i.delay_us                               0x080045e0   Section        0  systick.o(i.delay_us)
    i.main                                   0x08004614   Section        0  main.o(i.main)
    .constdata                               0x08004674   Section       18  usb_desc.o(.constdata)
    .constdata                               0x08004686   Section       67  usb_desc.o(.constdata)
    .constdata                               0x080046c9   Section        4  usb_desc.o(.constdata)
    .constdata                               0x080046cd   Section       38  usb_desc.o(.constdata)
    .constdata                               0x080046f3   Section       50  usb_desc.o(.constdata)
    .conststring                             0x08004728   Section       86  at24c02.o(.conststring)
    .data                                    0x20000000   Section        4  systick.o(.data)
    fac_us                                   0x20000000   Data           1  systick.o(.data)
    fac_ms                                   0x20000002   Data           2  systick.o(.data)
    .data                                    0x20000004   Section        4  usart2_pc.o(.data)
    .data                                    0x20000008   Section        4  usart1_m6312.o(.data)
    .data                                    0x2000000c   Section       20  system_stm32f10x.o(.data)
    .data                                    0x20000020   Section        3  m6312.o(.data)
    .data                                    0x20000023   Section        2  pc_config.o(.data)
    .data                                    0x20000028   Section        4  timer_deal.o(.data)
    .data                                    0x2000002c   Section        4  timer_deal.o(.data)
    .data                                    0x20000030   Section        4  hxcard_config.o(.data)
    .data                                    0x20000034   Section        4  sccard_config.o(.data)
    .data                                    0x20000038   Section        4  usb_core.o(.data)
    .data                                    0x2000003c   Section        1  usb_init.o(.data)
    .data                                    0x20000040   Section       12  usb_init.o(.data)
    .data                                    0x2000004c   Section        2  usb_init.o(.data)
    .data                                    0x2000004e   Section        4  usb_int.o(.data)
    .data                                    0x20000054   Section        8  hw_config.o(.data)
    .data                                    0x2000005c   Section       26  usb_desc.o(.data)
    .data                                    0x20000078   Section        4  usb_endp.o(.data)
    FrameCount                               0x20000078   Data           4  usb_endp.o(.data)
    .data                                    0x2000007c   Section       12  usb_istr.o(.data)
    .data                                    0x20000088   Section       28  usb_istr.o(.data)
    .data                                    0x200000a4   Section       28  usb_istr.o(.data)
    .data                                    0x200000c0   Section      108  usb_prop.o(.data)
    .data                                    0x2000012c   Section        2  usb_prop.o(.data)
    .data                                    0x20000130   Section       36  usb_prop.o(.data)
    .data                                    0x20000154   Section        4  usb_pwr.o(.data)
    .data                                    0x20000158   Section        1  usb_pwr.o(.data)
    .data                                    0x2000015c   Section        8  usb_pwr.o(.data)
    .data                                    0x20000164   Section       20  stm32f10x_rcc.o(.data)
    ADCPrescTable                            0x20000164   Data           4  stm32f10x_rcc.o(.data)
    APBAHBPrescTable                         0x20000168   Data          16  stm32f10x_rcc.o(.data)
    .bss                                     0x20000178   Section     1091  usart2_pc.o(.bss)
    .bss                                     0x200005bb   Section     1091  usart1_m6312.o(.bss)
    .bss                                     0x200009fe   Section       80  m6312.o(.bss)
    .bss                                     0x20000a4e   Section      119  at24c02.o(.bss)
    .bss                                     0x20000ac5   Section      220  pc_config.o(.bss)
    .bss                                     0x20000ba1   Section      100  timer_deal.o(.bss)
    UploadTimerBuf                           0x20000ba1   Data          50  timer_deal.o(.bss)
    TimeSendBuf                              0x20000bd3   Data          50  timer_deal.o(.bss)
    .bss                                     0x20000c05   Section     1000  cardinfodeal.o(.bss)
    .bss                                     0x20000ff0   Section       28  usb_init.o(.bss)
    .bss                                     0x2000100c   Section     1540  hw_config.o(.bss)
    .bss                                     0x20001610   Section       64  usb_endp.o(.bss)
    .bss                                     0x20001650   Section       32  usb_pwr.o(.bss)
    STACK                                    0x20001670   Section     1024  startup_stm32f10x_md.o(STACK)

    Global Symbols

    Symbol Name                              Value     Ov Type        Size  Object(Section)

    BuildAttributes$$THM_ISAv4$P$D$K$B$S$PE$A:L22UL41UL21$X:L11$S22US41US21$IEEE1$IW$USESV6$~STKCKD$USESV7$~SHL$OSPACE$EBA8$MICROLIB$REQ8$PRES8$EABIv2 0x00000000   Number         0  anon$$obj.o ABSOLUTE
    __ARM_use_no_argv                        0x00000000   Number         0  main.o ABSOLUTE
    __use_no_errno                           0x00000000   Number         0  useno.o ABSOLUTE
    __use_no_exception_handling              0x00000000   Number         0  useno.o ABSOLUTE
    __use_no_fp                              0x00000000   Number         0  useno.o ABSOLUTE
    __use_no_heap                            0x00000000   Number         0  useno.o ABSOLUTE
    __use_no_heap_region                     0x00000000   Number         0  useno.o ABSOLUTE
    __use_no_semihosting                     0x00000000   Number         0  useno.o ABSOLUTE
    __use_no_semihosting_swi                 0x00000000   Number         0  useno.o ABSOLUTE
    __use_no_signal_handling                 0x00000000   Number         0  useno.o ABSOLUTE
    __arm_fini_                               - Undefined Weak Reference
    __cpp_initialize__aeabi_                  - Undefined Weak Reference
    __cxa_finalize                            - Undefined Weak Reference
    _clock_init                               - Undefined Weak Reference
    _microlib_exit                            - Undefined Weak Reference
    __Vectors_Size                           0x000000ec   Number         0  startup_stm32f10x_md.o ABSOLUTE
    __Vectors                                0x08000000   Data           4  startup_stm32f10x_md.o(RESET)
    __Vectors_End                            0x080000ec   Data           0  startup_stm32f10x_md.o(RESET)
    __main                                   0x080000ed   Thumb Code     0  entry.o(.ARM.Collect$$$$00000000)
    _main_stk                                0x080000ed   Thumb Code     0  entry2.o(.ARM.Collect$$$$00000001)
    _main_scatterload                        0x080000f1   Thumb Code     0  entry5.o(.ARM.Collect$$$$00000004)
    __main_after_scatterload                 0x080000f5   Thumb Code     0  entry5.o(.ARM.Collect$$$$00000004)
    _main_clock                              0x080000f5   Thumb Code     0  entry7b.o(.ARM.Collect$$$$00000008)
    _main_cpp_init                           0x080000f5   Thumb Code     0  entry8b.o(.ARM.Collect$$$$0000000A)
    _main_init                               0x080000f5   Thumb Code     0  entry9a.o(.ARM.Collect$$$$0000000B)
    __rt_lib_shutdown_fini                   0x080000fd   Thumb Code     0  entry12b.o(.ARM.Collect$$$$0000000E)
    __rt_final_cpp                           0x08000101   Thumb Code     0  entry10a.o(.ARM.Collect$$$$0000000F)
    __rt_final_exit                          0x08000101   Thumb Code     0  entry11a.o(.ARM.Collect$$$$00000011)
    Reset_Handler                            0x08000105   Thumb Code     8  startup_stm32f10x_md.o(.text)
    ADC1_2_IRQHandler                        0x0800011f   Thumb Code     0  startup_stm32f10x_md.o(.text)
    CAN1_RX1_IRQHandler                      0x0800011f   Thumb Code     0  startup_stm32f10x_md.o(.text)
    CAN1_SCE_IRQHandler                      0x0800011f   Thumb Code     0  startup_stm32f10x_md.o(.text)
    DMA1_Channel1_IRQHandler                 0x0800011f   Thumb Code     0  startup_stm32f10x_md.o(.text)
    DMA1_Channel2_IRQHandler                 0x0800011f   Thumb Code     0  startup_stm32f10x_md.o(.text)
    DMA1_Channel3_IRQHandler                 0x0800011f   Thumb Code     0  startup_stm32f10x_md.o(.text)
    DMA1_Channel4_IRQHandler                 0x0800011f   Thumb Code     0  startup_stm32f10x_md.o(.text)
    DMA1_Channel5_IRQHandler                 0x0800011f   Thumb Code     0  startup_stm32f10x_md.o(.text)
    DMA1_Channel6_IRQHandler                 0x0800011f   Thumb Code     0  startup_stm32f10x_md.o(.text)
    DMA1_Channel7_IRQHandler                 0x0800011f   Thumb Code     0  startup_stm32f10x_md.o(.text)
    EXTI0_IRQHandler                         0x0800011f   Thumb Code     0  startup_stm32f10x_md.o(.text)
    EXTI15_10_IRQHandler                     0x0800011f   Thumb Code     0  startup_stm32f10x_md.o(.text)
    EXTI2_IRQHandler                         0x0800011f   Thumb Code     0  startup_stm32f10x_md.o(.text)
    EXTI3_IRQHandler                         0x0800011f   Thumb Code     0  startup_stm32f10x_md.o(.text)
    EXTI4_IRQHandler                         0x0800011f   Thumb Code     0  startup_stm32f10x_md.o(.text)
    FLASH_IRQHandler                         0x0800011f   Thumb Code     0  startup_stm32f10x_md.o(.text)
    I2C1_ER_IRQHandler                       0x0800011f   Thumb Code     0  startup_stm32f10x_md.o(.text)
    I2C1_EV_IRQHandler                       0x0800011f   Thumb Code     0  startup_stm32f10x_md.o(.text)
    I2C2_ER_IRQHandler                       0x0800011f   Thumb Code     0  startup_stm32f10x_md.o(.text)
    I2C2_EV_IRQHandler                       0x0800011f   Thumb Code     0  startup_stm32f10x_md.o(.text)
    PVD_IRQHandler                           0x0800011f   Thumb Code     0  startup_stm32f10x_md.o(.text)
    RCC_IRQHandler                           0x0800011f   Thumb Code     0  startup_stm32f10x_md.o(.text)
    RTCAlarm_IRQHandler                      0x0800011f   Thumb Code     0  startup_stm32f10x_md.o(.text)
    RTC_IRQHandler                           0x0800011f   Thumb Code     0  startup_stm32f10x_md.o(.text)
    SPI1_IRQHandler                          0x0800011f   Thumb Code     0  startup_stm32f10x_md.o(.text)
    SPI2_IRQHandler                          0x0800011f   Thumb Code     0  startup_stm32f10x_md.o(.text)
    TAMPER_IRQHandler                        0x0800011f   Thumb Code     0  startup_stm32f10x_md.o(.text)
    TIM1_BRK_IRQHandler                      0x0800011f   Thumb Code     0  startup_stm32f10x_md.o(.text)
    TIM1_CC_IRQHandler                       0x0800011f   Thumb Code     0  startup_stm32f10x_md.o(.text)
    TIM1_TRG_COM_IRQHandler                  0x0800011f   Thumb Code     0  startup_stm32f10x_md.o(.text)
    TIM1_UP_IRQHandler                       0x0800011f   Thumb Code     0  startup_stm32f10x_md.o(.text)
    TIM2_IRQHandler                          0x0800011f   Thumb Code     0  startup_stm32f10x_md.o(.text)
    TIM4_IRQHandler                          0x0800011f   Thumb Code     0  startup_stm32f10x_md.o(.text)
    USART3_IRQHandler                        0x0800011f   Thumb Code     0  startup_stm32f10x_md.o(.text)
    USB_HP_CAN1_TX_IRQHandler                0x0800011f   Thumb Code     0  startup_stm32f10x_md.o(.text)
    toupper                                  0x08000129   Thumb Code    12  toupper.o(.text)
    __aeabi_memcpy                           0x08000135   Thumb Code    36  memcpya.o(.text)
    __aeabi_memcpy4                          0x08000135   Thumb Code     0  memcpya.o(.text)
    __aeabi_memcpy8                          0x08000135   Thumb Code     0  memcpya.o(.text)
    __aeabi_memset                           0x08000159   Thumb Code    14  memseta.o(.text)
    __aeabi_memset4                          0x08000159   Thumb Code     0  memseta.o(.text)
    __aeabi_memset8                          0x08000159   Thumb Code     0  memseta.o(.text)
    __aeabi_memclr                           0x08000167   Thumb Code     4  memseta.o(.text)
    __aeabi_memclr4                          0x08000167   Thumb Code     0  memseta.o(.text)
    __aeabi_memclr8                          0x08000167   Thumb Code     0  memseta.o(.text)
    _memset$wrapper                          0x0800016b   Thumb Code    18  memseta.o(.text)
    strcat                                   0x0800017d   Thumb Code    24  strcat.o(.text)
    strstr                                   0x08000195   Thumb Code    36  strstr.o(.text)
    strlen                                   0x080001b9   Thumb Code    14  strlen.o(.text)
    strcmp                                   0x080001c7   Thumb Code    28  strcmp.o(.text)
    strcpy                                   0x080001e3   Thumb Code    18  strcpy.o(.text)
    __scatterload                            0x080001f5   Thumb Code    28  init.o(.text)
    __scatterload_rt2                        0x080001f5   Thumb Code     0  init.o(.text)
    __decompress                             0x08000219   Thumb Code     0  __dczerorl2.o(.text)
    __decompress1                            0x08000219   Thumb Code    86  __dczerorl2.o(.text)
    AT24C02IPTid_Init                        0x08000271   Thumb Code   206  at24c02.o(i.AT24C02IPTid_Init)
    AT24C02_Init                             0x0800034d   Thumb Code     4  at24c02.o(i.AT24C02_Init)
    AT24C02_Read                             0x08000351   Thumb Code    96  at24c02.o(i.AT24C02_Read)
    AT24C02_Write                            0x080003b1   Thumb Code    96  at24c02.o(i.AT24C02_Write)
    BSP_Init                                 0x08000411   Thumb Code   168  bsp_config.o(i.BSP_Init)
    BusFault_Handler                         0x080004d5   Thumb Code     2  stm32f10x_it.o(i.BusFault_Handler)
    ByteSwap                                 0x080004d7   Thumb Code    10  usb_regs.o(i.ByteSwap)
    CTR_LP                                   0x080004e1   Thumb Code   314  usb_int.o(i.CTR_LP)
    Char_Find                                0x08000639   Thumb Code    50  string_config.o(i.Char_Find)
    ClearDTOG_RX                             0x0800066d   Thumb Code    36  usb_regs.o(i.ClearDTOG_RX)
    ClearDTOG_TX                             0x08000695   Thumb Code    36  usb_regs.o(i.ClearDTOG_TX)
    Clear_Status_Out                         0x080006bd   Thumb Code    28  usb_regs.o(i.Clear_Status_Out)
    DebugMon_Handler                         0x080009d1   Thumb Code     2  stm32f10x_it.o(i.DebugMon_Handler)
    EP1_IN_Callback                          0x080009d5   Thumb Code   116  usb_endp.o(i.EP1_IN_Callback)
    EP3_OUT_Callback                         0x08000a4d   Thumb Code    28  usb_endp.o(i.EP3_OUT_Callback)
    EXTI1_IRQHandler                         0x08000a6d   Thumb Code    84  stm32f10x_it.o(i.EXTI1_IRQHandler)
    EXTI9_5_IRQHandler                       0x08000af9   Thumb Code    84  stm32f10x_it.o(i.EXTI9_5_IRQHandler)
    EXTI_ClearITPendingBit                   0x08000b85   Thumb Code     6  stm32f10x_exti.o(i.EXTI_ClearITPendingBit)
    EXTI_GetITStatus                         0x08000b91   Thumb Code    28  stm32f10x_exti.o(i.EXTI_GetITStatus)
    EXTI_Init                                0x08000bb1   Thumb Code   108  stm32f10x_exti.o(i.EXTI_Init)
    Enter_LowPowerMode                       0x08000c21   Thumb Code     8  hw_config.o(i.Enter_LowPowerMode)
    FirstHeart_Open                          0x08000c2d   Thumb Code   200  timer_deal.o(i.FirstHeart_Open)
    GPIO_EXTILineConfig                      0x08000d29   Thumb Code    34  stm32f10x_gpio.o(i.GPIO_EXTILineConfig)
    GPIO_Init                                0x08000d51   Thumb Code   156  stm32f10x_gpio.o(i.GPIO_Init)
    GPIO_PinRemapConfig                      0x08000ded   Thumb Code    82  stm32f10x_gpio.o(i.GPIO_PinRemapConfig)
    GPIO_ReadInputDataBit                    0x08000e45   Thumb Code    14  stm32f10x_gpio.o(i.GPIO_ReadInputDataBit)
    GPIO_ResetBits                           0x08000e53   Thumb Code     4  stm32f10x_gpio.o(i.GPIO_ResetBits)
    GPIO_SetBits                             0x08000e57   Thumb Code     4  stm32f10x_gpio.o(i.GPIO_SetBits)
    GetEPRxAddr                              0x08000e5d   Thumb Code    22  usb_regs.o(i.GetEPRxAddr)
    GetEPRxCount                             0x08000e7d   Thumb Code    24  usb_regs.o(i.GetEPRxCount)
    GetEPTxAddr                              0x08000e9d   Thumb Code    20  usb_regs.o(i.GetEPTxAddr)
    Get_Head                                 0x08000eb9   Thumb Code    46  string_config.o(i.Get_Head)
    Get_SerialNum                            0x08000ee9   Thumb Code    44  hw_config.o(i.Get_SerialNum)
    HDMISendConncetOK                        0x08000f1d   Thumb Code    26  hdmi_t050.o(i.HDMISendConncetOK)
    HDMIShowInfo                             0x08000f61   Thumb Code    44  hdmi_t050.o(i.HDMIShowInfo)
    HDMIShowMenuInfo                         0x08000fa5   Thumb Code   144  hdmi_t050.o(i.HDMIShowMenuInfo)
    HDMIShowRechargeSucess                   0x080010a9   Thumb Code    46  hdmi_t050.o(i.HDMIShowRechargeSucess)
    HDMIShowSignal                           0x080010fd   Thumb Code    60  hdmi_t050.o(i.HDMIShowSignal)
    HDMIShowUserDetail                       0x08001181   Thumb Code   186  hdmi_t050.o(i.HDMIShowUserDetail)
    HDMIShowWait                             0x080012c1   Thumb Code    20  hdmi_t050.o(i.HDMIShowWait)
    HDMI_CMD_Send                            0x080012e1   Thumb Code    18  hdmi_t050.o(i.HDMI_CMD_Send)
    HDMI_Init                                0x080012f5   Thumb Code    16  hdmi_t050.o(i.HDMI_Init)
    HXCard_Init                              0x08001385   Thumb Code   100  hxcard_config.o(i.HXCard_Init)
    HardFault_Handler                        0x080013ed   Thumb Code     2  stm32f10x_it.o(i.HardFault_Handler)
    IIC_Ack                                  0x080013f1   Thumb Code    56  iic_24c02.o(i.IIC_Ack)
    IIC_INIT                                 0x0800142d   Thumb Code    56  iic_24c02.o(i.IIC_INIT)
    IIC_NAck                                 0x08001469   Thumb Code    56  iic_24c02.o(i.IIC_NAck)
    IIC_Read_Byte                            0x080014a5   Thumb Code    88  iic_24c02.o(i.IIC_Read_Byte)
    IIC_SDA_IN                               0x08001501   Thumb Code    24  iic_24c02.o(i.IIC_SDA_IN)
    IIC_SDA_OUT                              0x0800151d   Thumb Code    30  iic_24c02.o(i.IIC_SDA_OUT)
    IIC_Send_Byte                            0x08001541   Thumb Code    82  iic_24c02.o(i.IIC_Send_Byte)
    IIC_Start                                0x08001599   Thumb Code    56  iic_24c02.o(i.IIC_Start)
    IIC_Stop                                 0x080015d5   Thumb Code    56  iic_24c02.o(i.IIC_Stop)
    IIC_Wait_Ack                             0x08001611   Thumb Code    80  iic_24c02.o(i.IIC_Wait_Ack)
    In0_Process                              0x08001665   Thumb Code    80  usb_core.o(i.In0_Process)
    IntToUnicode                             0x080016c1   Thumb Code    54  hw_config.o(i.IntToUnicode)
    Interger_Clear                           0x080016f7   Thumb Code    18  string_config.o(i.Interger_Clear)
    Leave_LowPowerMode                       0x08001709   Thumb Code    18  hw_config.o(i.Leave_LowPowerMode)
    M6312_Connect                            0x08001725   Thumb Code   362  m6312.o(i.M6312_Connect)
    M6312_Init                               0x08001981   Thumb Code    66  m6312.o(i.M6312_Init)
    M6312_SendData                           0x08001a6d   Thumb Code    44  m6312.o(i.M6312_SendData)
    M6312_SignalQuery                        0x08001aa1   Thumb Code   196  m6312.o(i.M6312_SignalQuery)
    M6312_TimeQuery                          0x08001b91   Thumb Code   290  m6312.o(i.M6312_TimeQuery)
    M6312_USART_GetRcvData                   0x08001ccd   Thumb Code    44  m6312.o(i.M6312_USART_GetRcvData)
    M6312_UploadData                         0x08001d01   Thumb Code   104  m6312.o(i.M6312_UploadData)
    MemManage_Handler                        0x08001d71   Thumb Code     2  stm32f10x_it.o(i.MemManage_Handler)
    NMI_Handler                              0x08001d73   Thumb Code     2  stm32f10x_it.o(i.NMI_Handler)
    NOP_Process                              0x08001d75   Thumb Code     2  usb_core.o(i.NOP_Process)
    NVIC_Configuration                       0x08001d77   Thumb Code     8  sys.o(i.NVIC_Configuration)
    NVIC_Init                                0x08001d81   Thumb Code    94  misc.o(i.NVIC_Init)
    NVIC_PriorityGroupConfig                 0x08001de5   Thumb Code    10  misc.o(i.NVIC_PriorityGroupConfig)
    Out0_Process                             0x08001ecd   Thumb Code    62  usb_core.o(i.Out0_Process)
    PAM8406_Close                            0x08001f15   Thumb Code    20  pam8406_config.o(i.PAM8406_Close)
    PAM8406_Init                             0x08001f2d   Thumb Code    36  pam8406_config.o(i.PAM8406_Init)
    PAM8406_Open                             0x08001f55   Thumb Code    20  pam8406_config.o(i.PAM8406_Open)
    PC_Close                                 0x08001f6d   Thumb Code    22  pc_config.o(i.PC_Close)
    PC_Init                                  0x08001f89   Thumb Code    64  pc_config.o(i.PC_Init)
    PC_Open                                  0x08001fcd   Thumb Code    22  pc_config.o(i.PC_Open)
    PC_ReadCard                              0x08001fe9   Thumb Code     6  pc_config.o(i.PC_ReadCard)
    PC_ReadData                              0x08001ffd   Thumb Code    30  pc_config.o(i.PC_ReadData)
    PC_ReceiveData                           0x0800201d   Thumb Code   124  pc_config.o(i.PC_ReceiveData)
    PC_SendData                              0x080020ad   Thumb Code    26  pc_config.o(i.PC_SendData)
    PC_ShutDown                              0x080020c9   Thumb Code     6  pc_config.o(i.PC_ShutDown)
    PC_Start                                 0x080020dd   Thumb Code   214  pc_config.o(i.PC_Start)
    PC_StartPam                              0x08002211   Thumb Code    78  pc_config.o(i.PC_StartPam)
    PC_USB_GetRcvData                        0x08002275   Thumb Code    44  pc_config.o(i.PC_USB_GetRcvData)
    PC_Usart_GetRcvData                      0x080022a9   Thumb Code    44  pc_config.o(i.PC_Usart_GetRcvData)
    PC_WirteData                             0x080022dd   Thumb Code    36  pc_config.o(i.PC_WirteData)
    PC_WriteCard                             0x08002301   Thumb Code    82  pc_config.o(i.PC_WriteCard)
    PMAToUserBufferCopy                      0x080023a1   Thumb Code    26  usb_mem.o(i.PMAToUserBufferCopy)
    PendSV_Handler                           0x080023c1   Thumb Code     2  stm32f10x_it.o(i.PendSV_Handler)
    Post0_Process                            0x080023c5   Thumb Code    52  usb_core.o(i.Post0_Process)
    PowerOn                                  0x08002409   Thumb Code    36  usb_pwr.o(i.PowerOn)
    RCC_APB1PeriphClockCmd                   0x08002435   Thumb Code    18  stm32f10x_rcc.o(i.RCC_APB1PeriphClockCmd)
    RCC_APB1PeriphResetCmd                   0x0800244d   Thumb Code    18  stm32f10x_rcc.o(i.RCC_APB1PeriphResetCmd)
    RCC_APB2PeriphClockCmd                   0x08002465   Thumb Code    18  stm32f10x_rcc.o(i.RCC_APB2PeriphClockCmd)
    RCC_APB2PeriphResetCmd                   0x0800247d   Thumb Code    18  stm32f10x_rcc.o(i.RCC_APB2PeriphResetCmd)
    RCC_Configuration                        0x08002495   Thumb Code    88  sys.o(i.RCC_Configuration)
    RCC_DeInit                               0x080024ed   Thumb Code    50  stm32f10x_rcc.o(i.RCC_DeInit)
    RCC_GetClocksFreq                        0x0800252d   Thumb Code   132  stm32f10x_rcc.o(i.RCC_GetClocksFreq)
    RCC_GetFlagStatus                        0x080025c1   Thumb Code    42  stm32f10x_rcc.o(i.RCC_GetFlagStatus)
    RCC_GetSYSCLKSource                      0x080025f1   Thumb Code    10  stm32f10x_rcc.o(i.RCC_GetSYSCLKSource)
    RCC_HCLKConfig                           0x08002601   Thumb Code    14  stm32f10x_rcc.o(i.RCC_HCLKConfig)
    RCC_HSEConfig                            0x08002615   Thumb Code    48  stm32f10x_rcc.o(i.RCC_HSEConfig)
    RCC_PCLK1Config                          0x08002649   Thumb Code    14  stm32f10x_rcc.o(i.RCC_PCLK1Config)
    RCC_PCLK2Config                          0x0800265d   Thumb Code    16  stm32f10x_rcc.o(i.RCC_PCLK2Config)
    RCC_PLLCmd                               0x08002671   Thumb Code     6  stm32f10x_rcc.o(i.RCC_PLLCmd)
    RCC_PLLConfig                            0x0800267d   Thumb Code    16  stm32f10x_rcc.o(i.RCC_PLLConfig)
    RCC_SYSCLKConfig                         0x08002691   Thumb Code    14  stm32f10x_rcc.o(i.RCC_SYSCLKConfig)
    RCC_USBCLKConfig                         0x080026a5   Thumb Code     8  stm32f10x_rcc.o(i.RCC_USBCLKConfig)
    RCC_WaitForHSEStartUp                    0x080026b1   Thumb Code    44  stm32f10x_rcc.o(i.RCC_WaitForHSEStartUp)
    Resume                                   0x080026dd   Thumb Code   140  usb_pwr.o(i.Resume)
    Resume_Init                              0x08002771   Thumb Code    26  usb_pwr.o(i.Resume_Init)
    SCCard_Deal                              0x08002791   Thumb Code   142  cardinfodeal.o(i.SCCard_Deal)
    SCCard_Init                              0x08002845   Thumb Code   100  sccard_config.o(i.SCCard_Init)
    SCCard_PCDataSpit                        0x080028ad   Thumb Code   366  sccard_config.o(i.SCCard_PCDataSpit)
    SCCard_ServerDataCombine                 0x08002a41   Thumb Code   104  sccard_config.o(i.SCCard_ServerDataCombine)
    SCCard_ServerDataSpit                    0x08002ad5   Thumb Code  1412  sccard_config.o(i.SCCard_ServerDataSpit)
    SOF_Callback                             0x08003065   Thumb Code    30  usb_endp.o(i.SOF_Callback)
    SVC_Handler                              0x0800308d   Thumb Code     2  stm32f10x_it.o(i.SVC_Handler)
    SetBTABLE                                0x08003091   Thumb Code    10  usb_regs.o(i.SetBTABLE)
    SetDeviceAddress                         0x080030a1   Thumb Code    58  usb_core.o(i.SetDeviceAddress)
    SetEPRxAddr                              0x080030e9   Thumb Code    24  usb_regs.o(i.SetEPRxAddr)
    SetEPRxCount                             0x08003109   Thumb Code    54  usb_regs.o(i.SetEPRxCount)
    SetEPRxStatus                            0x08003149   Thumb Code    44  usb_regs.o(i.SetEPRxStatus)
    SetEPRxValid                             0x08003179   Thumb Code    32  usb_regs.o(i.SetEPRxValid)
    SetEPTxAddr                              0x0800319d   Thumb Code    22  usb_regs.o(i.SetEPTxAddr)
    SetEPTxCount                             0x080031bd   Thumb Code    20  usb_regs.o(i.SetEPTxCount)
    SetEPTxStatus                            0x080031d9   Thumb Code    44  usb_regs.o(i.SetEPTxStatus)
    SetEPTxValid                             0x08003209   Thumb Code    32  usb_regs.o(i.SetEPTxValid)
    SetEPType                                0x0800322d   Thumb Code    24  usb_regs.o(i.SetEPType)
    Set_USBClock                             0x080032f1   Thumb Code    20  hw_config.o(i.Set_USBClock)
    Setup0_Process                           0x08003305   Thumb Code    92  usb_core.o(i.Setup0_Process)
    Standard_ClearFeature                    0x0800336d   Thumb Code   232  usb_core.o(i.Standard_ClearFeature)
    Standard_GetConfiguration                0x08003469   Thumb Code    30  usb_core.o(i.Standard_GetConfiguration)
    Standard_GetDescriptorData               0x08003491   Thumb Code    24  usb_core.o(i.Standard_GetDescriptorData)
    Standard_GetInterface                    0x080034ad   Thumb Code    30  usb_core.o(i.Standard_GetInterface)
    Standard_GetStatus                       0x080034d5   Thumb Code   130  usb_core.o(i.Standard_GetStatus)
    Standard_SetConfiguration                0x08003569   Thumb Code    42  usb_core.o(i.Standard_SetConfiguration)
    Standard_SetDeviceFeature                0x080035a1   Thumb Code    26  usb_core.o(i.Standard_SetDeviceFeature)
    Standard_SetEndPointFeature              0x080035c5   Thumb Code   118  usb_core.o(i.Standard_SetEndPointFeature)
    Standard_SetInterface                    0x0800364d   Thumb Code    60  usb_core.o(i.Standard_SetInterface)
    StrToDec                                 0x08003695   Thumb Code   102  utils.o(i.StrToDec)
    String_Clear                             0x080036fb   Thumb Code    16  string_config.o(i.String_Clear)
    String_Find                              0x0800370b   Thumb Code    26  string_config.o(i.String_Find)
    Suspend                                  0x08003725   Thumb Code   114  usb_pwr.o(i.Suspend)
    SysTick_CLKSourceConfig                  0x080037a5   Thumb Code    24  misc.o(i.SysTick_CLKSourceConfig)
    SysTick_Handler                          0x080037bd   Thumb Code     2  stm32f10x_it.o(i.SysTick_Handler)
    SystemInit                               0x080037c1   Thumb Code    64  system_stm32f10x.o(i.SystemInit)
    TIM3_IRQHandler                          0x08003811   Thumb Code    68  stm32f10x_it.o(i.TIM3_IRQHandler)
    TIM_ClearITPendingBit                    0x08003861   Thumb Code     6  stm32f10x_tim.o(i.TIM_ClearITPendingBit)
    TIM_Cmd                                  0x08003867   Thumb Code    20  stm32f10x_tim.o(i.TIM_Cmd)
    TIM_GetITStatus                          0x0800387b   Thumb Code    24  stm32f10x_tim.o(i.TIM_GetITStatus)
    TIM_Heart_Init                           0x08003895   Thumb Code   104  timer_heart.o(i.TIM_Heart_Init)
    TIM_ITConfig                             0x08003901   Thumb Code    16  stm32f10x_tim.o(i.TIM_ITConfig)
    TIM_TimeBaseInit                         0x08003911   Thumb Code   114  stm32f10x_tim.o(i.TIM_TimeBaseInit)
    USART1_IRQHandler                        0x080039ad   Thumb Code    84  stm32f10x_it.o(i.USART1_IRQHandler)
    USART2_IRQHandler                        0x08003a11   Thumb Code    84  stm32f10x_it.o(i.USART2_IRQHandler)
    USART_ClearFlag                          0x08003a75   Thumb Code     6  stm32f10x_usart.o(i.USART_ClearFlag)
    USART_Cmd                                0x08003a7b   Thumb Code    20  stm32f10x_usart.o(i.USART_Cmd)
    USART_Config                             0x08003a91   Thumb Code    20  hw_config.o(i.USART_Config)
    USART_DeInit                             0x08003aad   Thumb Code    96  stm32f10x_usart.o(i.USART_DeInit)
    USART_GetFlagStatus                      0x08003b21   Thumb Code    14  stm32f10x_usart.o(i.USART_GetFlagStatus)
    USART_HDMI_Init                          0x08003b31   Thumb Code   124  usart3_hdmi.o(i.USART_HDMI_Init)
    USART_HDMI_SendB                         0x08003bb5   Thumb Code    50  usart3_hdmi.o(i.USART_HDMI_SendB)
    USART_HDMI_SendS                         0x08003bed   Thumb Code    36  usart3_hdmi.o(i.USART_HDMI_SendS)
    USART_ITConfig                           0x08003c15   Thumb Code    48  stm32f10x_usart.o(i.USART_ITConfig)
    USART_Init                               0x08003c45   Thumb Code   166  stm32f10x_usart.o(i.USART_Init)
    USART_M6312_Init                         0x08003cf1   Thumb Code   156  usart1_m6312.o(i.USART_M6312_Init)
    USART_M6312_SendCmd                      0x08003d95   Thumb Code   120  usart1_m6312.o(i.USART_M6312_SendCmd)
    USART_M6312_Write                        0x08003e15   Thumb Code    54  usart1_m6312.o(i.USART_M6312_Write)
    USART_PC_Init                            0x08003e51   Thumb Code   164  usart2_pc.o(i.USART_PC_Init)
    USART_PC_SendData                        0x08003efd   Thumb Code    44  pc_config.o(i.USART_PC_SendData)
    USART_PC_Write                           0x08003f31   Thumb Code    54  usart2_pc.o(i.USART_PC_Write)
    USART_SendData                           0x08003f6d   Thumb Code     8  stm32f10x_usart.o(i.USART_SendData)
    USBWakeUp_IRQHandler                     0x08003f75   Thumb Code     8  hw_config.o(i.USBWakeUp_IRQHandler)
    USB_CONFIG_Init                          0x08003f7d   Thumb Code    46  usb_config.o(i.USB_CONFIG_Init)
    USB_Cable_Config                         0x08003fab   Thumb Code     2  hw_config.o(i.USB_Cable_Config)
    USB_Init                                 0x08003fad   Thumb Code    22  usb_init.o(i.USB_Init)
    USB_Interrupts_Config                    0x08003fd5   Thumb Code    80  hw_config.o(i.USB_Interrupts_Config)
    USB_Istr                                 0x08004025   Thumb Code   308  usb_istr.o(i.USB_Istr)
    USB_LP_CAN1_RX0_IRQHandler               0x08004171   Thumb Code     4  hw_config.o(i.USB_LP_CAN1_RX0_IRQHandler)
    USB_PC_SendData                          0x08004175   Thumb Code    40  usb_config.o(i.USB_PC_SendData)
    USB_Port_Set                             0x080041a5   Thumb Code    64  hw_config.o(i.USB_Port_Set)
    USB_SIL_Init                             0x080041f1   Thumb Code    24  usb_sil.o(i.USB_SIL_Init)
    USB_SIL_Read                             0x08004211   Thumb Code    36  usb_sil.o(i.USB_SIL_Read)
    USB_To_USART_Send_Data                   0x08004235   Thumb Code    80  hw_config.o(i.USB_To_USART_Send_Data)
    USB_USART_SendData                       0x0800428d   Thumb Code    36  hw_config.o(i.USB_USART_SendData)
    USB_Write                                0x080042b5   Thumb Code    30  hw_config.o(i.USB_Write)
    UsageFault_Handler                       0x080042d3   Thumb Code     2  stm32f10x_it.o(i.UsageFault_Handler)
    UserToPMABufferCopy                      0x080042d5   Thumb Code    36  usb_mem.o(i.UserToPMABufferCopy)
    Virtual_Com_Port_Data_Setup              0x080042fd   Thumb Code    68  usb_prop.o(i.Virtual_Com_Port_Data_Setup)
    Virtual_Com_Port_GetConfigDescriptor     0x08004351   Thumb Code     6  usb_prop.o(i.Virtual_Com_Port_GetConfigDescriptor)
    Virtual_Com_Port_GetDeviceDescriptor     0x0800435d   Thumb Code     6  usb_prop.o(i.Virtual_Com_Port_GetDeviceDescriptor)
    Virtual_Com_Port_GetLineCoding           0x08004369   Thumb Code    18  usb_prop.o(i.Virtual_Com_Port_GetLineCoding)
    Virtual_Com_Port_GetStringDescriptor     0x08004385   Thumb Code    24  usb_prop.o(i.Virtual_Com_Port_GetStringDescriptor)
    Virtual_Com_Port_Get_Interface_Setting   0x080043a5   Thumb Code    14  usb_prop.o(i.Virtual_Com_Port_Get_Interface_Setting)
    Virtual_Com_Port_NoData_Setup            0x080043b5   Thumb Code    30  usb_prop.o(i.Virtual_Com_Port_NoData_Setup)
    Virtual_Com_Port_Reset                   0x080043d9   Thumb Code   208  usb_prop.o(i.Virtual_Com_Port_Reset)
    Virtual_Com_Port_SetConfiguration        0x080044b9   Thumb Code    16  usb_prop.o(i.Virtual_Com_Port_SetConfiguration)
    Virtual_Com_Port_SetDeviceAddress        0x080044d1   Thumb Code     8  usb_prop.o(i.Virtual_Com_Port_SetDeviceAddress)
    Virtual_Com_Port_SetLineCoding           0x080044dd   Thumb Code    18  usb_prop.o(i.Virtual_Com_Port_SetLineCoding)
    Virtual_Com_Port_Status_In               0x080044f9   Thumb Code    20  usb_prop.o(i.Virtual_Com_Port_Status_In)
    Virtual_Com_Port_Status_Out              0x08004511   Thumb Code     2  usb_prop.o(i.Virtual_Com_Port_Status_Out)
    Virtual_Com_Port_init                    0x08004515   Thumb Code    28  usb_prop.o(i.Virtual_Com_Port_init)
    WWDG_IRQHandler                          0x08004539   Thumb Code    18  stm32f10x_it.o(i.WWDG_IRQHandler)
    __scatterload_copy                       0x08004551   Thumb Code    14  handlers.o(i.__scatterload_copy)
    __scatterload_null                       0x0800455f   Thumb Code     2  handlers.o(i.__scatterload_null)
    __scatterload_zeroinit                   0x08004561   Thumb Code    14  handlers.o(i.__scatterload_zeroinit)
    delay_init                               0x08004571   Thumb Code    46  systick.o(i.delay_init)
    delay_ms                                 0x080045ad   Thumb Code    46  systick.o(i.delay_ms)
    delay_us                                 0x080045e1   Thumb Code    46  systick.o(i.delay_us)
    main                                     0x08004615   Thumb Code    74  main.o(i.main)
    Virtual_Com_Port_DeviceDescriptor        0x08004674   Data          18  usb_desc.o(.constdata)
    Virtual_Com_Port_ConfigDescriptor        0x08004686   Data          67  usb_desc.o(.constdata)
    Virtual_Com_Port_StringLangID            0x080046c9   Data           4  usb_desc.o(.constdata)
    Virtual_Com_Port_StringVendor            0x080046cd   Data          38  usb_desc.o(.constdata)
    Virtual_Com_Port_StringProduct           0x080046f3   Data          50  usb_desc.o(.constdata)
    Region$$Table$$Base                      0x08004780   Number         0  anon$$obj.o(Region$$Table)
    Region$$Table$$Limit                     0x080047a0   Number         0  anon$$obj.o(Region$$Table)
    usart2_rcv_len                           0x20000004   Data           4  usart2_pc.o(.data)
    usart1_rcv_len                           0x20000008   Data           4  usart1_m6312.o(.data)
    SystemCoreClock                          0x2000000c   Data           4  system_stm32f10x.o(.data)
    AHBPrescTable                            0x20000010   Data          16  system_stm32f10x.o(.data)
    M6312_Signal                             0x20000020   Data           1  m6312.o(.data)
    M6312_RestartFlag                        0x20000021   Data           1  m6312.o(.data)
    M6312_Connecting                         0x20000022   Data           1  m6312.o(.data)
    PC_Connecting                            0x20000023   Data           1  pc_config.o(.data)
    PC_RestartFlag                           0x20000024   Data           1  pc_config.o(.data)
    sec                                      0x20000028   Data           4  timer_deal.o(.data)
    TimeIsInter                              0x2000002c   Data           4  timer_deal.o(.data)
    HXCardIsInter                            0x20000030   Data           4  hxcard_config.o(.data)
    SCCardIsInter                            0x20000034   Data           4  sccard_config.o(.data)
    Data_Mul_MaxPacketSize                   0x20000038   Data           1  usb_core.o(.data)
    StatusInfo                               0x2000003a   Data           2  usb_core.o(.data)
    EPindex                                  0x2000003c   Data           1  usb_init.o(.data)
    pInformation                             0x20000040   Data           4  usb_init.o(.data)
    pProperty                                0x20000044   Data           4  usb_init.o(.data)
    pUser_Standard_Requests                  0x20000048   Data           4  usb_init.o(.data)
    wInterrupt_Mask                          0x2000004c   Data           2  usb_init.o(.data)
    SaveRState                               0x2000004e   Data           2  usb_int.o(.data)
    SaveTState                               0x20000050   Data           2  usb_int.o(.data)
    USB_USART_RX_STA                         0x20000054   Data           2  hw_config.o(.data)
    usb_rcv_len                              0x20000058   Data           4  hw_config.o(.data)
    Virtual_Com_Port_StringSerial            0x2000005c   Data          26  usb_desc.o(.data)
    bIntPackSOF                              0x2000007c   Data           1  usb_istr.o(.data)
    wIstr                                    0x2000007e   Data           2  usb_istr.o(.data)
    esof_counter                             0x20000080   Data           4  usb_istr.o(.data)
    wCNTR                                    0x20000084   Data           4  usb_istr.o(.data)
    pEpInt_IN                                0x20000088   Data          28  usb_istr.o(.data)
    pEpInt_OUT                               0x200000a4   Data          28  usb_istr.o(.data)
    Request                                  0x200000c0   Data           1  usb_prop.o(.data)
    linecoding                               0x200000c4   Data           8  usb_prop.o(.data)
    Device_Descriptor                        0x200000cc   Data           8  usb_prop.o(.data)
    Config_Descriptor                        0x200000d4   Data           8  usb_prop.o(.data)
    Device_Property                          0x200000dc   Data          48  usb_prop.o(.data)
    String_Descriptor                        0x2000010c   Data          32  usb_prop.o(.data)
    Device_Table                             0x2000012c   Data           2  usb_prop.o(.data)
    User_Standard_Requests                   0x20000130   Data          36  usb_prop.o(.data)
    bDeviceState                             0x20000154   Data           4  usb_pwr.o(.data)
    fSuspendEnabled                          0x20000158   Data           1  usb_pwr.o(.data)
    ResumeS                                  0x2000015c   Data           2  usb_pwr.o(.data)
    remotewakeupon                           0x20000160   Data           4  usb_pwr.o(.data)
    usart2_rcv_buf                           0x20000178   Data        1091  usart2_pc.o(.bss)
    usart1_rcv_buf                           0x200005bb   Data        1091  usart1_m6312.o(.bss)
    M6312ConfigMsg                           0x200009fe   Data          80  m6312.o(.bss)
    DeviceInfo                               0x20000a4e   Data         119  at24c02.o(.bss)
    SendBuf                                  0x20000ac5   Data         220  pc_config.o(.bss)
    RecievePCBuf                             0x20000c05   Data         250  cardinfodeal.o(.bss)
    SendPCBuf                                0x20000cff   Data         250  cardinfodeal.o(.bss)
    SendServerBuf                            0x20000df9   Data         250  cardinfodeal.o(.bss)
    RecieveServerBuf                         0x20000ef3   Data         250  cardinfodeal.o(.bss)
    Device_Info                              0x20000ff0   Data          28  usb_init.o(.bss)
    uu_txfifo                                0x2000100c   Data        1028  hw_config.o(.bss)
    USB_USART_RX_BUF                         0x20001410   Data         512  hw_config.o(.bss)
    USB_Rx_Buffer                            0x20001610   Data          64  usb_endp.o(.bss)
    EP                                       0x20001650   Data          32  usb_pwr.o(.bss)
    __initial_sp                             0x20001a70   Data           0  startup_stm32f10x_md.o(STACK)



==============================================================================

Memory Map of the image

  Image Entry point : 0x080000ed

  Load Region LR_IROM1 (Base: 0x08000000, Size: 0x00004918, Max: 0x00010000, ABSOLUTE, COMPRESSED[0x0000483c])

    Execution Region ER_IROM1 (Exec base: 0x08000000, Load base: 0x08000000, Size: 0x000047a0, Max: 0x00010000, ABSOLUTE)

    Exec Addr    Load Addr    Size         Type   Attr      Idx    E Section Name        Object

    0x08000000   0x08000000   0x000000ec   Data   RO         1102    RESET               startup_stm32f10x_md.o
    0x080000ec   0x080000ec   0x00000000   Code   RO         3244  * .ARM.Collect$$$$00000000  mc_w.l(entry.o)
    0x080000ec   0x080000ec   0x00000004   Code   RO         3265    .ARM.Collect$$$$00000001  mc_w.l(entry2.o)
    0x080000f0   0x080000f0   0x00000004   Code   RO         3268    .ARM.Collect$$$$00000004  mc_w.l(entry5.o)
    0x080000f4   0x080000f4   0x00000000   Code   RO         3270    .ARM.Collect$$$$00000008  mc_w.l(entry7b.o)
    0x080000f4   0x080000f4   0x00000000   Code   RO         3272    .ARM.Collect$$$$0000000A  mc_w.l(entry8b.o)
    0x080000f4   0x080000f4   0x00000008   Code   RO         3273    .ARM.Collect$$$$0000000B  mc_w.l(entry9a.o)
    0x080000fc   0x080000fc   0x00000004   Code   RO         3280    .ARM.Collect$$$$0000000E  mc_w.l(entry12b.o)
    0x08000100   0x08000100   0x00000000   Code   RO         3275    .ARM.Collect$$$$0000000F  mc_w.l(entry10a.o)
    0x08000100   0x08000100   0x00000000   Code   RO         3277    .ARM.Collect$$$$00000011  mc_w.l(entry11a.o)
    0x08000100   0x08000100   0x00000004   Code   RO         3266    .ARM.Collect$$$$00002712  mc_w.l(entry2.o)
    0x08000104   0x08000104   0x00000024   Code   RO         1103    .text               startup_stm32f10x_md.o
    0x08000128   0x08000128   0x0000000c   Code   RO         3247    .text               mc_w.l(toupper.o)
    0x08000134   0x08000134   0x00000024   Code   RO         3249    .text               mc_w.l(memcpya.o)
    0x08000158   0x08000158   0x00000024   Code   RO         3251    .text               mc_w.l(memseta.o)
    0x0800017c   0x0800017c   0x00000018   Code   RO         3253    .text               mc_w.l(strcat.o)
    0x08000194   0x08000194   0x00000024   Code   RO         3255    .text               mc_w.l(strstr.o)
    0x080001b8   0x080001b8   0x0000000e   Code   RO         3257    .text               mc_w.l(strlen.o)
    0x080001c6   0x080001c6   0x0000001c   Code   RO         3259    .text               mc_w.l(strcmp.o)
    0x080001e2   0x080001e2   0x00000012   Code   RO         3261    .text               mc_w.l(strcpy.o)
    0x080001f4   0x080001f4   0x00000024   Code   RO         3281    .text               mc_w.l(init.o)
    0x08000218   0x08000218   0x00000056   Code   RO         3291    .text               mc_w.l(__dczerorl2.o)
    0x0800026e   0x0800026e   0x00000002   PAD
    0x08000270   0x08000270   0x000000dc   Code   RO          645    i.AT24C02IPTid_Init  at24c02.o
    0x0800034c   0x0800034c   0x00000004   Code   RO          646    i.AT24C02_Init      at24c02.o
    0x08000350   0x08000350   0x00000060   Code   RO          647    i.AT24C02_Read      at24c02.o
    0x080003b0   0x080003b0   0x00000060   Code   RO          648    i.AT24C02_Write     at24c02.o
    0x08000410   0x08000410   0x000000c4   Code   RO         1088    i.BSP_Init          bsp_config.o
    0x080004d4   0x080004d4   0x00000002   Code   RO          119    i.BusFault_Handler  stm32f10x_it.o
    0x080004d6   0x080004d6   0x0000000a   Code   RO         1301    i.ByteSwap          usb_regs.o
    0x080004e0   0x080004e0   0x00000158   Code   RO         1254    i.CTR_LP            usb_int.o
    0x08000638   0x08000638   0x00000032   Code   RO          404    i.Char_Find         string_config.o
    0x0800066a   0x0800066a   0x00000002   PAD
    0x0800066c   0x0800066c   0x00000028   Code   RO         1302    i.ClearDTOG_RX      usb_regs.o
    0x08000694   0x08000694   0x00000028   Code   RO         1303    i.ClearDTOG_TX      usb_regs.o
    0x080006bc   0x080006bc   0x00000020   Code   RO         1308    i.Clear_Status_Out  usb_regs.o
    0x080006dc   0x080006dc   0x000000b4   Code   RO         1108    i.DataStageIn       usb_core.o
    0x08000790   0x08000790   0x000000a4   Code   RO         1109    i.DataStageOut      usb_core.o
    0x08000834   0x08000834   0x0000019c   Code   RO         1110    i.Data_Setup0       usb_core.o
    0x080009d0   0x080009d0   0x00000002   Code   RO          120    i.DebugMon_Handler  stm32f10x_it.o
    0x080009d2   0x080009d2   0x00000002   PAD
    0x080009d4   0x080009d4   0x00000078   Code   RO         1830    i.EP1_IN_Callback   usb_endp.o
    0x08000a4c   0x08000a4c   0x00000020   Code   RO         1831    i.EP3_OUT_Callback  usb_endp.o
    0x08000a6c   0x08000a6c   0x0000008c   Code   RO          121    i.EXTI1_IRQHandler  stm32f10x_it.o
    0x08000af8   0x08000af8   0x0000008c   Code   RO          122    i.EXTI9_5_IRQHandler  stm32f10x_it.o
    0x08000b84   0x08000b84   0x0000000c   Code   RO         3145    i.EXTI_ClearITPendingBit  stm32f10x_exti.o
    0x08000b90   0x08000b90   0x00000020   Code   RO         3149    i.EXTI_GetITStatus  stm32f10x_exti.o
    0x08000bb0   0x08000bb0   0x00000070   Code   RO         3150    i.EXTI_Init         stm32f10x_exti.o
    0x08000c20   0x08000c20   0x0000000c   Code   RO         1685    i.Enter_LowPowerMode  hw_config.o
    0x08000c2c   0x08000c2c   0x000000fc   Code   RO          990    i.FirstHeart_Open   timer_deal.o
    0x08000d28   0x08000d28   0x00000028   Code   RO         2120    i.GPIO_EXTILineConfig  stm32f10x_gpio.o
    0x08000d50   0x08000d50   0x0000009c   Code   RO         2123    i.GPIO_Init         stm32f10x_gpio.o
    0x08000dec   0x08000dec   0x00000058   Code   RO         2125    i.GPIO_PinRemapConfig  stm32f10x_gpio.o
    0x08000e44   0x08000e44   0x0000000e   Code   RO         2127    i.GPIO_ReadInputDataBit  stm32f10x_gpio.o
    0x08000e52   0x08000e52   0x00000004   Code   RO         2130    i.GPIO_ResetBits    stm32f10x_gpio.o
    0x08000e56   0x08000e56   0x00000004   Code   RO         2131    i.GPIO_SetBits      stm32f10x_gpio.o
    0x08000e5a   0x08000e5a   0x00000002   PAD
    0x08000e5c   0x08000e5c   0x00000020   Code   RO         1320    i.GetEPRxAddr       usb_regs.o
    0x08000e7c   0x08000e7c   0x00000020   Code   RO         1321    i.GetEPRxCount      usb_regs.o
    0x08000e9c   0x08000e9c   0x0000001c   Code   RO         1323    i.GetEPTxAddr       usb_regs.o
    0x08000eb8   0x08000eb8   0x0000002e   Code   RO          406    i.Get_Head          string_config.o
    0x08000ee6   0x08000ee6   0x00000002   PAD
    0x08000ee8   0x08000ee8   0x00000034   Code   RO         1686    i.Get_SerialNum     hw_config.o
    0x08000f1c   0x08000f1c   0x00000044   Code   RO          884    i.HDMISendConncetOK  hdmi_t050.o
    0x08000f60   0x08000f60   0x00000044   Code   RO          887    i.HDMIShowInfo      hdmi_t050.o
    0x08000fa4   0x08000fa4   0x00000104   Code   RO          888    i.HDMIShowMenuInfo  hdmi_t050.o
    0x080010a8   0x080010a8   0x00000054   Code   RO          889    i.HDMIShowRechargeSucess  hdmi_t050.o
    0x080010fc   0x080010fc   0x00000084   Code   RO          891    i.HDMIShowSignal    hdmi_t050.o
    0x08001180   0x08001180   0x00000140   Code   RO          892    i.HDMIShowUserDetail  hdmi_t050.o
    0x080012c0   0x080012c0   0x00000020   Code   RO          893    i.HDMIShowWait      hdmi_t050.o
    0x080012e0   0x080012e0   0x00000012   Code   RO          894    i.HDMI_CMD_Send     hdmi_t050.o
    0x080012f2   0x080012f2   0x00000002   PAD
    0x080012f4   0x080012f4   0x00000018   Code   RO          896    i.HDMI_Init         hdmi_t050.o
    0x0800130c   0x0800130c   0x0000003c   Code   RO          897    i.HDMI_ShowInfo     hdmi_t050.o
    0x08001348   0x08001348   0x0000003c   Code   RO          898    i.HDMI_UnitShowInfo  hdmi_t050.o
    0x08001384   0x08001384   0x00000068   Code   RO         1031    i.HXCard_Init       hxcard_config.o
    0x080013ec   0x080013ec   0x00000002   Code   RO          123    i.HardFault_Handler  stm32f10x_it.o
    0x080013ee   0x080013ee   0x00000002   PAD
    0x080013f0   0x080013f0   0x0000003c   Code   RO          315    i.IIC_Ack           iic_24c02.o
    0x0800142c   0x0800142c   0x0000003c   Code   RO          316    i.IIC_INIT          iic_24c02.o
    0x08001468   0x08001468   0x0000003c   Code   RO          317    i.IIC_NAck          iic_24c02.o
    0x080014a4   0x080014a4   0x0000005c   Code   RO          318    i.IIC_Read_Byte     iic_24c02.o
    0x08001500   0x08001500   0x0000001c   Code   RO          319    i.IIC_SDA_IN        iic_24c02.o
    0x0800151c   0x0800151c   0x00000024   Code   RO          320    i.IIC_SDA_OUT       iic_24c02.o
    0x08001540   0x08001540   0x00000058   Code   RO          321    i.IIC_Send_Byte     iic_24c02.o
    0x08001598   0x08001598   0x0000003c   Code   RO          322    i.IIC_Start         iic_24c02.o
    0x080015d4   0x080015d4   0x0000003c   Code   RO          323    i.IIC_Stop          iic_24c02.o
    0x08001610   0x08001610   0x00000054   Code   RO          324    i.IIC_Wait_Ack      iic_24c02.o
    0x08001664   0x08001664   0x0000005c   Code   RO         1111    i.In0_Process       usb_core.o
    0x080016c0   0x080016c0   0x00000036   Code   RO         1687    i.IntToUnicode      hw_config.o
    0x080016f6   0x080016f6   0x00000012   Code   RO          407    i.Interger_Clear    string_config.o
    0x08001708   0x08001708   0x0000001c   Code   RO         1688    i.Leave_LowPowerMode  hw_config.o
    0x08001724   0x08001724   0x0000025c   Code   RO          582    i.M6312_Connect     m6312.o
    0x08001980   0x08001980   0x0000004c   Code   RO          583    i.M6312_Init        m6312.o
    0x080019cc   0x080019cc   0x000000a0   Code   RO          584    i.M6312_RConnect    m6312.o
    0x08001a6c   0x08001a6c   0x00000034   Code   RO          585    i.M6312_SendData    m6312.o
    0x08001aa0   0x08001aa0   0x000000f0   Code   RO          586    i.M6312_SignalQuery  m6312.o
    0x08001b90   0x08001b90   0x0000013c   Code   RO          587    i.M6312_TimeQuery   m6312.o
    0x08001ccc   0x08001ccc   0x00000034   Code   RO          588    i.M6312_USART_GetRcvData  m6312.o
    0x08001d00   0x08001d00   0x00000070   Code   RO          589    i.M6312_UploadData  m6312.o
    0x08001d70   0x08001d70   0x00000002   Code   RO          124    i.MemManage_Handler  stm32f10x_it.o
    0x08001d72   0x08001d72   0x00000002   Code   RO          125    i.NMI_Handler       stm32f10x_it.o
    0x08001d74   0x08001d74   0x00000002   Code   RO         1112    i.NOP_Process       usb_core.o
    0x08001d76   0x08001d76   0x00000008   Code   RO          230    i.NVIC_Configuration  sys.o
    0x08001d7e   0x08001d7e   0x00000002   PAD
    0x08001d80   0x08001d80   0x00000064   Code   RO         2036    i.NVIC_Init         misc.o
    0x08001de4   0x08001de4   0x00000014   Code   RO         2037    i.NVIC_PriorityGroupConfig  misc.o
    0x08001df8   0x08001df8   0x000000d4   Code   RO         1113    i.NoData_Setup0     usb_core.o
    0x08001ecc   0x08001ecc   0x00000048   Code   RO         1114    i.Out0_Process      usb_core.o
    0x08001f14   0x08001f14   0x00000018   Code   RO          857    i.PAM8406_Close     pam8406_config.o
    0x08001f2c   0x08001f2c   0x00000028   Code   RO          858    i.PAM8406_Init      pam8406_config.o
    0x08001f54   0x08001f54   0x00000018   Code   RO          859    i.PAM8406_Open      pam8406_config.o
    0x08001f6c   0x08001f6c   0x0000001c   Code   RO          756    i.PC_Close          pc_config.o
    0x08001f88   0x08001f88   0x00000044   Code   RO          757    i.PC_Init           pc_config.o
    0x08001fcc   0x08001fcc   0x0000001c   Code   RO          758    i.PC_Open           pc_config.o
    0x08001fe8   0x08001fe8   0x00000014   Code   RO          759    i.PC_ReadCard       pc_config.o
    0x08001ffc   0x08001ffc   0x0000001e   Code   RO          760    i.PC_ReadData       pc_config.o
    0x0800201a   0x0800201a   0x00000002   PAD
    0x0800201c   0x0800201c   0x00000090   Code   RO          761    i.PC_ReceiveData    pc_config.o
    0x080020ac   0x080020ac   0x0000001a   Code   RO          762    i.PC_SendData       pc_config.o
    0x080020c6   0x080020c6   0x00000002   PAD
    0x080020c8   0x080020c8   0x00000014   Code   RO          763    i.PC_ShutDown       pc_config.o
    0x080020dc   0x080020dc   0x00000134   Code   RO          764    i.PC_Start          pc_config.o
    0x08002210   0x08002210   0x00000064   Code   RO          765    i.PC_StartPam       pc_config.o
    0x08002274   0x08002274   0x00000034   Code   RO          766    i.PC_USB_GetRcvData  pc_config.o
    0x080022a8   0x080022a8   0x00000034   Code   RO          767    i.PC_Usart_GetRcvData  pc_config.o
    0x080022dc   0x080022dc   0x00000024   Code   RO          768    i.PC_WirteData      pc_config.o
    0x08002300   0x08002300   0x000000a0   Code   RO          769    i.PC_WriteCard      pc_config.o
    0x080023a0   0x080023a0   0x00000020   Code   RO         1283    i.PMAToUserBufferCopy  usb_mem.o
    0x080023c0   0x080023c0   0x00000002   Code   RO          126    i.PendSV_Handler    stm32f10x_it.o
    0x080023c2   0x080023c2   0x00000002   PAD
    0x080023c4   0x080023c4   0x00000044   Code   RO         1115    i.Post0_Process     usb_core.o
    0x08002408   0x08002408   0x0000002c   Code   RO         1982    i.PowerOn           usb_pwr.o
    0x08002434   0x08002434   0x00000018   Code   RO         2233    i.RCC_APB1PeriphClockCmd  stm32f10x_rcc.o
    0x0800244c   0x0800244c   0x00000018   Code   RO         2234    i.RCC_APB1PeriphResetCmd  stm32f10x_rcc.o
    0x08002464   0x08002464   0x00000018   Code   RO         2235    i.RCC_APB2PeriphClockCmd  stm32f10x_rcc.o
    0x0800247c   0x0800247c   0x00000018   Code   RO         2236    i.RCC_APB2PeriphResetCmd  stm32f10x_rcc.o
    0x08002494   0x08002494   0x00000058   Code   RO          231    i.RCC_Configuration  sys.o
    0x080024ec   0x080024ec   0x00000040   Code   RO         2242    i.RCC_DeInit        stm32f10x_rcc.o
    0x0800252c   0x0800252c   0x00000094   Code   RO         2243    i.RCC_GetClocksFreq  stm32f10x_rcc.o
    0x080025c0   0x080025c0   0x00000030   Code   RO         2244    i.RCC_GetFlagStatus  stm32f10x_rcc.o
    0x080025f0   0x080025f0   0x00000010   Code   RO         2246    i.RCC_GetSYSCLKSource  stm32f10x_rcc.o
    0x08002600   0x08002600   0x00000014   Code   RO         2247    i.RCC_HCLKConfig    stm32f10x_rcc.o
    0x08002614   0x08002614   0x00000034   Code   RO         2248    i.RCC_HSEConfig     stm32f10x_rcc.o
    0x08002648   0x08002648   0x00000014   Code   RO         2254    i.RCC_PCLK1Config   stm32f10x_rcc.o
    0x0800265c   0x0800265c   0x00000014   Code   RO         2255    i.RCC_PCLK2Config   stm32f10x_rcc.o
    0x08002670   0x08002670   0x0000000c   Code   RO         2256    i.RCC_PLLCmd        stm32f10x_rcc.o
    0x0800267c   0x0800267c   0x00000014   Code   RO         2257    i.RCC_PLLConfig     stm32f10x_rcc.o
    0x08002690   0x08002690   0x00000014   Code   RO         2260    i.RCC_SYSCLKConfig  stm32f10x_rcc.o
    0x080026a4   0x080026a4   0x0000000c   Code   RO         2261    i.RCC_USBCLKConfig  stm32f10x_rcc.o
    0x080026b0   0x080026b0   0x0000002c   Code   RO         2262    i.RCC_WaitForHSEStartUp  stm32f10x_rcc.o
    0x080026dc   0x080026dc   0x00000094   Code   RO         1983    i.Resume            usb_pwr.o
    0x08002770   0x08002770   0x00000020   Code   RO         1984    i.Resume_Init       usb_pwr.o
    0x08002790   0x08002790   0x000000b4   Code   RO         1011    i.SCCard_Deal       cardinfodeal.o
    0x08002844   0x08002844   0x00000068   Code   RO         1052    i.SCCard_Init       sccard_config.o
    0x080028ac   0x080028ac   0x00000194   Code   RO         1053    i.SCCard_PCDataSpit  sccard_config.o
    0x08002a40   0x08002a40   0x00000094   Code   RO         1054    i.SCCard_ServerDataCombine  sccard_config.o
    0x08002ad4   0x08002ad4   0x00000590   Code   RO         1055    i.SCCard_ServerDataSpit  sccard_config.o
    0x08003064   0x08003064   0x00000028   Code   RO         1832    i.SOF_Callback      usb_endp.o
    0x0800308c   0x0800308c   0x00000002   Code   RO          127    i.SVC_Handler       stm32f10x_it.o
    0x0800308e   0x0800308e   0x00000002   PAD
    0x08003090   0x08003090   0x00000010   Code   RO         1331    i.SetBTABLE         usb_regs.o
    0x080030a0   0x080030a0   0x00000048   Code   RO         1116    i.SetDeviceAddress  usb_core.o
    0x080030e8   0x080030e8   0x00000020   Code   RO         1345    i.SetEPRxAddr       usb_regs.o
    0x08003108   0x08003108   0x00000040   Code   RO         1346    i.SetEPRxCount      usb_regs.o
    0x08003148   0x08003148   0x00000030   Code   RO         1347    i.SetEPRxStatus     usb_regs.o
    0x08003178   0x08003178   0x00000024   Code   RO         1348    i.SetEPRxValid      usb_regs.o
    0x0800319c   0x0800319c   0x00000020   Code   RO         1349    i.SetEPTxAddr       usb_regs.o
    0x080031bc   0x080031bc   0x0000001c   Code   RO         1350    i.SetEPTxCount      usb_regs.o
    0x080031d8   0x080031d8   0x00000030   Code   RO         1351    i.SetEPTxStatus     usb_regs.o
    0x08003208   0x08003208   0x00000024   Code   RO         1352    i.SetEPTxValid      usb_regs.o
    0x0800322c   0x0800322c   0x0000001c   Code   RO         1353    i.SetEPType         usb_regs.o
    0x08003248   0x08003248   0x000000a8   Code   RO          553    i.SetSysClockTo72   system_stm32f10x.o
    0x080032f0   0x080032f0   0x00000014   Code   RO         1689    i.Set_USBClock      hw_config.o
    0x08003304   0x08003304   0x00000068   Code   RO         1117    i.Setup0_Process    usb_core.o
    0x0800336c   0x0800336c   0x000000fc   Code   RO         1118    i.Standard_ClearFeature  usb_core.o
    0x08003468   0x08003468   0x00000028   Code   RO         1119    i.Standard_GetConfiguration  usb_core.o
    0x08003490   0x08003490   0x0000001c   Code   RO         1120    i.Standard_GetDescriptorData  usb_core.o
    0x080034ac   0x080034ac   0x00000028   Code   RO         1121    i.Standard_GetInterface  usb_core.o
    0x080034d4   0x080034d4   0x00000094   Code   RO         1122    i.Standard_GetStatus  usb_core.o
    0x08003568   0x08003568   0x00000038   Code   RO         1123    i.Standard_SetConfiguration  usb_core.o
    0x080035a0   0x080035a0   0x00000024   Code   RO         1124    i.Standard_SetDeviceFeature  usb_core.o
    0x080035c4   0x080035c4   0x00000088   Code   RO         1125    i.Standard_SetEndPointFeature  usb_core.o
    0x0800364c   0x0800364c   0x00000048   Code   RO         1126    i.Standard_SetInterface  usb_core.o
    0x08003694   0x08003694   0x00000066   Code   RO         3200    i.StrToDec          utils.o
    0x080036fa   0x080036fa   0x00000010   Code   RO          408    i.String_Clear      string_config.o
    0x0800370a   0x0800370a   0x0000001a   Code   RO          409    i.String_Find       string_config.o
    0x08003724   0x08003724   0x00000080   Code   RO         1985    i.Suspend           usb_pwr.o
    0x080037a4   0x080037a4   0x00000018   Code   RO         2040    i.SysTick_CLKSourceConfig  misc.o
    0x080037bc   0x080037bc   0x00000002   Code   RO          128    i.SysTick_Handler   stm32f10x_it.o
    0x080037be   0x080037be   0x00000002   PAD
    0x080037c0   0x080037c0   0x00000050   Code   RO          555    i.SystemInit        system_stm32f10x.o
    0x08003810   0x08003810   0x00000050   Code   RO          129    i.TIM3_IRQHandler   stm32f10x_it.o
    0x08003860   0x08003860   0x00000006   Code   RO         2620    i.TIM_ClearITPendingBit  stm32f10x_tim.o
    0x08003866   0x08003866   0x00000014   Code   RO         2625    i.TIM_Cmd           stm32f10x_tim.o
    0x0800387a   0x0800387a   0x00000018   Code   RO         2646    i.TIM_GetITStatus   stm32f10x_tim.o
    0x08003892   0x08003892   0x00000002   PAD
    0x08003894   0x08003894   0x0000006c   Code   RO          386    i.TIM_Heart_Init    timer_heart.o
    0x08003900   0x08003900   0x00000010   Code   RO         2650    i.TIM_ITConfig      stm32f10x_tim.o
    0x08003910   0x08003910   0x0000009c   Code   RO         2696    i.TIM_TimeBaseInit  stm32f10x_tim.o
    0x080039ac   0x080039ac   0x00000064   Code   RO          130    i.USART1_IRQHandler  stm32f10x_it.o
    0x08003a10   0x08003a10   0x00000064   Code   RO          131    i.USART2_IRQHandler  stm32f10x_it.o
    0x08003a74   0x08003a74   0x00000006   Code   RO         2431    i.USART_ClearFlag   stm32f10x_usart.o
    0x08003a7a   0x08003a7a   0x00000014   Code   RO         2435    i.USART_Cmd         stm32f10x_usart.o
    0x08003a8e   0x08003a8e   0x00000002   PAD
    0x08003a90   0x08003a90   0x0000001c   Code   RO         1690    i.USART_Config      hw_config.o
    0x08003aac   0x08003aac   0x00000074   Code   RO         2437    i.USART_DeInit      stm32f10x_usart.o
    0x08003b20   0x08003b20   0x0000000e   Code   RO         2438    i.USART_GetFlagStatus  stm32f10x_usart.o
    0x08003b2e   0x08003b2e   0x00000002   PAD
    0x08003b30   0x08003b30   0x00000084   Code   RO          447    i.USART_HDMI_Init   usart3_hdmi.o
    0x08003bb4   0x08003bb4   0x00000038   Code   RO          448    i.USART_HDMI_SendB  usart3_hdmi.o
    0x08003bec   0x08003bec   0x00000028   Code   RO          449    i.USART_HDMI_SendS  usart3_hdmi.o
    0x08003c14   0x08003c14   0x00000030   Code   RO         2441    i.USART_ITConfig    stm32f10x_usart.o
    0x08003c44   0x08003c44   0x000000ac   Code   RO         2442    i.USART_Init        stm32f10x_usart.o
    0x08003cf0   0x08003cf0   0x000000a4   Code   RO          502    i.USART_M6312_Init  usart1_m6312.o
    0x08003d94   0x08003d94   0x00000080   Code   RO          503    i.USART_M6312_SendCmd  usart1_m6312.o
    0x08003e14   0x08003e14   0x0000003c   Code   RO          504    i.USART_M6312_Write  usart1_m6312.o
    0x08003e50   0x08003e50   0x000000ac   Code   RO          477    i.USART_PC_Init     usart2_pc.o
    0x08003efc   0x08003efc   0x00000034   Code   RO          770    i.USART_PC_SendData  pc_config.o
    0x08003f30   0x08003f30   0x0000003c   Code   RO          478    i.USART_PC_Write    usart2_pc.o
    0x08003f6c   0x08003f6c   0x00000008   Code   RO         2452    i.USART_SendData    stm32f10x_usart.o
    0x08003f74   0x08003f74   0x00000008   Code   RO         1691    i.USBWakeUp_IRQHandler  hw_config.o
    0x08003f7c   0x08003f7c   0x0000002e   Code   RO          691    i.USB_CONFIG_Init   usb_config.o
    0x08003faa   0x08003faa   0x00000002   Code   RO         1692    i.USB_Cable_Config  hw_config.o
    0x08003fac   0x08003fac   0x00000028   Code   RO         1227    i.USB_Init          usb_init.o
    0x08003fd4   0x08003fd4   0x00000050   Code   RO         1695    i.USB_Interrupts_Config  hw_config.o
    0x08004024   0x08004024   0x0000014c   Code   RO         1858    i.USB_Istr          usb_istr.o
    0x08004170   0x08004170   0x00000004   Code   RO         1696    i.USB_LP_CAN1_RX0_IRQHandler  hw_config.o
    0x08004174   0x08004174   0x00000030   Code   RO          692    i.USB_PC_SendData   usb_config.o
    0x080041a4   0x080041a4   0x0000004c   Code   RO         1697    i.USB_Port_Set      hw_config.o
    0x080041f0   0x080041f0   0x00000020   Code   RO         1661    i.USB_SIL_Init      usb_sil.o
    0x08004210   0x08004210   0x00000024   Code   RO         1662    i.USB_SIL_Read      usb_sil.o
    0x08004234   0x08004234   0x00000058   Code   RO         1698    i.USB_To_USART_Send_Data  hw_config.o
    0x0800428c   0x0800428c   0x00000028   Code   RO         1699    i.USB_USART_SendData  hw_config.o
    0x080042b4   0x080042b4   0x0000001e   Code   RO         1700    i.USB_Write         hw_config.o
    0x080042d2   0x080042d2   0x00000002   Code   RO          132    i.UsageFault_Handler  stm32f10x_it.o
    0x080042d4   0x080042d4   0x00000028   Code   RO         1284    i.UserToPMABufferCopy  usb_mem.o
    0x080042fc   0x080042fc   0x00000054   Code   RO         1878    i.Virtual_Com_Port_Data_Setup  usb_prop.o
    0x08004350   0x08004350   0x0000000c   Code   RO         1879    i.Virtual_Com_Port_GetConfigDescriptor  usb_prop.o
    0x0800435c   0x0800435c   0x0000000c   Code   RO         1880    i.Virtual_Com_Port_GetDeviceDescriptor  usb_prop.o
    0x08004368   0x08004368   0x0000001c   Code   RO         1881    i.Virtual_Com_Port_GetLineCoding  usb_prop.o
    0x08004384   0x08004384   0x00000020   Code   RO         1882    i.Virtual_Com_Port_GetStringDescriptor  usb_prop.o
    0x080043a4   0x080043a4   0x0000000e   Code   RO         1883    i.Virtual_Com_Port_Get_Interface_Setting  usb_prop.o
    0x080043b2   0x080043b2   0x00000002   PAD
    0x080043b4   0x080043b4   0x00000024   Code   RO         1884    i.Virtual_Com_Port_NoData_Setup  usb_prop.o
    0x080043d8   0x080043d8   0x000000e0   Code   RO         1885    i.Virtual_Com_Port_Reset  usb_prop.o
    0x080044b8   0x080044b8   0x00000018   Code   RO         1886    i.Virtual_Com_Port_SetConfiguration  usb_prop.o
    0x080044d0   0x080044d0   0x0000000c   Code   RO         1887    i.Virtual_Com_Port_SetDeviceAddress  usb_prop.o
    0x080044dc   0x080044dc   0x0000001c   Code   RO         1888    i.Virtual_Com_Port_SetLineCoding  usb_prop.o
    0x080044f8   0x080044f8   0x00000018   Code   RO         1889    i.Virtual_Com_Port_Status_In  usb_prop.o
    0x08004510   0x08004510   0x00000002   Code   RO         1890    i.Virtual_Com_Port_Status_Out  usb_prop.o
    0x08004512   0x08004512   0x00000002   PAD
    0x08004514   0x08004514   0x00000024   Code   RO         1891    i.Virtual_Com_Port_init  usb_prop.o
    0x08004538   0x08004538   0x00000018   Code   RO          133    i.WWDG_IRQHandler   stm32f10x_it.o
    0x08004550   0x08004550   0x0000000e   Code   RO         3285    i.__scatterload_copy  mc_w.l(handlers.o)
    0x0800455e   0x0800455e   0x00000002   Code   RO         3286    i.__scatterload_null  mc_w.l(handlers.o)
    0x08004560   0x08004560   0x0000000e   Code   RO         3287    i.__scatterload_zeroinit  mc_w.l(handlers.o)
    0x0800456e   0x0800456e   0x00000002   PAD
    0x08004570   0x08004570   0x0000003c   Code   RO          280    i.delay_init        systick.o
    0x080045ac   0x080045ac   0x00000034   Code   RO          281    i.delay_ms          systick.o
    0x080045e0   0x080045e0   0x00000034   Code   RO          282    i.delay_us          systick.o
    0x08004614   0x08004614   0x00000060   Code   RO            1    i.main              main.o
    0x08004674   0x08004674   0x00000012   Data   RO         1813    .constdata          usb_desc.o
    0x08004686   0x08004686   0x00000043   Data   RO         1814    .constdata          usb_desc.o
    0x080046c9   0x080046c9   0x00000004   Data   RO         1815    .constdata          usb_desc.o
    0x080046cd   0x080046cd   0x00000026   Data   RO         1816    .constdata          usb_desc.o
    0x080046f3   0x080046f3   0x00000032   Data   RO         1817    .constdata          usb_desc.o
    0x08004725   0x08004725   0x00000003   PAD
    0x08004728   0x08004728   0x00000056   Data   RO          650    .conststring        at24c02.o
    0x0800477e   0x0800477e   0x00000002   PAD
    0x08004780   0x08004780   0x00000020   Data   RO         3283    Region$$Table       anon$$obj.o


    Execution Region RW_IRAM1 (Exec base: 0x20000000, Load base: 0x080047a0, Size: 0x00001a70, Max: 0x00005000, ABSOLUTE, COMPRESSED[0x0000009c])

    Exec Addr    Load Addr    Size         Type   Attr      Idx    E Section Name        Object

    0x20000000   COMPRESSED   0x00000004   Data   RW          283    .data               systick.o
    0x20000004   COMPRESSED   0x00000004   Data   RW          480    .data               usart2_pc.o
    0x20000008   COMPRESSED   0x00000004   Data   RW          508    .data               usart1_m6312.o
    0x2000000c   COMPRESSED   0x00000014   Data   RW          556    .data               system_stm32f10x.o
    0x20000020   COMPRESSED   0x00000003   Data   RW          591    .data               m6312.o
    0x20000023   COMPRESSED   0x00000002   Data   RW          772    .data               pc_config.o
    0x20000025   COMPRESSED   0x00000003   PAD
    0x20000028   COMPRESSED   0x00000004   Data   RW          992    .data               timer_deal.o
    0x2000002c   COMPRESSED   0x00000004   Data   RW          994    .data               timer_deal.o
    0x20000030   COMPRESSED   0x00000004   Data   RW         1032    .data               hxcard_config.o
    0x20000034   COMPRESSED   0x00000004   Data   RW         1056    .data               sccard_config.o
    0x20000038   COMPRESSED   0x00000004   Data   RW         1127    .data               usb_core.o
    0x2000003c   COMPRESSED   0x00000001   Data   RW         1229    .data               usb_init.o
    0x2000003d   COMPRESSED   0x00000003   PAD
    0x20000040   COMPRESSED   0x0000000c   Data   RW         1230    .data               usb_init.o
    0x2000004c   COMPRESSED   0x00000002   Data   RW         1232    .data               usb_init.o
    0x2000004e   COMPRESSED   0x00000004   Data   RW         1255    .data               usb_int.o
    0x20000052   COMPRESSED   0x00000002   PAD
    0x20000054   COMPRESSED   0x00000008   Data   RW         1703    .data               hw_config.o
    0x2000005c   COMPRESSED   0x0000001a   Data   RW         1818    .data               usb_desc.o
    0x20000076   COMPRESSED   0x00000002   PAD
    0x20000078   COMPRESSED   0x00000004   Data   RW         1834    .data               usb_endp.o
    0x2000007c   COMPRESSED   0x0000000c   Data   RW         1859    .data               usb_istr.o
    0x20000088   COMPRESSED   0x0000001c   Data   RW         1860    .data               usb_istr.o
    0x200000a4   COMPRESSED   0x0000001c   Data   RW         1861    .data               usb_istr.o
    0x200000c0   COMPRESSED   0x0000006c   Data   RW         1892    .data               usb_prop.o
    0x2000012c   COMPRESSED   0x00000002   Data   RW         1893    .data               usb_prop.o
    0x2000012e   COMPRESSED   0x00000002   PAD
    0x20000130   COMPRESSED   0x00000024   Data   RW         1894    .data               usb_prop.o
    0x20000154   COMPRESSED   0x00000004   Data   RW         1987    .data               usb_pwr.o
    0x20000158   COMPRESSED   0x00000001   Data   RW         1988    .data               usb_pwr.o
    0x20000159   COMPRESSED   0x00000003   PAD
    0x2000015c   COMPRESSED   0x00000008   Data   RW         1989    .data               usb_pwr.o
    0x20000164   COMPRESSED   0x00000014   Data   RW         2263    .data               stm32f10x_rcc.o
    0x20000178        -       0x00000443   Zero   RW          479    .bss                usart2_pc.o
    0x200005bb        -       0x00000443   Zero   RW          507    .bss                usart1_m6312.o
    0x200009fe        -       0x00000050   Zero   RW          590    .bss                m6312.o
    0x20000a4e        -       0x00000077   Zero   RW          649    .bss                at24c02.o
    0x20000ac5        -       0x000000dc   Zero   RW          771    .bss                pc_config.o
    0x20000ba1        -       0x00000064   Zero   RW          991    .bss                timer_deal.o
    0x20000c05        -       0x000003e8   Zero   RW         1012    .bss                cardinfodeal.o
    0x20000fed   COMPRESSED   0x00000003   PAD
    0x20000ff0        -       0x0000001c   Zero   RW         1228    .bss                usb_init.o
    0x2000100c        -       0x00000604   Zero   RW         1701    .bss                hw_config.o
    0x20001610        -       0x00000040   Zero   RW         1833    .bss                usb_endp.o
    0x20001650        -       0x00000020   Zero   RW         1986    .bss                usb_pwr.o
    0x20001670        -       0x00000400   Zero   RW         1100    STACK               startup_stm32f10x_md.o


==============================================================================

Image component sizes


      Code (inc. data)   RO Data    RW Data    ZI Data      Debug   Object Name

       416         14         86          0        119       5271   at24c02.o
       196         28          0          0          0        635   bsp_config.o
       180         38          0          0       1000       2170   cardinfodeal.o
      1126        466          0          0          0       7884   hdmi_t050.o
       522         54          0          8       1540      11938   hw_config.o
       104          4          0          4          0       3866   hxcard_config.o
       628         44          0          0          0       6495   iic_24c02.o
      1612        370          0          3         80       8125   m6312.o
        96         22          0          0          0     221024   main.o
       144         16          0          0          0       2393   misc.o
        88         12          0          0          0       2282   pam8406_config.o
      1124        282          0          2        220      11148   pc_config.o
      2080        504          0          4          0       6613   sccard_config.o
        36          8        236          0       1024        872   startup_stm32f10x_md.o
       156         14          0          0          0       2536   stm32f10x_exti.o
       306         12          0          0          0       5640   stm32f10x_gpio.o
       602        162          0          0          0      16190   stm32f10x_it.o
       592        106          0         20          0      13251   stm32f10x_rcc.o
       222         42          0          0          0       4921   stm32f10x_tim.o
       384         26          0          0          0       6686   stm32f10x_usart.o
       156          0          0          0          0       4161   string_config.o
        96          0          0          0          0     223413   sys.o
       248         24          0         20          0       2237   system_stm32f10x.o
       164         26          0          4          0       1903   systick.o
       252         52          0          8        100       1928   timer_deal.o
       108          4          0          0          0      21249   timer_heart.o
       352         22          0          4       1091       4829   usart1_m6312.o
       232         14          0          4       1091       2485   usart2_pc.o
       228         18          0          0          0       8180   usart3_hdmi.o
        94          8          0          0          0       4168   usb_config.o
      2186        284          0          4          0      16811   usb_core.o
         0          0        177         26          0       1343   usb_desc.o
       192         18          0          4         64       2776   usb_endp.o
        40         18          0         15         28       4550   usb_init.o
       344         30          0          4          0       2044   usb_int.o
       332         24          0         68          0       1979   usb_istr.o
        72         10          0          0          0       2200   usb_mem.o
       568        102          0        146          0      12761   usb_prop.o
       352         42          0         13         32       4360   usb_pwr.o
       582        100          0          0          0      11305   usb_regs.o
        68          8          0          0          0       1850   usb_sil.o
       102          0          0          0          0        879   utils.o

    ----------------------------------------------------------------------
     17416       3028        536        376       6392     677351   Object Totals
         0          0         32          0          0          0   (incl. Generated)
        34          0          5         15          3          0   (incl. Padding)

    ----------------------------------------------------------------------

      Code (inc. data)   RO Data    RW Data    ZI Data      Debug   Library Member Name

        86          0          0          0          0          0   __dczerorl2.o
         0          0          0          0          0          0   entry.o
         0          0          0          0          0          0   entry10a.o
         0          0          0          0          0          0   entry11a.o
         4          0          0          0          0          0   entry12b.o
         8          4          0          0          0          0   entry2.o
         4          0          0          0          0          0   entry5.o
         0          0          0          0          0          0   entry7b.o
         0          0          0          0          0          0   entry8b.o
         8          4          0          0          0          0   entry9a.o
        30          0          0          0          0          0   handlers.o
        36          8          0          0          0         68   init.o
        36          0          0          0          0         68   memcpya.o
        36          0          0          0          0        108   memseta.o
        24          0          0          0          0         68   strcat.o
        28          0          0          0          0         76   strcmp.o
        18          0          0          0          0         68   strcpy.o
        14          0          0          0          0         68   strlen.o
        36          0          0          0          0         80   strstr.o
        12          0          0          0          0         68   toupper.o

    ----------------------------------------------------------------------
       384         16          0          0          0        672   Library Totals
         4          0          0          0          0          0   (incl. Padding)

    ----------------------------------------------------------------------

      Code (inc. data)   RO Data    RW Data    ZI Data      Debug   Library Name

       380         16          0          0          0        672   mc_w.l

    ----------------------------------------------------------------------
       384         16          0          0          0        672   Library Totals

    ----------------------------------------------------------------------

==============================================================================


      Code (inc. data)   RO Data    RW Data    ZI Data      Debug   

     17800       3044        536        376       6392     666815   Grand Totals
     17800       3044        536        156       6392     666815   ELF Image Totals (compressed)
     17800       3044        536        156          0          0   ROM Totals

==============================================================================

    Total RO  Size (Code + RO Data)                18336 (  17.91kB)
    Total RW  Size (RW Data + ZI Data)              6768 (   6.61kB)
    Total ROM Size (Code + RO Data + RW Data)      18492 (  18.06kB)

==============================================================================

