Component: ARM Compiler 5.06 update 7 (build 960) Tool: armlink [4d3601]

==============================================================================

Section Cross References

    xfs.o(.text) refers to uart_xfs.o(.text) for UART_XFS_Init
    xfs.o(.text) refers to stm32f10x_rcc.o(.text) for RCC_APB2PeriphClockCmd
    xfs.o(.text) refers to stm32f10x_gpio.o(.text) for GPIO_Init
    xfs.o(.text) refers to rt_memclr_w.o(.text) for __aeabi_memclr4
    xfs.o(.text) refers to strlen.o(.text) for strlen
    xfs.o(.text) refers to rt_memcpy_v6.o(.text) for __aeabi_memcpy
    xfs.o(.text) refers to systick.o(.text) for delay_ms
    xfs.o(.text) refers to hdmi_t050.o(.text) for HDMIShowInfo
    m6311.o(.text) refers to usart_m6311.o(.text) for USART_M6311_Init
    m6311.o(.text) refers to stm32f10x_rcc.o(.text) for RCC_APB2PeriphClockCmd
    m6311.o(.text) refers to stm32f10x_gpio.o(.text) for GPIO_Init
    m6311.o(.text) refers to strlen.o(.text) for strlen
    m6311.o(.text) refers to string_get.o(.text) for String_Clear
    m6311.o(.text) refers to utils.o(.text) for StrToDec
    m6311.o(.text) refers to hdmi_t050.o(.text) for HDMIShowInfo
    m6311.o(.text) refers to systick.o(.text) for delay_ms
    m6311.o(.text) refers to strcpy.o(.text) for strcpy
    m6311.o(.text) refers to strcat.o(.text) for strcat
    m6311.o(.text) refers to strstr.o(.text) for strstr
    m6311.o(.text) refers to usart_m6311.o(.bss) for usart2_rcv_buf
    m6311.o(.text) refers to usart_m6311.o(.data) for usart2_rcv_len
    m6311.o(.text) refers to m6311.o(.data) for .data
    m6311.o(.text) refers to m6311.o(.bss) for .bss
    at24c02.o(.text) refers to iic_24c02.o(.text) for IIC_INIT
    at24c02.o(.text) refers to systick.o(.text) for delay_ms
    at24c02.o(.text) refers to rt_memclr_w.o(.text) for __aeabi_memclr4
    at24c02.o(.text) refers to string_get.o(.text) for String_Clear
    at24c02.o(.text) refers to strstr.o(.text) for strstr
    at24c02.o(.text) refers to strcpy.o(.text) for strcpy
    at24c02.o(.text) refers to strlen.o(.text) for strlen
    at24c02.o(.text) refers to at24c02.o(.constdata) for .constdata
    at24c02.o(.text) refers to at24c02.o(.bss) for .bss
    at24c02.o(.text) refers to at24c02.o(.conststring) for .conststring
    timer_deal.o(.text) refers to string_get.o(.text) for String_Clear
    timer_deal.o(.text) refers to strcpy.o(.text) for strcpy
    timer_deal.o(.text) refers to strcat.o(.text) for strcat
    timer_deal.o(.text) refers to systick.o(.text) for delay_ms
    timer_deal.o(.text) refers to strlen.o(.text) for strlen
    timer_deal.o(.text) refers to m6311.o(.text) for M6311_SendData
    timer_deal.o(.text) refers to strstr.o(.text) for strstr
    timer_deal.o(.text) refers to at24c02.o(.text) for ReStart_Read
    timer_deal.o(.text) refers to timer_deal.o(.bss) for .bss
    timer_deal.o(.text) refers to m6311.o(.data) for M6311_Connecting
    timer_deal.o(.text) refers to usart_m6311.o(.data) for usart2_rcv_len
    timer_deal.o(.text) refers to usart_m6311.o(.bss) for usart2_rcv_buf
    timer_deal.o(.text) refers to at24c02.o(.bss) for DeviceInfo
    hdmi_t050.o(.text) refers to uart_hdmi.o(.text) for UART_HDMI_Init
    hdmi_t050.o(.text) refers to strcpy.o(.text) for strcpy
    hdmi_t050.o(.text) refers to strcat.o(.text) for strcat
    hdmi_t050.o(.text) refers to string_get.o(.text) for String_Clear
    hdmi_t050.o(.text) refers to rt_memclr_w.o(.text) for __aeabi_memclr4
    hdmi_t050.o(.text) refers to m6311.o(.data) for M6311_Signal
    hdmi_t050.o(.text) refers to hdmi_t050.o(.bss) for .bss
    cardinfodeal.o(.text) refers to iic_card.o(.text) for I2C_INIT
    cardinfodeal.o(.text) refers to stm32f10x_rcc.o(.text) for RCC_APB2PeriphClockCmd
    cardinfodeal.o(.text) refers to stm32f10x_gpio.o(.text) for GPIO_Init
    cardinfodeal.o(.text) refers to rt_memclr_w.o(.text) for __aeabi_memclr4
    cardinfodeal.o(.text) refers to card24_config.o(.text) for Card24_Read
    cardinfodeal.o(.text) refers to string_get.o(.text) for Char_Find
    cardinfodeal.o(.text) refers to systick.o(.text) for delay_ms
    cardinfodeal.o(.text) refers to at24c02.o(.text) for AT24C02_Write
    cardinfodeal.o(.text) refers to utils.o(.text) for Byte_Split
    cardinfodeal.o(.text) refers to strcpy.o(.text) for strcpy
    cardinfodeal.o(.text) refers to strcat.o(.text) for strcat
    cardinfodeal.o(.text) refers to m6311.o(.text) for M6311_UploadData
    cardinfodeal.o(.text) refers to strcmpv7m.o(.text) for strcmp
    cardinfodeal.o(.text) refers to strlen.o(.text) for strlen
    cardinfodeal.o(.text) refers to cardinfodeal.o(.data) for .data
    cardinfodeal.o(.text) refers to m6311.o(.data) for M6311_RestartFlag
    cardinfodeal.o(.text) refers to cardinfodeal.o(.bss) for .bss
    cardinfodeal.o(.text) refers to at24c02.o(.bss) for DeviceInfo
    cardinfodeal.o(.text) refers to xfs.o(.text) for XFS_Fail_Play
    cardinfodeal.o(.text) refers to hdmi_t050.o(.text) for HDMIShowUserDetail
[...]
    ../clib/memcpset.s                       0x00000000   Number         0  rt_memclr_w.o ABSOLUTE
    ../clib/memcpset.s                       0x00000000   Number         0  rt_memcpy_w.o ABSOLUTE
    ../clib/signal.c                         0x00000000   Number         0  defsig_general.o ABSOLUTE
    ../clib/signal.c                         0x00000000   Number         0  defsig_other.o ABSOLUTE
    ../clib/signal.c                         0x00000000   Number         0  defsig_fpe_inner.o ABSOLUTE
    ../clib/signal.c                         0x00000000   Number         0  defsig_segv_inner.o ABSOLUTE
    ../clib/signal.c                         0x00000000   Number         0  defsig_cppl_inner.o ABSOLUTE
    ../clib/signal.c                         0x00000000   Number         0  __raise.o ABSOLUTE
    ../clib/signal.c                         0x00000000   Number         0  defsig_abrt_inner.o ABSOLUTE
    ../clib/signal.c                         0x00000000   Number         0  defsig_pvfn_inner.o ABSOLUTE
    ../clib/signal.c                         0x00000000   Number         0  defsig_stak_inner.o ABSOLUTE
    ../clib/signal.c                         0x00000000   Number         0  defsig_rtred_inner.o ABSOLUTE
    ../clib/signal.c                         0x00000000   Number         0  defsig_rtmem_outer.o ABSOLUTE
    ../clib/signal.c                         0x00000000   Number         0  defsig_rtmem_formal.o ABSOLUTE
    ../clib/signal.c                         0x00000000   Number         0  defsig_rtmem_inner.o ABSOLUTE
    ../clib/signal.c                         0x00000000   Number         0  defsig_exit.o ABSOLUTE
    ../clib/signal.s                         0x00000000   Number         0  defsig.o ABSOLUTE
    ../clib/stdlib.c                         0x00000000   Number         0  exit.o ABSOLUTE
    ../clib/string.c                         0x00000000   Number         0  strcat.o ABSOLUTE
    ../clib/string.c                         0x00000000   Number         0  strstr.o ABSOLUTE
    ../clib/string.c                         0x00000000   Number         0  strcpy.o ABSOLUTE
    ../clib/string.c                         0x00000000   Number         0  strlen.o ABSOLUTE
    ../fplib/fpinit.s                        0x00000000   Number         0  fpinit.o ABSOLUTE
    ..\CORE\core_cm3.c                       0x00000000   Number         0  core_cm3.o ABSOLUTE
    ..\FWlib\src\misc.c                      0x00000000   Number         0  misc.o ABSOLUTE
    ..\FWlib\src\stm32f10x_exti.c            0x00000000   Number         0  stm32f10x_exti.o ABSOLUTE
    ..\FWlib\src\stm32f10x_gpio.c            0x00000000   Number         0  stm32f10x_gpio.o ABSOLUTE
    ..\FWlib\src\stm32f10x_iwdg.c            0x00000000   Number         0  stm32f10x_iwdg.o ABSOLUTE
    ..\FWlib\src\stm32f10x_rcc.c             0x00000000   Number         0  stm32f10x_rcc.o ABSOLUTE
    ..\FWlib\src\stm32f10x_tim.c             0x00000000   Number         0  stm32f10x_tim.o ABSOLUTE
    ..\FWlib\src\stm32f10x_usart.c           0x00000000   Number         0  stm32f10x_usart.o ABSOLUTE
    ..\HARDWARE\src\AT24C02.c                0x00000000   Number         0  at24c02.o ABSOLUTE
    ..\HARDWARE\src\Card24_Config.c          0x00000000   Number         0  card24_config.o ABSOLUTE
    ..\HARDWARE\src\Card42_Config.c          0x00000000   Number         0  card42_config.o ABSOLUTE
    ..\HARDWARE\src\Card57_Config.c          0x00000000   Number         0  card57_config.o ABSOLUTE
    ..\HARDWARE\src\CardInfoDeal.c           0x00000000   Number         0  cardinfodeal.o ABSOLUTE
    ..\HARDWARE\src\HDMI_T050.c              0x00000000   Number         0  hdmi_t050.o ABSOLUTE
    ..\HARDWARE\src\M6311.c                  0x00000000   Number         0  m6311.o ABSOLUTE
    ..\HARDWARE\src\Timer_Deal.c             0x00000000   Number         0  timer_deal.o ABSOLUTE
    ..\HARDWARE\src\XFS.c                    0x00000000   Number         0  xfs.o ABSOLUTE
    ..\INTERFACE\src\BSP_Config.c            0x00000000   Number         0  bsp_config.o ABSOLUTE
    ..\INTERFACE\src\sys.c                   0x00000000   Number         0  sys.o ABSOLUTE
    ..\STARTUP\startup_stm32f10x_hd.s        0x00000000   Number         0  startup_stm32f10x_hd.o ABSOLUTE
    ..\SYSTEM\src\IIC_24C02.c                0x00000000   Number         0  iic_24c02.o ABSOLUTE
    ..\SYSTEM\src\IIC_Card.c                 0x00000000   Number         0  iic_card.o ABSOLUTE
    ..\SYSTEM\src\IWDG.c                     0x00000000   Number         0  iwdg.o ABSOLUTE
    ..\SYSTEM\src\String_Get.c               0x00000000   Number         0  string_get.o ABSOLUTE
    ..\SYSTEM\src\Timer_Heart.c              0x00000000   Number         0  timer_heart.o ABSOLUTE
    ..\SYSTEM\src\Uart_HDMI.c                0x00000000   Number         0  uart_hdmi.o ABSOLUTE
    ..\SYSTEM\src\Uart_XFS.c                 0x00000000   Number         0  uart_xfs.o ABSOLUTE
    ..\SYSTEM\src\Usart_M6311.c              0x00000000   Number         0  usart_m6311.o ABSOLUTE
    ..\SYSTEM\src\stm32f10x_it.c             0x00000000   Number         0  stm32f10x_it.o ABSOLUTE
    ..\SYSTEM\src\system_stm32f10x.c         0x00000000   Number         0  system_stm32f10x.o ABSOLUTE
    ..\SYSTEM\src\systick.c                  0x00000000   Number         0  systick.o ABSOLUTE
    ..\Utils\src\utils.c                     0x00000000   Number         0  utils.o ABSOLUTE
    ..\\CORE\\core_cm3.c                     0x00000000   Number         0  core_cm3.o ABSOLUTE
    dc.s                                     0x00000000   Number         0  dc.o ABSOLUTE
    main.c                                   0x00000000   Number         0  main.o ABSOLUTE
    RESET                                    0x08000000   Section      304  startup_stm32f10x_hd.o(RESET)
    !!!main                                  0x08000130   Section        8  __main.o(!!!main)
    !!!scatter                               0x08000138   Section       52  __scatter.o(!!!scatter)
    !!handler_copy                           0x0800016c   Section       26  __scatter_copy.o(!!handler_copy)
    !!handler_zi                             0x08000188   Section       28  __scatter_zi.o(!!handler_zi)
    .ARM.Collect$$libinit$$00000000          0x080001a4   Section        2  libinit.o(.ARM.Collect$$libinit$$00000000)
    .ARM.Collect$$libinit$$00000002          0x080001a6   Section        0  libinit2.o(.ARM.Collect$$libinit$$00000002)
    .ARM.Collect$$libinit$$00000004          0x080001a6   Section        0  libinit2.o(.ARM.Collect$$libinit$$00000004)
    .ARM.Collect$$libinit$$0000000A          0x080001a6   Section        0  libinit2.o(.ARM.Collect$$libinit$$0000000A)
    .ARM.Collect$$libinit$$0000000C          0x080001a6   Section        0  libinit2.o(.ARM.Collect$$libinit$$0000000C)
    .ARM.Collect$$libinit$$0000000E          0x080001a6   Section        0  libinit2.o(.ARM.Collect$$libinit$$0000000E)
    .ARM.Collect$$libinit$$0000000F          0x080001a6   Section        6  libinit2.o(.ARM.Collect$$libinit$$0000000F)
    .ARM.Collect$$libinit$$00000011          0x080001ac   Section        0  libinit2.o(.ARM.Collect$$libinit$$00000011)
    .ARM.Collect$$libinit$$00000012          0x080001ac   Section       12  libinit2.o(.ARM.Collect$$libinit$$00000012)
    .ARM.Collect$$libinit$$00000013          0x080001b8   Section        0  libinit2.o(.ARM.Collect$$libinit$$00000013)
    .ARM.Collect$$libinit$$00000015          0x080001b8   Section        0  libinit2.o(.ARM.Collect$$libinit$$00000015)
    .ARM.Collect$$libinit$$00000017          0x080001b8   Section        0  libinit2.o(.ARM.Collect$$libinit$$00000017)
    .ARM.Collect$$libinit$$00000019          0x080001b8   Section        0  libinit2.o(.ARM.Collect$$libinit$$00000019)
    .ARM.Collect$$libinit$$0000001B          0x080001b8   Section        0  libinit2.o(.ARM.Collect$$libinit$$0000001B)
    .ARM.Collect$$libinit$$0000001D          0x080001b8   Section        0  libinit2.o(.ARM.Collect$$libinit$$0000001D)
    .ARM.Collect$$libinit$$0000001F          0x080001b8   Section        0  libinit2.o(.ARM.Collect$$libinit$$0000001F)
    .ARM.Collect$$libinit$$00000021          0x080001b8   Section        0  libinit2.o(.ARM.Collect$$libinit$$00000021)
    .ARM.Collect$$libinit$$00000023          0x080001b8   Section        0  libinit2.o(.ARM.Collect$$libinit$$00000023)
    .ARM.Collect$$libinit$$00000025          0x080001b8   Section        0  libinit2.o(.ARM.Collect$$libinit$$00000025)
    .ARM.Collect$$libinit$$0000002C          0x080001b8   Section        0  libinit2.o(.ARM.Collect$$libinit$$0000002C)
    .ARM.Collect$$libinit$$0000002E          0x080001b8   Section        0  libinit2.o(.ARM.Collect$$libinit$$0000002E)
    .ARM.Collect$$libinit$$00000030          0x080001b8   Section        0  libinit2.o(.ARM.Collect$$libinit$$00000030)
    .ARM.Collect$$libinit$$00000032          0x080001b8   Section        0  libinit2.o(.ARM.Collect$$libinit$$00000032)
    .ARM.Collect$$libinit$$00000033          0x080001b8   Section        2  libinit2.o(.ARM.Collect$$libinit$$00000033)
    .ARM.Collect$$libshutdown$$00000000      0x080001ba   Section        2  libshutdown.o(.ARM.Collect$$libshutdown$$00000000)
    .ARM.Collect$$libshutdown$$00000002      0x080001bc   Section        0  libshutdown2.o(.ARM.Collect$$libshutdown$$00000002)
    .ARM.Collect$$libshutdown$$00000004      0x080001bc   Section        0  libshutdown2.o(.ARM.Collect$$libshutdown$$00000004)
    .ARM.Collect$$libshutdown$$00000006      0x080001bc   Section        0  libshutdown2.o(.ARM.Collect$$libshutdown$$00000006)
    .ARM.Collect$$libshutdown$$00000009      0x080001bc   Section        0  libshutdown2.o(.ARM.Collect$$libshutdown$$00000009)
    .ARM.Collect$$libshutdown$$0000000C      0x080001bc   Section        0  libshutdown2.o(.ARM.Collect$$libshutdown$$0000000C)
    .ARM.Collect$$libshutdown$$0000000E      0x080001bc   Section        0  libshutdown2.o(.ARM.Collect$$libshutdown$$0000000E)
    .ARM.Collect$$libshutdown$$00000011      0x080001bc   Section        0  libshutdown2.o(.ARM.Collect$$libshutdown$$00000011)
    .ARM.Collect$$libshutdown$$00000012      0x080001bc   Section        2  libshutdown2.o(.ARM.Collect$$libshutdown$$00000012)
    .ARM.Collect$$rtentry$$00000000          0x080001be   Section        0  __rtentry.o(.ARM.Collect$$rtentry$$00000000)
    .ARM.Collect$$rtentry$$00000002          0x080001be   Section        0  __rtentry2.o(.ARM.Collect$$rtentry$$00000002)
    .ARM.Collect$$rtentry$$00000004          0x080001be   Section        6  __rtentry4.o(.ARM.Collect$$rtentry$$00000004)
    .ARM.Collect$$rtentry$$00000009          0x080001c4   Section        0  __rtentry2.o(.ARM.Collect$$rtentry$$00000009)
    .ARM.Collect$$rtentry$$0000000A          0x080001c4   Section        4  __rtentry2.o(.ARM.Collect$$rtentry$$0000000A)
    .ARM.Collect$$rtentry$$0000000C          0x080001c8   Section        0  __rtentry2.o(.ARM.Collect$$rtentry$$0000000C)
    .ARM.Collect$$rtentry$$0000000D          0x080001c8   Section        8  __rtentry2.o(.ARM.Collect$$rtentry$$0000000D)
    .ARM.Collect$$rtexit$$00000000           0x080001d0   Section        2  rtexit.o(.ARM.Collect$$rtexit$$00000000)
    .ARM.Collect$$rtexit$$00000002           0x080001d2   Section        0  rtexit2.o(.ARM.Collect$$rtexit$$00000002)
    .ARM.Collect$$rtexit$$00000003           0x080001d2   Section        4  rtexit2.o(.ARM.Collect$$rtexit$$00000003)
    .ARM.Collect$$rtexit$$00000004           0x080001d6   Section        6  rtexit2.o(.ARM.Collect$$rtexit$$00000004)
    .text                                    0x080001dc   Section        0  xfs.o(.text)
    UART_XFS_Play                            0x0800021b   Thumb Code   118  xfs.o(.text)
    .text                                    0x080002dc   Section        0  m6311.o(.text)
    M6311_RConnect                           0x080005bf   Thumb Code   134  m6311.o(.text)
    .text                                    0x08000734   Section        0  at24c02.o(.text)
    .text                                    0x08000964   Section        0  timer_deal.o(.text)
    .text                                    0x08000b68   Section        0  hdmi_t050.o(.text)
    HDMI_UnitShowInfo                        0x08000b7f   Thumb Code    42  hdmi_t050.o(.text)
    HDMI_ShowInfo                            0x08000e23   Thumb Code    34  hdmi_t050.o(.text)
    .text                                    0x0800101c   Section        0  cardinfodeal.o(.text)
    Card_Inter                               0x08003045   Thumb Code   110  cardinfodeal.o(.text)
    .text                                    0x080030e8   Section        0  card24_config.o(.text)
    .text                                    0x08003350   Section        0  card42_config.o(.text)
    Card42_WriteByte                         0x08003375   Thumb Code    80  card42_config.o(.text)
    .text                                    0x08003a30   Section        0  card57_config.o(.text)
    .text                                    0x08004266   Section        0  sys.o(.text)
    .text                                    0x080042c0   Section        0  bsp_config.o(.text)
    .text                                    0x08004388   Section        0  main.o(.text)
    .text                                    0x08004684   Section        0  stm32f10x_it.o(.text)
    .text                                    0x0800486c   Section        0  misc.o(.text)
    .text                                    0x0800491c   Section        0  stm32f10x_gpio.o(.text)
    .text                                    0x08004b80   Section        0  stm32f10x_rcc.o(.text)
    .text                                    0x08004e38   Section        0  stm32f10x_usart.o(.text)
    .text                                    0x08005160   Section        0  stm32f10x_exti.o(.text)
    .text                                    0x08005248   Section        0  stm32f10x_tim.o(.text)
    TI2_Config                               0x080055db   Thumb Code   166  stm32f10x_tim.o(.text)
    TI1_Config                               0x08005691   Thumb Code    88  stm32f10x_tim.o(.text)
    .text                                    0x08005d38   Section        0  systick.o(.text)
    .text                                    0x08005df0   Section        0  iic_card.o(.text)
    .text                                    0x0800607c   Section        0  uart_xfs.o(.text)
    .text                                    0x08006174   Section        0  iic_24c02.o(.text)
    .text                                    0x080063f8   Section        0  string_get.o(.text)
    .text                                    0x0800648c   Section        0  uart_hdmi.o(.text)
    .text                                    0x08006584   Section        0  timer_heart.o(.text)
    .text                                    0x080065f8   Section        0  usart_m6311.o(.text)
    .text                                    0x08006758   Section        0  system_stm32f10x.o(.text)
    SetSysClockTo72                          0x08006759   Thumb Code   160  system_stm32f10x.o(.text)
    .text                                    0x080068b0   Section       64  startup_stm32f10x_hd.o(.text)
    .text                                    0x080068f0   Section        0  utils.o(.text)
    .text                                    0x08006a36   Section        0  toupper.o(.text)
    .text                                    0x08006a54   Section        0  strstr.o(.text)
    .text                                    0x08006a78   Section        0  strcpy.o(.text)
    .text                                    0x08006ac0   Section        0  strlen.o(.text)
    .text                                    0x08006afe   Section        0  strcat.o(.text)
    .text                                    0x08006b16   Section      138  rt_memcpy_v6.o(.text)
    .text                                    0x08006ba0   Section       78  rt_memclr_w.o(.text)
    .text                                    0x08006bf0   Section      128  strcmpv7m.o(.text)
    .text                                    0x08006c70   Section        0  heapauxi.o(.text)
    .text                                    0x08006c78   Section       16  rt_ctype_table.o(.text)
    .text                                    0x08006c88   Section      100  rt_memcpy_w.o(.text)
    .text                                    0x08006cec   Section        8  rt_locale_intlibspace.o(.text)
    .text                                    0x08006cf4   Section        8  libspace.o(.text)
    .text                                    0x08006cfc   Section       74  sys_stackheap_outer.o(.text)
    .text                                    0x08006d46   Section        0  exit.o(.text)
    .text                                    0x08006d58   Section        0  sys_exit.o(.text)
    .text                                    0x08006d64   Section        2  use_no_semi.o(.text)
    .text                                    0x08006d66   Section        0  indicate_semi.o(.text)
    locale$$code                             0x08006d68   Section       44  lc_ctype_c.o(locale$$code)
    .constdata                               0x08006d94   Section        3  at24c02.o(.constdata)
    .conststring                             0x08006d98   Section       86  at24c02.o(.conststring)
    locale$$data                             0x08006e10   Section      272  lc_ctype_c.o(locale$$data)
    __lcctype_c_name                         0x08006e14   Data           2  lc_ctype_c.o(locale$$data)
    __lcctype_c_start                        0x08006e1c   Data           0  lc_ctype_c.o(locale$$data)
    __lcctype_c_end                          0x08006f20   Data           0  lc_ctype_c.o(locale$$data)
    .data                                    0x20000000   Section        3  m6311.o(.data)
    .data                                    0x20000004   Section        4  at24c02.o(.data)
    .data                                    0x20000008   Section        4  timer_deal.o(.data)
    .data                                    0x2000000c   Section        4  timer_deal.o(.data)
    .data                                    0x20000010   Section        4  cardinfodeal.o(.data)
    .data                                    0x20000014   Section        8  cardinfodeal.o(.data)
    .data                                    0x2000001c   Section        4  card57_config.o(.data)
    .data                                    0x20000020   Section       20  stm32f10x_rcc.o(.data)
    ADCPrescTable                            0x20000020   Data           4  stm32f10x_rcc.o(.data)
    APBAHBPrescTable                         0x20000024   Data          16  stm32f10x_rcc.o(.data)
    .data                                    0x20000034   Section        4  systick.o(.data)
    fac_us                                   0x20000034   Data           1  systick.o(.data)
    fac_ms                                   0x20000036   Data           2  systick.o(.data)
    .data                                    0x20000038   Section        4  usart_m6311.o(.data)
    .data                                    0x2000003c   Section       20  system_stm32f10x.o(.data)
    .bss                                     0x20000050   Section      130  m6311.o(.bss)
    .bss                                     0x200000d2   Section      208  at24c02.o(.bss)
    .bss                                     0x200001a2   Section      100  timer_deal.o(.bss)
    UploadTimerBuf                           0x200001a2   Data          50  timer_deal.o(.bss)
    TimeSendBuf                              0x200001d4   Data          50  timer_deal.o(.bss)
    .bss                                     0x20000206   Section      100  hdmi_t050.o(.bss)
    .bss                                     0x2000026c   Section     1576  cardinfodeal.o(.bss)
    .bss                                     0x20000894   Section       82  main.o(.bss)
    .bss                                     0x200008e6   Section     1091  usart_m6311.o(.bss)
    .bss                                     0x20000d2c   Section       96  libspace.o(.bss)
    HEAP                                     0x20000d90   Section      512  startup_stm32f10x_hd.o(HEAP)
    Heap_Mem                                 0x20000d90   Data         512  startup_stm32f10x_hd.o(HEAP)
    STACK                                    0x20000f90   Section     1024  startup_stm32f10x_hd.o(STACK)
    Stack_Mem                                0x20000f90   Data        1024  startup_stm32f10x_hd.o(STACK)
    __initial_sp                             0x20001390   Data           0  startup_stm32f10x_hd.o(STACK)

    Global Symbols

    Symbol Name                              Value     Ov Type        Size  Object(Section)

    BuildAttributes$$THM_ISAv4$P$D$K$B$S$PE$A:L22UL41UL21$X:L11$S22US41US21$IEEE1$IW$USESV6$~STKCKD$USESV7$~SHL$OSPACE$ROPI$EBA8$UX$STANDARDLIB$REQ8$PRES8$EABIv2 0x00000000   Number         0  anon$$obj.o ABSOLUTE
    __ARM_use_no_argv                        0x00000000   Number         0  main.o ABSOLUTE
    __ARM_exceptions_init                     - Undefined Weak Reference
    __alloca_initialize                       - Undefined Weak Reference
    __arm_fini_                               - Undefined Weak Reference
    __arm_preinit_                            - Undefined Weak Reference
    __cpp_initialize__aeabi_                  - Undefined Weak Reference
    __cxa_finalize                            - Undefined Weak Reference
    __sigvec_lookup                           - Undefined Weak Reference
    _atexit_init                              - Undefined Weak Reference
    _call_atexit_fns                          - Undefined Weak Reference
    _clock_init                               - Undefined Weak Reference
    _fp_trap_init                             - Undefined Weak Reference
    _fp_trap_shutdown                         - Undefined Weak Reference
    _get_lc_collate                           - Undefined Weak Reference
    _get_lc_monetary                          - Undefined Weak Reference
    _get_lc_numeric                           - Undefined Weak Reference
    _get_lc_time                              - Undefined Weak Reference
    _getenv_init                              - Undefined Weak Reference
    _handle_redirection                       - Undefined Weak Reference
    _init_alloc                               - Undefined Weak Reference
    _init_user_alloc                          - Undefined Weak Reference
    _initio                                   - Undefined Weak Reference
    _rand_init                                - Undefined Weak Reference
    _signal_finish                            - Undefined Weak Reference
    _signal_init                              - Undefined Weak Reference
    _terminate_alloc                          - Undefined Weak Reference
    _terminate_user_alloc                     - Undefined Weak Reference
    _terminateio                              - Undefined Weak Reference
    __Vectors_Size                           0x00000130   Number         0  startup_stm32f10x_hd.o ABSOLUTE
    __Vectors                                0x08000000   Data           4  startup_stm32f10x_hd.o(RESET)
    __Vectors_End                            0x08000130   Data           0  startup_stm32f10x_hd.o(RESET)
    __main                                   0x08000131   Thumb Code     8  __main.o(!!!main)
    __scatterload                            0x08000139   Thumb Code     0  __scatter.o(!!!scatter)
    __scatterload_rt2                        0x08000139   Thumb Code    44  __scatter.o(!!!scatter)
    __scatterload_rt2_thumb_only             0x08000139   Thumb Code     0  __scatter.o(!!!scatter)
    __scatterload_null                       0x08000147   Thumb Code     0  __scatter.o(!!!scatter)
    __scatterload_copy                       0x0800016d   Thumb Code    26  __scatter_copy.o(!!handler_copy)
    __scatterload_zeroinit                   0x08000189   Thumb Code    28  __scatter_zi.o(!!handler_zi)
    __rt_lib_init                            0x080001a5   Thumb Code     0  libinit.o(.ARM.Collect$$libinit$$00000000)
    __rt_lib_init_fp_1                       0x080001a7   Thumb Code     0  libinit2.o(.ARM.Collect$$libinit$$00000002)
    __rt_lib_init_heap_1                     0x080001a7   Thumb Code     0  libinit2.o(.ARM.Collect$$libinit$$0000000A)
    __rt_lib_init_lc_common                  0x080001a7   Thumb Code     0  libinit2.o(.ARM.Collect$$libinit$$0000000F)
    __rt_lib_init_preinit_1                  0x080001a7   Thumb Code     0  libinit2.o(.ARM.Collect$$libinit$$00000004)
    __rt_lib_init_rand_1                     0x080001a7   Thumb Code     0  libinit2.o(.ARM.Collect$$libinit$$0000000E)
    __rt_lib_init_user_alloc_1               0x080001a7   Thumb Code     0  libinit2.o(.ARM.Collect$$libinit$$0000000C)
    __rt_lib_init_lc_collate_1               0x080001ad   Thumb Code     0  libinit2.o(.ARM.Collect$$libinit$$00000011)
    __rt_lib_init_lc_ctype_2                 0x080001ad   Thumb Code     0  libinit2.o(.ARM.Collect$$libinit$$00000012)
    __rt_lib_init_alloca_1                   0x080001b9   Thumb Code     0  libinit2.o(.ARM.Collect$$libinit$$0000002E)
    __rt_lib_init_argv_1                     0x080001b9   Thumb Code     0  libinit2.o(.ARM.Collect$$libinit$$0000002C)
    __rt_lib_init_atexit_1                   0x080001b9   Thumb Code     0  libinit2.o(.ARM.Collect$$libinit$$0000001B)
    __rt_lib_init_clock_1                    0x080001b9   Thumb Code     0  libinit2.o(.ARM.Collect$$libinit$$00000021)
    __rt_lib_init_cpp_1                      0x080001b9   Thumb Code     0  libinit2.o(.ARM.Collect$$libinit$$00000032)
    __rt_lib_init_exceptions_1               0x080001b9   Thumb Code     0  libinit2.o(.ARM.Collect$$libinit$$00000030)
    __rt_lib_init_fp_trap_1                  0x080001b9   Thumb Code     0  libinit2.o(.ARM.Collect$$libinit$$0000001F)
    __rt_lib_init_getenv_1                   0x080001b9   Thumb Code     0  libinit2.o(.ARM.Collect$$libinit$$00000023)
    __rt_lib_init_lc_ctype_1                 0x080001b9   Thumb Code     0  libinit2.o(.ARM.Collect$$libinit$$00000013)
    __rt_lib_init_lc_monetary_1              0x080001b9   Thumb Code     0  libinit2.o(.ARM.Collect$$libinit$$00000015)
    __rt_lib_init_lc_numeric_1               0x080001b9   Thumb Code     0  libinit2.o(.ARM.Collect$$libinit$$00000017)
    __rt_lib_init_lc_time_1                  0x080001b9   Thumb Code     0  libinit2.o(.ARM.Collect$$libinit$$00000019)
    __rt_lib_init_return                     0x080001b9   Thumb Code     0  libinit2.o(.ARM.Collect$$libinit$$00000033)
    __rt_lib_init_signal_1                   0x080001b9   Thumb Code     0  libinit2.o(.ARM.Collect$$libinit$$0000001D)
    __rt_lib_init_stdio_1                    0x080001b9   Thumb Code     0  libinit2.o(.ARM.Collect$$libinit$$00000025)
    __rt_lib_shutdown                        0x080001bb   Thumb Code     0  libshutdown.o(.ARM.Collect$$libshutdown$$00000000)
    __rt_lib_shutdown_cpp_1                  0x080001bd   Thumb Code     0  libshutdown2.o(.ARM.Collect$$libshutdown$$00000004)
    __rt_lib_shutdown_fini_1                 0x080001bd   Thumb Code     0  libshutdown2.o(.ARM.Collect$$libshutdown$$00000002)
    __rt_lib_shutdown_fp_trap_1              0x080001bd   Thumb Code     0  libshutdown2.o(.ARM.Collect$$libshutdown$$00000009)
    __rt_lib_shutdown_heap_1                 0x080001bd   Thumb Code     0  libshutdown2.o(.ARM.Collect$$libshutdown$$00000011)
    __rt_lib_shutdown_return                 0x080001bd   Thumb Code     0  libshutdown2.o(.ARM.Collect$$libshutdown$$00000012)
    __rt_lib_shutdown_signal_1               0x080001bd   Thumb Code     0  libshutdown2.o(.ARM.Collect$$libshutdown$$0000000C)
    __rt_lib_shutdown_stdio_1                0x080001bd   Thumb Code     0  libshutdown2.o(.ARM.Collect$$libshutdown$$00000006)
    __rt_lib_shutdown_user_alloc_1           0x080001bd   Thumb Code     0  libshutdown2.o(.ARM.Collect$$libshutdown$$0000000E)
    __rt_entry                               0x080001bf   Thumb Code     0  __rtentry.o(.ARM.Collect$$rtentry$$00000000)
    __rt_entry_presh_1                       0x080001bf   Thumb Code     0  __rtentry2.o(.ARM.Collect$$rtentry$$00000002)
    __rt_entry_sh                            0x080001bf   Thumb Code     0  __rtentry4.o(.ARM.Collect$$rtentry$$00000004)
    __rt_entry_li                            0x080001c5   Thumb Code     0  __rtentry2.o(.ARM.Collect$$rtentry$$0000000A)
    __rt_entry_postsh_1                      0x080001c5   Thumb Code     0  __rtentry2.o(.ARM.Collect$$rtentry$$00000009)
    __rt_entry_main                          0x080001c9   Thumb Code     0  __rtentry2.o(.ARM.Collect$$rtentry$$0000000D)
    __rt_entry_postli_1                      0x080001c9   Thumb Code     0  __rtentry2.o(.ARM.Collect$$rtentry$$0000000C)
    __rt_exit                                0x080001d1   Thumb Code     0  rtexit.o(.ARM.Collect$$rtexit$$00000000)
    __rt_exit_ls                             0x080001d3   Thumb Code     0  rtexit2.o(.ARM.Collect$$rtexit$$00000003)
    __rt_exit_prels_1                        0x080001d3   Thumb Code     0  rtexit2.o(.ARM.Collect$$rtexit$$00000002)
    __rt_exit_exit                           0x080001d7   Thumb Code     0  rtexit2.o(.ARM.Collect$$rtexit$$00000004)
    XFS_Delay                                0x080001dd   Thumb Code    20  xfs.o(.text)
    XFS_Init                                 0x080001f1   Thumb Code    42  xfs.o(.text)
    XFS_HDMI_Play                            0x08000291   Thumb Code    20  xfs.o(.text)
    XFS_Only_Play                            0x080002a5   Thumb Code     6  xfs.o(.text)
    XFS_Success_Play                         0x080002ab   Thumb Code    26  xfs.o(.text)
    XFS_Fail_Play                            0x080002c5   Thumb Code    20  xfs.o(.text)
    M6311_Init                               0x080002dd   Thumb Code    40  m6311.o(.text)
    M6311_USART_GetRcvData                   0x08000305   Thumb Code    44  m6311.o(.text)
    M6311_SignalQuery                        0x08000331   Thumb Code   196  m6311.o(.text)
    M6311_Connect                            0x080003f5   Thumb Code   304  m6311.o(.text)
    M6311_SendData                           0x08000525   Thumb Code    44  m6311.o(.text)
    M6311_UploadData                         0x08000551   Thumb Code   110  m6311.o(.text)
    AT24C02_Init                             0x08000735   Thumb Code     4  at24c02.o(.text)
    AT24C02_Read                             0x08000739   Thumb Code    96  at24c02.o(.text)
    AT24C02_Write                            0x08000799   Thumb Code    94  at24c02.o(.text)
    ResStart_Write                           0x080007f7   Thumb Code    72  at24c02.o(.text)
    AT24C02IPTid_Init                        0x0800083f   Thumb Code   238  at24c02.o(.text)
    ReStart_Read                             0x0800092d   Thumb Code    40  at24c02.o(.text)
    FirstHeart_Open                          0x08000965   Thumb Code   204  timer_deal.o(.text)
    TIM_Heart_Deal                           0x08000a31   Thumb Code   236  timer_deal.o(.text)
    HDMI_Init                                0x08000b69   Thumb Code     4  hdmi_t050.o(.text)
    HDMI_CMD_Send                            0x08000b6d   Thumb Code    18  hdmi_t050.o(.text)
    NetSignalDisplay                         0x08000ba9   Thumb Code    54  hdmi_t050.o(.text)
    HDMISendNetInit                          0x08000bdf   Thumb Code    22  hdmi_t050.o(.text)
    HDMIShowSignal                           0x08000bf5   Thumb Code    56  hdmi_t050.o(.text)
    HDMISendConncetOK                        0x08000c2d   Thumb Code    24  hdmi_t050.o(.text)
    HDMIShowRechargeSucess                   0x08000c45   Thumb Code    46  hdmi_t050.o(.text)
    HDMIShowUserDetail                       0x08000c73   Thumb Code   178  hdmi_t050.o(.text)
    HDMIShowInfo                             0x08000d25   Thumb Code    42  hdmi_t050.o(.text)
    HDMIShowWait                             0x08000d4f   Thumb Code    18  hdmi_t050.o(.text)
    HDMIShowChangeSuccess                    0x08000d61   Thumb Code    24  hdmi_t050.o(.text)
    HDMIShowServerInfo                       0x08000d79   Thumb Code   112  hdmi_t050.o(.text)
    HDMIShowMenuInfo                         0x08000de9   Thumb Code    42  hdmi_t050.o(.text)
    HardWareErr                              0x08000e13   Thumb Code    16  hdmi_t050.o(.text)
    Card_Init                                0x0800101d   Thumb Code    56  cardinfodeal.o(.text)
    CopyCIDTo24C02                           0x08001055   Thumb Code    70  cardinfodeal.o(.text)
    CopyScrrenvTo24C02                       0x0800109b   Thumb Code    36  cardinfodeal.o(.text)
    CopyTerminalVTo24C02                     0x080010bf   Thumb Code    36  cardinfodeal.o(.text)
    CopyIPPortTo24C02                        0x080010e3   Thumb Code    40  cardinfodeal.o(.text)
    CopyQRcodeTo24C02                        0x0800110b   Thumb Code    38  cardinfodeal.o(.text)
    Card24_PDeal                             0x08001131   Thumb Code  1408  cardinfodeal.o(.text)
    Card24_LDeal                             0x080016b1   Thumb Code  1986  cardinfodeal.o(.text)
    Card42_PDeal                             0x08001e73   Thumb Code  1330  cardinfodeal.o(.text)
    Card57_PDeal                             0x080023a5   Thumb Code  1398  cardinfodeal.o(.text)
    Card57_LDeal                             0x0800291b   Thumb Code  1600  cardinfodeal.o(.text)
    CacheOrder_update                        0x08002f5b   Thumb Code   234  cardinfodeal.o(.text)
    Card24_ReadOneByte                       0x080030e9   Thumb Code    88  card24_config.o(.text)
    Card24_WriteOneByte                      0x08003141   Thumb Code    80  card24_config.o(.text)
    Card24_Read                              0x08003191   Thumb Code    34  card24_config.o(.text)
    Card24_PreReadCID                        0x080031b3   Thumb Code    72  card24_config.o(.text)
    Card24_PreWriteSaleAmount                0x080031fb   Thumb Code   114  card24_config.o(.text)
    Card24_LadderReadCID                     0x0800326d   Thumb Code    82  card24_config.o(.text)
    Card24_LadderWrite                       0x080032bf   Thumb Code   140  card24_config.o(.text)
    Card42_PowerOn                           0x08003351   Thumb Code    28  card42_config.o(.text)
    Card42_PowerOff                          0x0800336d   Thumb Code     8  card42_config.o(.text)
    Card42_ReadString                        0x080033c5   Thumb Code   210  card42_config.o(.text)
    Card42_Verify                            0x08003497   Thumb Code  1056  card42_config.o(.text)
    Card42_WriteString                       0x080038b7   Thumb Code   162  card42_config.o(.text)
    Card42_PreReadCID                        0x08003959   Thumb Code   124  card42_config.o(.text)
    Card42_Writesalesamount                  0x080039d5   Thumb Code    86  card42_config.o(.text)
    Card57_Init                              0x08003a31   Thumb Code   182  card57_config.o(.text)
    Card57_PowerOn                           0x08003ae7   Thumb Code    28  card57_config.o(.text)
    Card57_PowerOff                          0x08003b03   Thumb Code     8  card57_config.o(.text)
    Card57_Writebit                          0x08003b0b   Thumb Code    52  card57_config.o(.text)
    Card57_WritePassword                     0x08003b3f   Thumb Code    60  card57_config.o(.text)
    Card57_Read                              0x08003b7b   Thumb Code   660  card57_config.o(.text)
    Card57_Write                             0x08003e0f   Thumb Code   254  card57_config.o(.text)
    Card57_PreReadCID                        0x08003f0d   Thumb Code   284  card57_config.o(.text)
    Card57_PreWrite                          0x08004029   Thumb Code    80  card57_config.o(.text)
    Card57_LadderReadCID                     0x08004079   Thumb Code   368  card57_config.o(.text)
    Card57_LadderWriteCID                    0x080041e9   Thumb Code   126  card57_config.o(.text)
    NVIC_Configuration                       0x08004267   Thumb Code     8  sys.o(.text)
    RCC_Configuration                        0x0800426f   Thumb Code    80  sys.o(.text)
    BSP_Init                                 0x080042c1   Thumb Code   150  bsp_config.o(.text)
    main                                     0x08004389   Thumb Code   536  main.o(.text)
    EXTI2_IRQHandler                         0x08004685   Thumb Code    72  stm32f10x_it.o(.text)
    EXTI9_5_IRQHandler                       0x080046cd   Thumb Code   132  stm32f10x_it.o(.text)
    USART2_IRQHandler                        0x08004751   Thumb Code    84  stm32f10x_it.o(.text)
    TIM3_IRQHandler                          0x080047a5   Thumb Code    68  stm32f10x_it.o(.text)
    NMI_Handler                              0x080047e9   Thumb Code     2  stm32f10x_it.o(.text)
    HardFault_Handler                        0x080047eb   Thumb Code     2  stm32f10x_it.o(.text)
    MemManage_Handler                        0x080047ed   Thumb Code     2  stm32f10x_it.o(.text)
    BusFault_Handler                         0x080047ef   Thumb Code     2  stm32f10x_it.o(.text)
    UsageFault_Handler                       0x080047f1   Thumb Code     2  stm32f10x_it.o(.text)
    SVC_Handler                              0x080047f3   Thumb Code     2  stm32f10x_it.o(.text)
    DebugMon_Handler                         0x080047f5   Thumb Code     2  stm32f10x_it.o(.text)
    PendSV_Handler                           0x080047f7   Thumb Code     2  stm32f10x_it.o(.text)
    SysTick_Handler                          0x080047f9   Thumb Code     2  stm32f10x_it.o(.text)
    NVIC_PriorityGroupConfig                 0x0800486d   Thumb Code    10  misc.o(.text)
    NVIC_Init                                0x08004877   Thumb Code    94  misc.o(.text)
    NVIC_SetVectorTable                      0x080048d5   Thumb Code    14  misc.o(.text)
    NVIC_SystemLPConfig                      0x080048e3   Thumb Code    20  misc.o(.text)
    SysTick_CLKSourceConfig                  0x080048f7   Thumb Code    24  misc.o(.text)
    GPIO_DeInit                              0x0800491d   Thumb Code   152  stm32f10x_gpio.o(.text)
    GPIO_AFIODeInit                          0x080049b5   Thumb Code    22  stm32f10x_gpio.o(.text)
    GPIO_Init                                0x080049cb   Thumb Code   156  stm32f10x_gpio.o(.text)
    GPIO_StructInit                          0x08004a67   Thumb Code    16  stm32f10x_gpio.o(.text)
    GPIO_ReadInputDataBit                    0x08004a77   Thumb Code    14  stm32f10x_gpio.o(.text)
    GPIO_ReadInputData                       0x08004a85   Thumb Code     6  stm32f10x_gpio.o(.text)
    GPIO_ReadOutputDataBit                   0x08004a8b   Thumb Code    14  stm32f10x_gpio.o(.text)
    GPIO_ReadOutputData                      0x08004a99   Thumb Code     6  stm32f10x_gpio.o(.text)
    GPIO_SetBits                             0x08004a9f   Thumb Code     4  stm32f10x_gpio.o(.text)
    GPIO_ResetBits                           0x08004aa3   Thumb Code     4  stm32f10x_gpio.o(.text)
    GPIO_WriteBit                            0x08004aa7   Thumb Code    10  stm32f10x_gpio.o(.text)
    GPIO_Write                               0x08004ab1   Thumb Code     4  stm32f10x_gpio.o(.text)
    GPIO_PinLockConfig                       0x08004ab5   Thumb Code    16  stm32f10x_gpio.o(.text)
    GPIO_EventOutputConfig                   0x08004ac5   Thumb Code    22  stm32f10x_gpio.o(.text)
    GPIO_EventOutputCmd                      0x08004adb   Thumb Code     6  stm32f10x_gpio.o(.text)
    GPIO_PinRemapConfig                      0x08004ae1   Thumb Code    82  stm32f10x_gpio.o(.text)
    GPIO_EXTILineConfig                      0x08004b33   Thumb Code    34  stm32f10x_gpio.o(.text)
    GPIO_ETH_MediaInterfaceConfig            0x08004b55   Thumb Code     8  stm32f10x_gpio.o(.text)
    RCC_DeInit                               0x08004b81   Thumb Code    50  stm32f10x_rcc.o(.text)
    RCC_HSEConfig                            0x08004bb3   Thumb Code    48  stm32f10x_rcc.o(.text)
    RCC_GetFlagStatus                        0x08004be3   Thumb Code    42  stm32f10x_rcc.o(.text)
    RCC_WaitForHSEStartUp                    0x08004c0d   Thumb Code    44  stm32f10x_rcc.o(.text)
    RCC_AdjustHSICalibrationValue            0x08004c39   Thumb Code    16  stm32f10x_rcc.o(.text)
    RCC_HSICmd                               0x08004c49   Thumb Code     6  stm32f10x_rcc.o(.text)
    RCC_PLLConfig                            0x08004c4f   Thumb Code    16  stm32f10x_rcc.o(.text)
    RCC_PLLCmd                               0x08004c5f   Thumb Code     6  stm32f10x_rcc.o(.text)
    RCC_SYSCLKConfig                         0x08004c65   Thumb Code    14  stm32f10x_rcc.o(.text)
    RCC_GetSYSCLKSource                      0x08004c73   Thumb Code    10  stm32f10x_rcc.o(.text)
    RCC_HCLKConfig                           0x08004c7d   Thumb Code    14  stm32f10x_rcc.o(.text)
    RCC_PCLK1Config                          0x08004c8b   Thumb Code    14  stm32f10x_rcc.o(.text)
    RCC_PCLK2Config                          0x08004c99   Thumb Code    16  stm32f10x_rcc.o(.text)
    RCC_ITConfig                             0x08004ca9   Thumb Code    18  stm32f10x_rcc.o(.text)
    RCC_USBCLKConfig                         0x08004cbb   Thumb Code     8  stm32f10x_rcc.o(.text)
    RCC_ADCCLKConfig                         0x08004cc3   Thumb Code    14  stm32f10x_rcc.o(.text)
    RCC_LSEConfig                            0x08004cd1   Thumb Code    28  stm32f10x_rcc.o(.text)
    RCC_LSICmd                               0x08004ced   Thumb Code     6  stm32f10x_rcc.o(.text)
    RCC_RTCCLKConfig                         0x08004cf3   Thumb Code    10  stm32f10x_rcc.o(.text)
    RCC_RTCCLKCmd                            0x08004cfd   Thumb Code     8  stm32f10x_rcc.o(.text)
    RCC_GetClocksFreq                        0x08004d05   Thumb Code   132  stm32f10x_rcc.o(.text)
    RCC_AHBPeriphClockCmd                    0x08004d89   Thumb Code    18  stm32f10x_rcc.o(.text)
    RCC_APB2PeriphClockCmd                   0x08004d9b   Thumb Code    18  stm32f10x_rcc.o(.text)
    RCC_APB1PeriphClockCmd                   0x08004dad   Thumb Code    18  stm32f10x_rcc.o(.text)
    RCC_APB2PeriphResetCmd                   0x08004dbf   Thumb Code    18  stm32f10x_rcc.o(.text)
    RCC_APB1PeriphResetCmd                   0x08004dd1   Thumb Code    18  stm32f10x_rcc.o(.text)
    RCC_BackupResetCmd                       0x08004de3   Thumb Code     8  stm32f10x_rcc.o(.text)
    RCC_ClockSecuritySystemCmd               0x08004deb   Thumb Code     6  stm32f10x_rcc.o(.text)
    RCC_MCOConfig                            0x08004df1   Thumb Code     6  stm32f10x_rcc.o(.text)
    RCC_ClearFlag                            0x08004df7   Thumb Code    12  stm32f10x_rcc.o(.text)
    RCC_GetITStatus                          0x08004e03   Thumb Code    16  stm32f10x_rcc.o(.text)
    RCC_ClearITPendingBit                    0x08004e13   Thumb Code     6  stm32f10x_rcc.o(.text)
    USART_DeInit                             0x08004e39   Thumb Code    96  stm32f10x_usart.o(.text)
    USART_Init                               0x08004e99   Thumb Code   166  stm32f10x_usart.o(.text)
    USART_StructInit                         0x08004f3f   Thumb Code    22  stm32f10x_usart.o(.text)
    USART_ClockInit                          0x08004f55   Thumb Code    30  stm32f10x_usart.o(.text)
    USART_ClockStructInit                    0x08004f73   Thumb Code    12  stm32f10x_usart.o(.text)
    USART_Cmd                                0x08004f7f   Thumb Code    20  stm32f10x_usart.o(.text)
    USART_ITConfig                           0x08004f93   Thumb Code    48  stm32f10x_usart.o(.text)
    USART_DMACmd                             0x08004fc3   Thumb Code    16  stm32f10x_usart.o(.text)
    USART_SetAddress                         0x08004fd3   Thumb Code    16  stm32f10x_usart.o(.text)
    USART_WakeUpConfig                       0x08004fe3   Thumb Code    16  stm32f10x_usart.o(.text)
    USART_ReceiverWakeUpCmd                  0x08004ff3   Thumb Code    20  stm32f10x_usart.o(.text)
    USART_LINBreakDetectLengthConfig         0x08005007   Thumb Code    16  stm32f10x_usart.o(.text)
    USART_LINCmd                             0x08005017   Thumb Code    20  stm32f10x_usart.o(.text)
    USART_SendData                           0x0800502b   Thumb Code     8  stm32f10x_usart.o(.text)
    USART_ReceiveData                        0x08005033   Thumb Code     8  stm32f10x_usart.o(.text)
    USART_SendBreak                          0x0800503b   Thumb Code    10  stm32f10x_usart.o(.text)
    USART_SetGuardTime                       0x08005045   Thumb Code    16  stm32f10x_usart.o(.text)
    USART_SetPrescaler                       0x08005055   Thumb Code    16  stm32f10x_usart.o(.text)
    USART_SmartCardCmd                       0x08005065   Thumb Code    20  stm32f10x_usart.o(.text)
    USART_SmartCardNACKCmd                   0x08005079   Thumb Code    20  stm32f10x_usart.o(.text)
    USART_HalfDuplexCmd                      0x0800508d   Thumb Code    20  stm32f10x_usart.o(.text)
    USART_OverSampling8Cmd                   0x080050a1   Thumb Code    20  stm32f10x_usart.o(.text)
    USART_OneBitMethodCmd                    0x080050b5   Thumb Code    20  stm32f10x_usart.o(.text)
    USART_IrDAConfig                         0x080050c9   Thumb Code    16  stm32f10x_usart.o(.text)
    USART_IrDACmd                            0x080050d9   Thumb Code    20  stm32f10x_usart.o(.text)
    USART_GetFlagStatus                      0x080050ed   Thumb Code    14  stm32f10x_usart.o(.text)
    USART_ClearFlag                          0x080050fb   Thumb Code     6  stm32f10x_usart.o(.text)
    USART_GetITStatus                        0x08005101   Thumb Code    62  stm32f10x_usart.o(.text)
    USART_ClearITPendingBit                  0x0800513f   Thumb Code    12  stm32f10x_usart.o(.text)
    EXTI_DeInit                              0x08005161   Thumb Code    28  stm32f10x_exti.o(.text)
    EXTI_Init                                0x0800517d   Thumb Code   108  stm32f10x_exti.o(.text)
    EXTI_StructInit                          0x080051e9   Thumb Code    14  stm32f10x_exti.o(.text)
    EXTI_GenerateSWInterrupt                 0x080051f7   Thumb Code    12  stm32f10x_exti.o(.text)
    EXTI_GetFlagStatus                       0x08005203   Thumb Code    18  stm32f10x_exti.o(.text)
    EXTI_ClearFlag                           0x08005215   Thumb Code     8  stm32f10x_exti.o(.text)
    EXTI_GetITStatus                         0x0800521d   Thumb Code    28  stm32f10x_exti.o(.text)
    EXTI_ClearITPendingBit                   0x08005239   Thumb Code     8  stm32f10x_exti.o(.text)
    TIM_DeInit                               0x08005249   Thumb Code   304  stm32f10x_tim.o(.text)
    TIM_TimeBaseInit                         0x08005379   Thumb Code   114  stm32f10x_tim.o(.text)
    TIM_OC1Init                              0x080053eb   Thumb Code   106  stm32f10x_tim.o(.text)
    TIM_OC2Init                              0x08005455   Thumb Code   120  stm32f10x_tim.o(.text)
    TIM_OC3Init                              0x080054cd   Thumb Code   116  stm32f10x_tim.o(.text)
    TIM_OC4Init                              0x08005541   Thumb Code    90  stm32f10x_tim.o(.text)
    TIM_SetIC4Prescaler                      0x0800559b   Thumb Code    24  stm32f10x_tim.o(.text)
    TIM_SetIC3Prescaler                      0x080055b3   Thumb Code    16  stm32f10x_tim.o(.text)
    TIM_SetIC2Prescaler                      0x080055c3   Thumb Code    24  stm32f10x_tim.o(.text)
    TIM_SetIC1Prescaler                      0x08005681   Thumb Code    16  stm32f10x_tim.o(.text)
    TIM_ICInit                               0x080056e9   Thumb Code   270  stm32f10x_tim.o(.text)
    TIM_PWMIConfig                           0x080057f7   Thumb Code   104  stm32f10x_tim.o(.text)
    TIM_BDTRConfig                           0x0800585f   Thumb Code    34  stm32f10x_tim.o(.text)
    TIM_TimeBaseStructInit                   0x08005881   Thumb Code    18  stm32f10x_tim.o(.text)
    TIM_OCStructInit                         0x08005893   Thumb Code    20  stm32f10x_tim.o(.text)
    TIM_ICStructInit                         0x080058a7   Thumb Code    16  stm32f10x_tim.o(.text)
    TIM_BDTRStructInit                       0x080058b7   Thumb Code    18  stm32f10x_tim.o(.text)
    TIM_Cmd                                  0x080058c9   Thumb Code    20  stm32f10x_tim.o(.text)
    TIM_CtrlPWMOutputs                       0x080058dd   Thumb Code    22  stm32f10x_tim.o(.text)
    TIM_ITConfig                             0x080058f3   Thumb Code    16  stm32f10x_tim.o(.text)
    TIM_GenerateEvent                        0x08005903   Thumb Code     4  stm32f10x_tim.o(.text)
    TIM_DMAConfig                            0x08005907   Thumb Code     8  stm32f10x_tim.o(.text)
    TIM_DMACmd                               0x0800590f   Thumb Code    16  stm32f10x_tim.o(.text)
    TIM_InternalClockConfig                  0x0800591f   Thumb Code    10  stm32f10x_tim.o(.text)
    TIM_SelectInputTrigger                   0x08005929   Thumb Code    12  stm32f10x_tim.o(.text)
    TIM_ITRxExternalClockConfig              0x08005935   Thumb Code    18  stm32f10x_tim.o(.text)
    TIM_TIxExternalClockConfig               0x08005947   Thumb Code    46  stm32f10x_tim.o(.text)
    TIM_ETRConfig                            0x08005975   Thumb Code    24  stm32f10x_tim.o(.text)
    TIM_ETRClockMode1Config                  0x0800598d   Thumb Code    18  stm32f10x_tim.o(.text)
    TIM_ETRClockMode2Config                  0x0800599f   Thumb Code    18  stm32f10x_tim.o(.text)
    TIM_PrescalerConfig                      0x080059b1   Thumb Code     6  stm32f10x_tim.o(.text)
    TIM_CounterModeConfig                    0x080059b7   Thumb Code    12  stm32f10x_tim.o(.text)
    TIM_EncoderInterfaceConfig               0x080059c3   Thumb Code    50  stm32f10x_tim.o(.text)
    TIM_ForcedOC1Config                      0x080059f5   Thumb Code    12  stm32f10x_tim.o(.text)
    TIM_ForcedOC2Config                      0x08005a01   Thumb Code    20  stm32f10x_tim.o(.text)
    TIM_ForcedOC3Config                      0x08005a15   Thumb Code    12  stm32f10x_tim.o(.text)
    TIM_ForcedOC4Config                      0x08005a21   Thumb Code    20  stm32f10x_tim.o(.text)
    TIM_ARRPreloadConfig                     0x08005a35   Thumb Code    20  stm32f10x_tim.o(.text)
    TIM_SelectCOM                            0x08005a49   Thumb Code    20  stm32f10x_tim.o(.text)
    TIM_SelectCCDMA                          0x08005a5d   Thumb Code    20  stm32f10x_tim.o(.text)
    TIM_CCPreloadControl                     0x08005a71   Thumb Code    20  stm32f10x_tim.o(.text)
    TIM_OC1PreloadConfig                     0x08005a85   Thumb Code    32  stm32f10x_tim.o(.text)
    TIM_OC2PreloadConfig                     0x08005aa5   Thumb Code    20  stm32f10x_tim.o(.text)
    TIM_OC3PreloadConfig                     0x08005ab9   Thumb Code    12  stm32f10x_tim.o(.text)
    TIM_OC4PreloadConfig                     0x08005ac5   Thumb Code    20  stm32f10x_tim.o(.text)
    TIM_OC1FastConfig                        0x08005ad9   Thumb Code    12  stm32f10x_tim.o(.text)
    TIM_OC2FastConfig                        0x08005ae5   Thumb Code    20  stm32f10x_tim.o(.text)
    TIM_OC3FastConfig                        0x08005af9   Thumb Code    12  stm32f10x_tim.o(.text)
    TIM_OC4FastConfig                        0x08005b05   Thumb Code    20  stm32f10x_tim.o(.text)
    TIM_ClearOC1Ref                          0x08005b19   Thumb Code    12  stm32f10x_tim.o(.text)
    TIM_ClearOC2Ref                          0x08005b25   Thumb Code    20  stm32f10x_tim.o(.text)
    TIM_ClearOC3Ref                          0x08005b39   Thumb Code    12  stm32f10x_tim.o(.text)
    TIM_ClearOC4Ref                          0x08005b45   Thumb Code    20  stm32f10x_tim.o(.text)
    TIM_OC1PolarityConfig                    0x08005b59   Thumb Code    12  stm32f10x_tim.o(.text)
    TIM_OC1NPolarityConfig                   0x08005b65   Thumb Code    12  stm32f10x_tim.o(.text)
    TIM_OC2PolarityConfig                    0x08005b71   Thumb Code    20  stm32f10x_tim.o(.text)
    TIM_OC2NPolarityConfig                   0x08005b85   Thumb Code    20  stm32f10x_tim.o(.text)
    TIM_OC3PolarityConfig                    0x08005b99   Thumb Code    20  stm32f10x_tim.o(.text)
    TIM_OC3NPolarityConfig                   0x08005bad   Thumb Code    20  stm32f10x_tim.o(.text)
    TIM_OC4PolarityConfig                    0x08005bc1   Thumb Code    20  stm32f10x_tim.o(.text)
    TIM_CCxCmd                               0x08005bd5   Thumb Code    22  stm32f10x_tim.o(.text)
    TIM_CCxNCmd                              0x08005beb   Thumb Code    22  stm32f10x_tim.o(.text)
    TIM_SelectOCxM                           0x08005c01   Thumb Code    70  stm32f10x_tim.o(.text)
    TIM_UpdateDisableConfig                  0x08005c47   Thumb Code    20  stm32f10x_tim.o(.text)
    TIM_UpdateRequestConfig                  0x08005c5b   Thumb Code    20  stm32f10x_tim.o(.text)
    TIM_SelectHallSensor                     0x08005c6f   Thumb Code    20  stm32f10x_tim.o(.text)
    TIM_SelectOnePulseMode                   0x08005c83   Thumb Code    16  stm32f10x_tim.o(.text)
    TIM_SelectOutputTrigger                  0x08005c93   Thumb Code    16  stm32f10x_tim.o(.text)
    TIM_SelectSlaveMode                      0x08005ca3   Thumb Code    16  stm32f10x_tim.o(.text)
    TIM_SelectMasterSlaveMode                0x08005cb3   Thumb Code    16  stm32f10x_tim.o(.text)
    TIM_SetCounter                           0x08005cc3   Thumb Code     4  stm32f10x_tim.o(.text)
    TIM_SetAutoreload                        0x08005cc7   Thumb Code     4  stm32f10x_tim.o(.text)
    TIM_SetCompare1                          0x08005ccb   Thumb Code     4  stm32f10x_tim.o(.text)
    TIM_SetCompare2                          0x08005ccf   Thumb Code     4  stm32f10x_tim.o(.text)
    TIM_SetCompare3                          0x08005cd3   Thumb Code     4  stm32f10x_tim.o(.text)
    TIM_SetCompare4                          0x08005cd7   Thumb Code     6  stm32f10x_tim.o(.text)
    TIM_SetClockDivision                     0x08005cdd   Thumb Code    16  stm32f10x_tim.o(.text)
    TIM_GetCapture1                          0x08005ced   Thumb Code     4  stm32f10x_tim.o(.text)
    TIM_GetCapture2                          0x08005cf1   Thumb Code     4  stm32f10x_tim.o(.text)
    TIM_GetCapture3                          0x08005cf5   Thumb Code     4  stm32f10x_tim.o(.text)
    TIM_GetCapture4                          0x08005cf9   Thumb Code     6  stm32f10x_tim.o(.text)
    TIM_GetCounter                           0x08005cff   Thumb Code     4  stm32f10x_tim.o(.text)
    TIM_GetPrescaler                         0x08005d03   Thumb Code     4  stm32f10x_tim.o(.text)
    TIM_GetFlagStatus                        0x08005d07   Thumb Code    14  stm32f10x_tim.o(.text)
    TIM_ClearFlag                            0x08005d15   Thumb Code     6  stm32f10x_tim.o(.text)
    TIM_GetITStatus                          0x08005d1b   Thumb Code    24  stm32f10x_tim.o(.text)
    TIM_ClearITPendingBit                    0x08005d33   Thumb Code     6  stm32f10x_tim.o(.text)
    delay_init                               0x08005d39   Thumb Code    46  systick.o(.text)
    delay_us                                 0x08005d67   Thumb Code    46  systick.o(.text)
    delay_ms                                 0x08005d95   Thumb Code    46  systick.o(.text)
    CPU_Reset                                0x08005dc3   Thumb Code    26  systick.o(.text)
    I2C_INIT                                 0x08005df1   Thumb Code    64  iic_card.o(.text)
    I2C_SCL_OUT                              0x08005e31   Thumb Code    30  iic_card.o(.text)
    I2C_SDA_OUT                              0x08005e4f   Thumb Code    30  iic_card.o(.text)
    I2C_SDA_IN                               0x08005e6d   Thumb Code    24  iic_card.o(.text)
    I2C_SCL_IN                               0x08005e85   Thumb Code    24  iic_card.o(.text)
    I2C_Start                                0x08005e9d   Thumb Code    56  iic_card.o(.text)
    I2C_Stop                                 0x08005ed5   Thumb Code    56  iic_card.o(.text)
    I2C_Ack                                  0x08005f0d   Thumb Code    56  iic_card.o(.text)
    I2C_NAck                                 0x08005f45   Thumb Code    56  iic_card.o(.text)
    I2C_Wait_Ack                             0x08005f7d   Thumb Code    80  iic_card.o(.text)
    I2C_Send_Byte                            0x08005fcd   Thumb Code    82  iic_card.o(.text)
    I2C_Read_Byte                            0x0800601f   Thumb Code    88  iic_card.o(.text)
    UART_XFS_Init                            0x0800607d   Thumb Code   168  uart_xfs.o(.text)
    UART_XFS_SendB                           0x08006125   Thumb Code    26  uart_xfs.o(.text)
    UART_XFS_SendS                           0x0800613f   Thumb Code    44  uart_xfs.o(.text)
    IIC_INIT                                 0x08006175   Thumb Code    58  iic_24c02.o(.text)
    IIC_SDA_OUT                              0x080061af   Thumb Code    32  iic_24c02.o(.text)
    IIC_SDA_IN                               0x080061cf   Thumb Code    26  iic_24c02.o(.text)
    IIC_Start                                0x080061e9   Thumb Code    62  iic_24c02.o(.text)
    IIC_Stop                                 0x08006227   Thumb Code    62  iic_24c02.o(.text)
    IIC_Ack                                  0x08006265   Thumb Code    60  iic_24c02.o(.text)
    IIC_NAck                                 0x080062a1   Thumb Code    60  iic_24c02.o(.text)
    IIC_Wait_Ack                             0x080062dd   Thumb Code    90  iic_24c02.o(.text)
    IIC_Send_Byte                            0x08006337   Thumb Code    90  iic_24c02.o(.text)
    IIC_Read_Byte                            0x08006391   Thumb Code   100  iic_24c02.o(.text)
    Char_Find                                0x080063f9   Thumb Code    50  string_get.o(.text)
    Char_Num                                 0x0800642b   Thumb Code    38  string_get.o(.text)
    String_Find                              0x08006451   Thumb Code    26  string_get.o(.text)
    String_Clear                             0x0800646b   Thumb Code    16  string_get.o(.text)
    Interger_Clear                           0x0800647b   Thumb Code    18  string_get.o(.text)
    UART_HDMI_Init                           0x0800648d   Thumb Code   150  uart_hdmi.o(.text)
    UART_HDMI_SendS                          0x08006523   Thumb Code    36  uart_hdmi.o(.text)
    UART_HDMI_SendB                          0x08006547   Thumb Code    50  uart_hdmi.o(.text)
    TIM_Heart_Init                           0x08006585   Thumb Code   112  timer_heart.o(.text)
    USART_M6311_Init                         0x080065f9   Thumb Code   164  usart_m6311.o(.text)
    USART_M6311_Write                        0x0800669d   Thumb Code    52  usart_m6311.o(.text)
    USART_M6311_SendCmd                      0x080066d1   Thumb Code   120  usart_m6311.o(.text)
    SystemInit                               0x080067f9   Thumb Code    64  system_stm32f10x.o(.text)
    SystemCoreClockUpdate                    0x08006839   Thumb Code    86  system_stm32f10x.o(.text)
    Reset_Handler                            0x080068b1   Thumb Code     8  startup_stm32f10x_hd.o(.text)
    ADC1_2_IRQHandler                        0x080068cb   Thumb Code     0  startup_stm32f10x_hd.o(.text)
    ADC3_IRQHandler                          0x080068cb   Thumb Code     0  startup_stm32f10x_hd.o(.text)
    CAN1_RX1_IRQHandler                      0x080068cb   Thumb Code     0  startup_stm32f10x_hd.o(.text)
    CAN1_SCE_IRQHandler                      0x080068cb   Thumb Code     0  startup_stm32f10x_hd.o(.text)
    DMA1_Channel1_IRQHandler                 0x080068cb   Thumb Code     0  startup_stm32f10x_hd.o(.text)
    DMA1_Channel2_IRQHandler                 0x080068cb   Thumb Code     0  startup_stm32f10x_hd.o(.text)
    DMA1_Channel3_IRQHandler                 0x080068cb   Thumb Code     0  startup_stm32f10x_hd.o(.text)
    DMA1_Channel4_IRQHandler                 0x080068cb   Thumb Code     0  startup_stm32f10x_hd.o(.text)
    DMA1_Channel5_IRQHandler                 0x080068cb   Thumb Code     0  startup_stm32f10x_hd.o(.text)
    DMA1_Channel6_IRQHandler                 0x080068cb   Thumb Code     0  startup_stm32f10x_hd.o(.text)
    DMA1_Channel7_IRQHandler                 0x080068cb   Thumb Code     0  startup_stm32f10x_hd.o(.text)
    DMA2_Channel1_IRQHandler                 0x080068cb   Thumb Code     0  startup_stm32f10x_hd.o(.text)
    DMA2_Channel2_IRQHandler                 0x080068cb   Thumb Code     0  startup_stm32f10x_hd.o(.text)
    DMA2_Channel3_IRQHandler                 0x080068cb   Thumb Code     0  startup_stm32f10x_hd.o(.text)
    DMA2_Channel4_5_IRQHandler               0x080068cb   Thumb Code     0  startup_stm32f10x_hd.o(.text)
    EXTI0_IRQHandler                         0x080068cb   Thumb Code     0  startup_stm32f10x_hd.o(.text)
    EXTI15_10_IRQHandler                     0x080068cb   Thumb Code     0  startup_stm32f10x_hd.o(.text)
    EXTI1_IRQHandler                         0x080068cb   Thumb Code     0  startup_stm32f10x_hd.o(.text)
    EXTI3_IRQHandler                         0x080068cb   Thumb Code     0  startup_stm32f10x_hd.o(.text)
    EXTI4_IRQHandler                         0x080068cb   Thumb Code     0  startup_stm32f10x_hd.o(.text)
    FLASH_IRQHandler                         0x080068cb   Thumb Code     0  startup_stm32f10x_hd.o(.text)
    FSMC_IRQHandler                          0x080068cb   Thumb Code     0  startup_stm32f10x_hd.o(.text)
    I2C1_ER_IRQHandler                       0x080068cb   Thumb Code     0  startup_stm32f10x_hd.o(.text)
    I2C1_EV_IRQHandler                       0x080068cb   Thumb Code     0  startup_stm32f10x_hd.o(.text)
    I2C2_ER_IRQHandler                       0x080068cb   Thumb Code     0  startup_stm32f10x_hd.o(.text)
    I2C2_EV_IRQHandler                       0x080068cb   Thumb Code     0  startup_stm32f10x_hd.o(.text)
    PVD_IRQHandler                           0x080068cb   Thumb Code     0  startup_stm32f10x_hd.o(.text)
    RCC_IRQHandler                           0x080068cb   Thumb Code     0  startup_stm32f10x_hd.o(.text)
    RTCAlarm_IRQHandler                      0x080068cb   Thumb Code     0  startup_stm32f10x_hd.o(.text)
    RTC_IRQHandler                           0x080068cb   Thumb Code     0  startup_stm32f10x_hd.o(.text)
    SDIO_IRQHandler                          0x080068cb   Thumb Code     0  startup_stm32f10x_hd.o(.text)
    SPI1_IRQHandler                          0x080068cb   Thumb Code     0  startup_stm32f10x_hd.o(.text)
    SPI2_IRQHandler                          0x080068cb   Thumb Code     0  startup_stm32f10x_hd.o(.text)
    SPI3_IRQHandler                          0x080068cb   Thumb Code     0  startup_stm32f10x_hd.o(.text)
    TAMPER_IRQHandler                        0x080068cb   Thumb Code     0  startup_stm32f10x_hd.o(.text)
    TIM1_BRK_IRQHandler                      0x080068cb   Thumb Code     0  startup_stm32f10x_hd.o(.text)
    TIM1_CC_IRQHandler                       0x080068cb   Thumb Code     0  startup_stm32f10x_hd.o(.text)
    TIM1_TRG_COM_IRQHandler                  0x080068cb   Thumb Code     0  startup_stm32f10x_hd.o(.text)
    TIM1_UP_IRQHandler                       0x080068cb   Thumb Code     0  startup_stm32f10x_hd.o(.text)
    TIM2_IRQHandler                          0x080068cb   Thumb Code     0  startup_stm32f10x_hd.o(.text)
    TIM4_IRQHandler                          0x080068cb   Thumb Code     0  startup_stm32f10x_hd.o(.text)
    TIM5_IRQHandler                          0x080068cb   Thumb Code     0  startup_stm32f10x_hd.o(.text)
    TIM6_IRQHandler                          0x080068cb   Thumb Code     0  startup_stm32f10x_hd.o(.text)
    TIM7_IRQHandler                          0x080068cb   Thumb Code     0  startup_stm32f10x_hd.o(.text)
    TIM8_BRK_IRQHandler                      0x080068cb   Thumb Code     0  startup_stm32f10x_hd.o(.text)
    TIM8_CC_IRQHandler                       0x080068cb   Thumb Code     0  startup_stm32f10x_hd.o(.text)
    TIM8_TRG_COM_IRQHandler                  0x080068cb   Thumb Code     0  startup_stm32f10x_hd.o(.text)
    TIM8_UP_IRQHandler                       0x080068cb   Thumb Code     0  startup_stm32f10x_hd.o(.text)
    UART4_IRQHandler                         0x080068cb   Thumb Code     0  startup_stm32f10x_hd.o(.text)
    UART5_IRQHandler                         0x080068cb   Thumb Code     0  startup_stm32f10x_hd.o(.text)
    USART1_IRQHandler                        0x080068cb   Thumb Code     0  startup_stm32f10x_hd.o(.text)
    USART3_IRQHandler                        0x080068cb   Thumb Code     0  startup_stm32f10x_hd.o(.text)
    USBWakeUp_IRQHandler                     0x080068cb   Thumb Code     0  startup_stm32f10x_hd.o(.text)
    USB_HP_CAN1_TX_IRQHandler                0x080068cb   Thumb Code     0  startup_stm32f10x_hd.o(.text)
    USB_LP_CAN1_RX0_IRQHandler               0x080068cb   Thumb Code     0  startup_stm32f10x_hd.o(.text)
    WWDG_IRQHandler                          0x080068cb   Thumb Code     0  startup_stm32f10x_hd.o(.text)
    __user_initial_stackheap                 0x080068cd   Thumb Code     0  startup_stm32f10x_hd.o(.text)
    Byte_Split                               0x080068f1   Thumb Code    46  utils.o(.text)
    HexToChar                                0x0800691f   Thumb Code    48  utils.o(.text)
    StrToHex                                 0x0800694f   Thumb Code    76  utils.o(.text)
    StrToDec                                 0x0800699b   Thumb Code   102  utils.o(.text)
    StringToInt                              0x08006a01   Thumb Code    54  utils.o(.text)
    toupper                                  0x08006a37   Thumb Code    30  toupper.o(.text)
    strstr                                   0x08006a55   Thumb Code    36  strstr.o(.text)
    strcpy                                   0x08006a79   Thumb Code    72  strcpy.o(.text)
    strlen                                   0x08006ac1   Thumb Code    62  strlen.o(.text)
    strcat                                   0x08006aff   Thumb Code    24  strcat.o(.text)
    __aeabi_memcpy                           0x08006b17   Thumb Code     0  rt_memcpy_v6.o(.text)
    __rt_memcpy                              0x08006b17   Thumb Code   138  rt_memcpy_v6.o(.text)
    _memcpy_lastbytes                        0x08006b7d   Thumb Code     0  rt_memcpy_v6.o(.text)
    __aeabi_memclr4                          0x08006ba1   Thumb Code     0  rt_memclr_w.o(.text)
    __aeabi_memclr8                          0x08006ba1   Thumb Code     0  rt_memclr_w.o(.text)
    __rt_memclr_w                            0x08006ba1   Thumb Code    78  rt_memclr_w.o(.text)
    _memset_w                                0x08006ba5   Thumb Code     0  rt_memclr_w.o(.text)
    strcmp                                   0x08006bf1   Thumb Code   128  strcmpv7m.o(.text)
    __use_two_region_memory                  0x08006c71   Thumb Code     2  heapauxi.o(.text)
    __rt_heap_escrow$2region                 0x08006c73   Thumb Code     2  heapauxi.o(.text)
    __rt_heap_expand$2region                 0x08006c75   Thumb Code     2  heapauxi.o(.text)
    __rt_ctype_table                         0x08006c79   Thumb Code    16  rt_ctype_table.o(.text)
    __aeabi_memcpy4                          0x08006c89   Thumb Code     0  rt_memcpy_w.o(.text)
    __aeabi_memcpy8                          0x08006c89   Thumb Code     0  rt_memcpy_w.o(.text)
    __rt_memcpy_w                            0x08006c89   Thumb Code   100  rt_memcpy_w.o(.text)
    _memcpy_lastbytes_aligned                0x08006cd1   Thumb Code     0  rt_memcpy_w.o(.text)
    __rt_locale                              0x08006ced   Thumb Code     8  rt_locale_intlibspace.o(.text)
    __user_libspace                          0x08006cf5   Thumb Code     8  libspace.o(.text)
    __user_perproc_libspace                  0x08006cf5   Thumb Code     0  libspace.o(.text)
    __user_perthread_libspace                0x08006cf5   Thumb Code     0  libspace.o(.text)
    __user_setup_stackheap                   0x08006cfd   Thumb Code    74  sys_stackheap_outer.o(.text)
    exit                                     0x08006d47   Thumb Code    18  exit.o(.text)
    _sys_exit                                0x08006d59   Thumb Code     8  sys_exit.o(.text)
    __I$use$semihosting                      0x08006d65   Thumb Code     0  use_no_semi.o(.text)
    __use_no_semihosting_swi                 0x08006d65   Thumb Code     2  use_no_semi.o(.text)
    __semihosting_library_function           0x08006d67   Thumb Code     0  indicate_semi.o(.text)
    _get_lc_ctype                            0x08006d69   Thumb Code    44  lc_ctype_c.o(locale$$code)
    Region$$Table$$Base                      0x08006df0   Number         0  anon$$obj.o(Region$$Table)
    Region$$Table$$Limit                     0x08006e10   Number         0  anon$$obj.o(Region$$Table)
    __ctype                                  0x08006e1d   Data           0  lc_ctype_c.o(locale$$data)
    M6311_Signal                             0x20000000   Data           1  m6311.o(.data)
    M6311_Connecting                         0x20000001   Data           1  m6311.o(.data)
    M6311_RestartFlag                        0x20000002   Data           1  m6311.o(.data)
    Restart_Count                            0x20000004   Data           4  at24c02.o(.data)
    sec                                      0x20000008   Data           4  timer_deal.o(.data)
    TimeIsInter                              0x2000000c   Data           4  timer_deal.o(.data)
    CardIsInter                              0x20000010   Data           4  cardinfodeal.o(.data)
    netisbreak                               0x20000014   Data           1  cardinfodeal.o(.data)
    islongthan12                             0x20000018   Data           4  cardinfodeal.o(.data)
    Card57_Flag                              0x2000001c   Data           4  card57_config.o(.data)
    usart2_rcv_len                           0x20000038   Data           4  usart_m6311.o(.data)
    SystemCoreClock                          0x2000003c   Data           4  system_stm32f10x.o(.data)
    AHBPrescTable                            0x20000040   Data          16  system_stm32f10x.o(.data)
    M6311ConfigMsg                           0x20000050   Data          80  m6311.o(.bss)
    M6311_RecieveServerBuf                   0x200000a0   Data          50  m6311.o(.bss)
    DeviceInfo                               0x200000d2   Data         108  at24c02.o(.bss)
    TerminalIDServerIP                       0x2000013e   Data         100  at24c02.o(.bss)
    sysMsg                                   0x20000206   Data         100  hdmi_t050.o(.bss)
    UserInfoDisplay                          0x2000026c   Data          28  cardinfodeal.o(.bss)
    Card_SendInfo                            0x20000288   Data         528  cardinfodeal.o(.bss)
    Card_RecvInfo                            0x20000498   Data         510  cardinfodeal.o(.bss)
    UploadServerBuf                          0x20000696   Data         200  cardinfodeal.o(.bss)
    RecieveServerBuf                         0x2000075e   Data         200  cardinfodeal.o(.bss)
    voicesucc                                0x20000826   Data          30  cardinfodeal.o(.bss)
    num                                      0x20000844   Data          80  cardinfodeal.o(.bss)
    Info24ladder                             0x20000894   Data          26  main.o(.bss)
    Info24pre                                0x200008ae   Data          14  main.o(.bss)
    Info42pre                                0x200008bc   Data          10  main.o(.bss)
    Info57pre                                0x200008c6   Data          10  main.o(.bss)
    Info57ladder                             0x200008d0   Data          22  main.o(.bss)
    usart2_rcv_buf                           0x200008e6   Data        1091  usart_m6311.o(.bss)
    __libspace_start                         0x20000d2c   Data          96  libspace.o(.bss)
    __temporary_stack_top$libspace           0x20000d8c   Data           0  libspace.o(.bss)



==============================================================================

Memory Map of the image

  Image Entry point : 0x08000131

  Load Region LR_IROM1 (Base: 0x08000000, Size: 0x00006f70, Max: 0x00080000, ABSOLUTE)

    Execution Region ER_IROM1 (Exec base: 0x08000000, Load base: 0x08000000, Size: 0x00006f20, Max: 0x00080000, ABSOLUTE)

    Exec Addr    Load Addr    Size         Type   Attr      Idx    E Section Name        Object

    0x08000000   0x08000000   0x00000130   Data   RO          630    RESET               startup_stm32f10x_hd.o
    0x08000130   0x08000130   0x00000008   Code   RO          681  * !!!main             c_w.l(__main.o)
    0x08000138   0x08000138   0x00000034   Code   RO          852    !!!scatter          c_w.l(__scatter.o)
    0x0800016c   0x0800016c   0x0000001a   Code   RO          854    !!handler_copy      c_w.l(__scatter_copy.o)
    0x08000186   0x08000186   0x00000002   PAD
    0x08000188   0x08000188   0x0000001c   Code   RO          856    !!handler_zi        c_w.l(__scatter_zi.o)
    0x080001a4   0x080001a4   0x00000002   Code   RO          723    .ARM.Collect$$libinit$$00000000  c_w.l(libinit.o)
    0x080001a6   0x080001a6   0x00000000   Code   RO          725    .ARM.Collect$$libinit$$00000002  c_w.l(libinit2.o)
    0x080001a6   0x080001a6   0x00000000   Code   RO          727    .ARM.Collect$$libinit$$00000004  c_w.l(libinit2.o)
    0x080001a6   0x080001a6   0x00000000   Code   RO          730    .ARM.Collect$$libinit$$0000000A  c_w.l(libinit2.o)
    0x080001a6   0x080001a6   0x00000000   Code   RO          732    .ARM.Collect$$libinit$$0000000C  c_w.l(libinit2.o)
    0x080001a6   0x080001a6   0x00000000   Code   RO          734    .ARM.Collect$$libinit$$0000000E  c_w.l(libinit2.o)
    0x080001a6   0x080001a6   0x00000006   Code   RO          735    .ARM.Collect$$libinit$$0000000F  c_w.l(libinit2.o)
    0x080001ac   0x080001ac   0x00000000   Code   RO          737    .ARM.Collect$$libinit$$00000011  c_w.l(libinit2.o)
    0x080001ac   0x080001ac   0x0000000c   Code   RO          738    .ARM.Collect$$libinit$$00000012  c_w.l(libinit2.o)
    0x080001b8   0x080001b8   0x00000000   Code   RO          739    .ARM.Collect$$libinit$$00000013  c_w.l(libinit2.o)
    0x080001b8   0x080001b8   0x00000000   Code   RO          741    .ARM.Collect$$libinit$$00000015  c_w.l(libinit2.o)
    0x080001b8   0x080001b8   0x00000000   Code   RO          743    .ARM.Collect$$libinit$$00000017  c_w.l(libinit2.o)
    0x080001b8   0x080001b8   0x00000000   Code   RO          745    .ARM.Collect$$libinit$$00000019  c_w.l(libinit2.o)
    0x080001b8   0x080001b8   0x00000000   Code   RO          747    .ARM.Collect$$libinit$$0000001B  c_w.l(libinit2.o)
    0x080001b8   0x080001b8   0x00000000   Code   RO          749    .ARM.Collect$$libinit$$0000001D  c_w.l(libinit2.o)
    0x080001b8   0x080001b8   0x00000000   Code   RO          751    .ARM.Collect$$libinit$$0000001F  c_w.l(libinit2.o)
    0x080001b8   0x080001b8   0x00000000   Code   RO          753    .ARM.Collect$$libinit$$00000021  c_w.l(libinit2.o)
    0x080001b8   0x080001b8   0x00000000   Code   RO          755    .ARM.Collect$$libinit$$00000023  c_w.l(libinit2.o)
    0x080001b8   0x080001b8   0x00000000   Code   RO          757    .ARM.Collect$$libinit$$00000025  c_w.l(libinit2.o)
    0x080001b8   0x080001b8   0x00000000   Code   RO          761    .ARM.Collect$$libinit$$0000002C  c_w.l(libinit2.o)
    0x080001b8   0x080001b8   0x00000000   Code   RO          763    .ARM.Collect$$libinit$$0000002E  c_w.l(libinit2.o)
    0x080001b8   0x080001b8   0x00000000   Code   RO          765    .ARM.Collect$$libinit$$00000030  c_w.l(libinit2.o)
    0x080001b8   0x080001b8   0x00000000   Code   RO          767    .ARM.Collect$$libinit$$00000032  c_w.l(libinit2.o)
    0x080001b8   0x080001b8   0x00000002   Code   RO          768    .ARM.Collect$$libinit$$00000033  c_w.l(libinit2.o)
    0x080001ba   0x080001ba   0x00000002   Code   RO          798    .ARM.Collect$$libshutdown$$00000000  c_w.l(libshutdown.o)
    0x080001bc   0x080001bc   0x00000000   Code   RO          809    .ARM.Collect$$libshutdown$$00000002  c_w.l(libshutdown2.o)
    0x080001bc   0x080001bc   0x00000000   Code   RO          811    .ARM.Collect$$libshutdown$$00000004  c_w.l(libshutdown2.o)
    0x080001bc   0x080001bc   0x00000000   Code   RO          813    .ARM.Collect$$libshutdown$$00000006  c_w.l(libshutdown2.o)
    0x080001bc   0x080001bc   0x00000000   Code   RO          816    .ARM.Collect$$libshutdown$$00000009  c_w.l(libshutdown2.o)
    0x080001bc   0x080001bc   0x00000000   Code   RO          819    .ARM.Collect$$libshutdown$$0000000C  c_w.l(libshutdown2.o)
    0x080001bc   0x080001bc   0x00000000   Code   RO          821    .ARM.Collect$$libshutdown$$0000000E  c_w.l(libshutdown2.o)
    0x080001bc   0x080001bc   0x00000000   Code   RO          824    .ARM.Collect$$libshutdown$$00000011  c_w.l(libshutdown2.o)
    0x080001bc   0x080001bc   0x00000002   Code   RO          825    .ARM.Collect$$libshutdown$$00000012  c_w.l(libshutdown2.o)
    0x080001be   0x080001be   0x00000000   Code   RO          683    .ARM.Collect$$rtentry$$00000000  c_w.l(__rtentry.o)
    0x080001be   0x080001be   0x00000000   Code   RO          689    .ARM.Collect$$rtentry$$00000002  c_w.l(__rtentry2.o)
    0x080001be   0x080001be   0x00000006   Code   RO          701    .ARM.Collect$$rtentry$$00000004  c_w.l(__rtentry4.o)
    0x080001c4   0x080001c4   0x00000000   Code   RO          691    .ARM.Collect$$rtentry$$00000009  c_w.l(__rtentry2.o)
    0x080001c4   0x080001c4   0x00000004   Code   RO          692    .ARM.Collect$$rtentry$$0000000A  c_w.l(__rtentry2.o)
    0x080001c8   0x080001c8   0x00000000   Code   RO          694    .ARM.Collect$$rtentry$$0000000C  c_w.l(__rtentry2.o)
    0x080001c8   0x080001c8   0x00000008   Code   RO          695    .ARM.Collect$$rtentry$$0000000D  c_w.l(__rtentry2.o)
    0x080001d0   0x080001d0   0x00000002   Code   RO          769    .ARM.Collect$$rtexit$$00000000  c_w.l(rtexit.o)
    0x080001d2   0x080001d2   0x00000000   Code   RO          776    .ARM.Collect$$rtexit$$00000002  c_w.l(rtexit2.o)
    0x080001d2   0x080001d2   0x00000004   Code   RO          777    .ARM.Collect$$rtexit$$00000003  c_w.l(rtexit2.o)
    0x080001d6   0x080001d6   0x00000006   Code   RO          778    .ARM.Collect$$rtexit$$00000004  c_w.l(rtexit2.o)
    0x080001dc   0x080001dc   0x00000100   Code   RO            1    .text               xfs.o
    0x080002dc   0x080002dc   0x00000458   Code   RO           64    .text               m6311.o
    0x08000734   0x08000734   0x00000230   Code   RO           93    .text               at24c02.o
    0x08000964   0x08000964   0x00000204   Code   RO          117    .text               timer_deal.o
    0x08000b68   0x08000b68   0x000004b4   Code   RO          162    .text               hdmi_t050.o
    0x0800101c   0x0800101c   0x000020cc   Code   RO          178    .text               cardinfodeal.o
    0x080030e8   0x080030e8   0x00000268   Code   RO          203    .text               card24_config.o
    0x08003350   0x08003350   0x000006e0   Code   RO          247    .text               card42_config.o
    0x08003a30   0x08003a30   0x00000836   Code   RO          263    .text               card57_config.o
    0x08004266   0x08004266   0x00000058   Code   RO          285    .text               sys.o
    0x080042be   0x080042be   0x00000002   PAD
    0x080042c0   0x080042c0   0x000000c8   Code   RO          300    .text               bsp_config.o
    0x08004388   0x08004388   0x000002fc   Code   RO          328    .text               main.o
    0x08004684   0x08004684   0x000001e8   Code   RO          343    .text               stm32f10x_it.o
    0x0800486c   0x0800486c   0x000000b0   Code   RO          373    .text               misc.o
    0x0800491c   0x0800491c   0x00000264   Code   RO          385    .text               stm32f10x_gpio.o
    0x08004b80   0x08004b80   0x000002b8   Code   RO          397    .text               stm32f10x_rcc.o
    0x08004e38   0x08004e38   0x00000328   Code   RO          411    .text               stm32f10x_usart.o
    0x08005160   0x08005160   0x000000e8   Code   RO          426    .text               stm32f10x_exti.o
    0x08005248   0x08005248   0x00000af0   Code   RO          438    .text               stm32f10x_tim.o
    0x08005d38   0x08005d38   0x000000b8   Code   RO          484    .text               systick.o
    0x08005df0   0x08005df0   0x0000028c   Code   RO          502    .text               iic_card.o
    0x0800607c   0x0800607c   0x000000f8   Code   RO          515    .text               uart_xfs.o
    0x08006174   0x08006174   0x00000284   Code   RO          530    .text               iic_24c02.o
    0x080063f8   0x080063f8   0x00000094   Code   RO          546    .text               string_get.o
    0x0800648c   0x0800648c   0x000000f8   Code   RO          561    .text               uart_hdmi.o
    0x08006584   0x08006584   0x00000074   Code   RO          576    .text               timer_heart.o
    0x080065f8   0x080065f8   0x00000160   Code   RO          591    .text               usart_m6311.o
    0x08006758   0x08006758   0x00000158   Code   RO          610    .text               system_stm32f10x.o
    0x080068b0   0x080068b0   0x00000040   Code   RO          631    .text               startup_stm32f10x_hd.o
    0x080068f0   0x080068f0   0x00000146   Code   RO          635    .text               utils.o
    0x08006a36   0x08006a36   0x0000001e   Code   RO          663    .text               c_w.l(toupper.o)
    0x08006a54   0x08006a54   0x00000024   Code   RO          665    .text               c_w.l(strstr.o)
    0x08006a78   0x08006a78   0x00000048   Code   RO          667    .text               c_w.l(strcpy.o)
    0x08006ac0   0x08006ac0   0x0000003e   Code   RO          669    .text               c_w.l(strlen.o)
    0x08006afe   0x08006afe   0x00000018   Code   RO          671    .text               c_w.l(strcat.o)
    0x08006b16   0x08006b16   0x0000008a   Code   RO          673    .text               c_w.l(rt_memcpy_v6.o)
    0x08006ba0   0x08006ba0   0x0000004e   Code   RO          675    .text               c_w.l(rt_memclr_w.o)
    0x08006bee   0x08006bee   0x00000002   PAD
    0x08006bf0   0x08006bf0   0x00000080   Code   RO          677    .text               c_w.l(strcmpv7m.o)
    0x08006c70   0x08006c70   0x00000006   Code   RO          679    .text               c_w.l(heapauxi.o)
    0x08006c76   0x08006c76   0x00000002   PAD
    0x08006c78   0x08006c78   0x00000010   Code   RO          684    .text               c_w.l(rt_ctype_table.o)
    0x08006c88   0x08006c88   0x00000064   Code   RO          686    .text               c_w.l(rt_memcpy_w.o)
    0x08006cec   0x08006cec   0x00000008   Code   RO          706    .text               c_w.l(rt_locale_intlibspace.o)
    0x08006cf4   0x08006cf4   0x00000008   Code   RO          711    .text               c_w.l(libspace.o)
    0x08006cfc   0x08006cfc   0x0000004a   Code   RO          714    .text               c_w.l(sys_stackheap_outer.o)
    0x08006d46   0x08006d46   0x00000012   Code   RO          716    .text               c_w.l(exit.o)
    0x08006d58   0x08006d58   0x0000000c   Code   RO          788    .text               c_w.l(sys_exit.o)
    0x08006d64   0x08006d64   0x00000002   Code   RO          799    .text               c_w.l(use_no_semi.o)
    0x08006d66   0x08006d66   0x00000000   Code   RO          801    .text               c_w.l(indicate_semi.o)
    0x08006d66   0x08006d66   0x00000002   PAD
    0x08006d68   0x08006d68   0x0000002c   Code   RO          709    locale$$code        c_w.l(lc_ctype_c.o)
    0x08006d94   0x08006d94   0x00000003   Data   RO           95    .constdata          at24c02.o
    0x08006d97   0x08006d97   0x00000001   PAD
    0x08006d98   0x08006d98   0x00000056   Data   RO           96    .conststring        at24c02.o
    0x08006dee   0x08006dee   0x00000002   PAD
    0x08006df0   0x08006df0   0x00000020   Data   RO          850    Region$$Table       anon$$obj.o
    0x08006e10   0x08006e10   0x00000110   Data   RO          708    locale$$data        c_w.l(lc_ctype_c.o)


    Execution Region RW_IRAM1 (Exec base: 0x20000000, Load base: 0x08006f20, Size: 0x00001390, Max: 0x00010000, ABSOLUTE)

    Exec Addr    Load Addr    Size         Type   Attr      Idx    E Section Name        Object

    0x20000000   0x08006f20   0x00000003   Data   RW           66    .data               m6311.o
    0x20000003   0x08006f23   0x00000001   PAD
    0x20000004   0x08006f24   0x00000004   Data   RW           97    .data               at24c02.o
    0x20000008   0x08006f28   0x00000004   Data   RW          119    .data               timer_deal.o
    0x2000000c   0x08006f2c   0x00000004   Data   RW          121    .data               timer_deal.o
    0x20000010   0x08006f30   0x00000004   Data   RW          180    .data               cardinfodeal.o
    0x20000014   0x08006f34   0x00000008   Data   RW          181    .data               cardinfodeal.o
    0x2000001c   0x08006f3c   0x00000004   Data   RW          264    .data               card57_config.o
    0x20000020   0x08006f40   0x00000014   Data   RW          398    .data               stm32f10x_rcc.o
    0x20000034   0x08006f54   0x00000004   Data   RW          485    .data               systick.o
    0x20000038   0x08006f58   0x00000004   Data   RW          593    .data               usart_m6311.o
    0x2000003c   0x08006f5c   0x00000014   Data   RW          611    .data               system_stm32f10x.o
    0x20000050        -       0x00000082   Zero   RW           65    .bss                m6311.o
    0x200000d2        -       0x000000d0   Zero   RW           94    .bss                at24c02.o
    0x200001a2        -       0x00000064   Zero   RW          118    .bss                timer_deal.o
    0x20000206        -       0x00000064   Zero   RW          163    .bss                hdmi_t050.o
    0x2000026a   0x08006f70   0x00000002   PAD
    0x2000026c        -       0x00000628   Zero   RW          179    .bss                cardinfodeal.o
    0x20000894        -       0x00000052   Zero   RW          329    .bss                main.o
    0x200008e6        -       0x00000443   Zero   RW          592    .bss                usart_m6311.o
    0x20000d29   0x08006f70   0x00000003   PAD
    0x20000d2c        -       0x00000060   Zero   RW          712    .bss                c_w.l(libspace.o)
    0x20000d8c   0x08006f70   0x00000004   PAD
    0x20000d90        -       0x00000200   Zero   RW          629    HEAP                startup_stm32f10x_hd.o
    0x20000f90        -       0x00000400   Zero   RW          628    STACK               startup_stm32f10x_hd.o


==============================================================================

Image component sizes


      Code (inc. data)   RO Data    RW Data    ZI Data      Debug   Object Name

       560         16         89          4        208       4574   at24c02.o
       200         50          0          0          0        667   bsp_config.o
       616          6          0          0          0     227433   card24_config.o
      1760         10          0          0          0       5900   card42_config.o
      2102         12          0          4          0      10864   card57_config.o
      8396       1248          0         12       1576      14275   cardinfodeal.o
         0          0          0          0          0         32   core_cm3.o
      1204        472          0          0        100       5069   hdmi_t050.o
       644          4          0          0          0       2981   iic_24c02.o
       652          6          0          0          0       3204   iic_card.o
      1112        240          0          3        130       4564   m6311.o
       764        228          0          0         82       1449   main.o
       176         14          0          0          0       2117   misc.o
        64         26        304          0       1536        884   startup_stm32f10x_hd.o
       232          8          0          0          0       2623   stm32f10x_exti.o
       612         36          0          0          0       6241   stm32f10x_gpio.o
       488        114          0          0          0       2300   stm32f10x_it.o
       696         32          0         20          0       9348   stm32f10x_rcc.o
      2800         84          0          0          0      44646   stm32f10x_tim.o
       808         22          0          0          0      15272   stm32f10x_usart.o
       148          0          0          0          0       1877   string_get.o
        88          0          0          0          0        763   sys.o
       344         34          0         20          0       2259   system_stm32f10x.o
       184         20          0          4          0      16760   systick.o
       516         76          0          8        100       6513   timer_deal.o
       116          4          0          0          0        901   timer_heart.o
       248         12          0          0          0       1445   uart_hdmi.o
       248         10          0          0          0       1390   uart_xfs.o
       352         16          0          4       1091       2853   usart_m6311.o
       326          0          0          0          0       2197   utils.o
       256          4          0          0          0     222545   xfs.o

    ----------------------------------------------------------------------
     26714       2804        428         80       4828     623946   Object Totals
         0          0         32          0          0          0   (incl. Generated)
         2          0          3          1          5          0   (incl. Padding)

    ----------------------------------------------------------------------

      Code (inc. data)   RO Data    RW Data    ZI Data      Debug   Library Member Name

         8          0          0          0          0         68   __main.o
         0          0          0          0          0          0   __rtentry.o
        12          0          0          0          0          0   __rtentry2.o
         6          0          0          0          0          0   __rtentry4.o
        52          8          0          0          0          0   __scatter.o
        26          0          0          0          0          0   __scatter_copy.o
        28          0          0          0          0          0   __scatter_zi.o
        18          0          0          0          0         80   exit.o
         6          0          0          0          0        152   heapauxi.o
         0          0          0          0          0          0   indicate_semi.o
        44         10        272          0          0         76   lc_ctype_c.o
         2          0          0          0          0          0   libinit.o
        20          0          0          0          0          0   libinit2.o
         2          0          0          0          0          0   libshutdown.o
         2          0          0          0          0          0   libshutdown2.o
         8          4          0          0         96         68   libspace.o
        16          4          0          0          0         76   rt_ctype_table.o
         8          4          0          0          0         68   rt_locale_intlibspace.o
        78          0          0          0          0         80   rt_memclr_w.o
       138          0          0          0          0         68   rt_memcpy_v6.o
       100          0          0          0          0         80   rt_memcpy_w.o
         2          0          0          0          0          0   rtexit.o
        10          0          0          0          0          0   rtexit2.o
        24          0          0          0          0         68   strcat.o
       128          0          0          0          0         68   strcmpv7m.o
        72          0          0          0          0         80   strcpy.o
        62          0          0          0          0         76   strlen.o
        36          0          0          0          0         80   strstr.o
        12          4          0          0          0         68   sys_exit.o
        74          0          0          0          0         80   sys_stackheap_outer.o
        30          0          0          0          0         76   toupper.o
         2          0          0          0          0         68   use_no_semi.o

    ----------------------------------------------------------------------
      1034         34        272          0        100       1480   Library Totals
         8          0          0          0          4          0   (incl. Padding)

    ----------------------------------------------------------------------

      Code (inc. data)   RO Data    RW Data    ZI Data      Debug   Library Name

      1026         34        272          0         96       1480   c_w.l

    ----------------------------------------------------------------------
      1034         34        272          0        100       1480   Library Totals

    ----------------------------------------------------------------------

==============================================================================


      Code (inc. data)   RO Data    RW Data    ZI Data      Debug   

     27748       2838        700         80       4928     622042   Grand Totals
     27748       2838        700         80       4928     622042   ELF Image Totals
     27748       2838        700         80          0          0   ROM Totals

==============================================================================

    Total RO  Size (Code + RO Data)                28448 (  27.78kB)
    Total RW  Size (RW Data + ZI Data)              5008 (   4.89kB)
    Total ROM Size (Code + RO Data + RW Data)      28528 (  27.86kB)

==============================================================================

