<html>
<body>
<pre>
<h1>礦ision Build Log</h1>
<h2>Tool Versions:</h2>
IDE-Version: μVision V5.32.0.0
Copyright (C) 2020 ARM Ltd and ARM Germany GmbH. All rights reserved.
License Information: w l, hq, LIC=LSNXV-PZM4C-Y8RFK-ZU2VS-MY3ST-VZV3T
 
Tool Versions:
Toolchain:       MDK-ARM Plus  Version: 5.32.0.0
Toolchain Path:  C:\Keil\ARM\ARMCC\Bin
C Compiler:      Armcc.exe V5.06 update 7 (build 960)
Assembler:       Armasm.exe V5.06 update 7 (build 960)
Linker/Locator:  ArmLink.exe V5.06 update 7 (build 960)
Library Manager: ArmAr.exe V5.06 update 7 (build 960)
Hex Converter:   FromElf.exe V5.06 update 7 (build 960)
CPU DLL:         SARMCM3.DLL V5.32.0.0
Dialog DLL:      DCM.DLL V1.17.3.0
Target DLL:      STLink\ST-LINKIII-KEIL_SWO.dll V3.0.8.0
Dialog DLL:      TCM.DLL V1.46.0.0
 
<h2>Project:</h2>
C:\Users\15195585762\Desktop\工作资料\开发项目\华旭刷卡终端\软件\恒沁华旭预付费智能水表支付平台20210202\USER\HQ华旭预付费刷卡终端.uvprojx
Project File Date:  02/03/2021

<h2>Output:</h2>
*** Using Compiler 'V5.06 update 7 (build 960)', folder: 'C:\Keil\ARM\ARMCC\Bin'
Build target '刷卡终端平台'
compiling systick.c...
compiling sys.c...
compiling Timer_Heart.c...
compiling stm32f10x_it.c...
compiling Usart2_PC.c...
compiling main.c...
compiling IIC_24C02.c...
compiling String_Config.c...
compiling Usart3_HDMI.c...
compiling Usart1_M6312.c...
compiling system_stm32f10x.c...
compiling AT24C02.c...
compiling M6312.c...
compiling USB_Config.c...
compiling PC_Config.c...
compiling PAM8406_Config.c...
compiling CardInfoDeal.c...
compiling HXCard_Config.c...
assembling startup_stm32f10x_md.s...
compiling Timer_Deal.c...
compiling HDMI_T050.c...
compiling BSP_Config.c...
compiling usb_init.c...
compiling usb_mem.c...
compiling usb_int.c...
compiling usb_core.c...
compiling usb_sil.c...
compiling usb_regs.c...
compiling usb_desc.c...
compiling usb_istr.c...
compiling usb_endp.c...
compiling usb_prop.c...
compiling hw_config.c...
compiling core_cm3.c...
compiling usb_pwr.c...
compiling misc.c...
compiling stm32f10x_crc.c...
compiling stm32f10x_gpio.c...
compiling stm32f10x_usart.c...
compiling stm32f10x_rcc.c...
compiling stm32f10x_exti.c...
compiling utils.c...
compiling stm32f10x_tim.c...
linking...
Program Size: Code=17176 RO-data=732 RW-data=380 ZI-data=6276  
FromELF: creating hex file...
".\Objects\HQ华旭预付费刷卡终端.axf" - 0 Error(s), 0 Warning(s).

<h2>Software Packages used:</h2>

Package Vendor: Keil
                http://www.keil.com/pack/Keil.STM32F1xx_DFP.1.1.0.pack
                Keil.STM32F1xx_DFP.1.1.0
                STMicroelectronics STM32F1 Series Device Support, Drivers and Examples

<h2>Collection of Component include folders:</h2>
  C:\Keil\Arm\Packs\Keil\STM32F1xx_DFP\1.1.0\Device\Include

<h2>Collection of Component Files used:</h2>
Build Time Elapsed:  00:00:08
</pre>
</body>
</html>
