<html>
<body>
<pre>
<h1>µVision Build Log</h1>
<h2>Tool Versions:</h2>
IDE-Version: ¶ÃVision V5.32.0.0
Copyright (C) 2020 ARM Ltd and ARM Germany GmbH. All rights reserved.
License Information: w l, hq, LIC=LSNXV-PZM4C-Y8RFK-ZU2VS-MY3ST-VZV3T
 
Tool Versions:
Toolchain:       MDK-ARM Plus  Version: 5.32.0.0
Toolchain Path:  C:\Keil\ARM\ARMCC\Bin
C Compiler:      Armcc.exe V5.06 update 7 (build 960)
Assembler:       Armasm.exe V5.06 update 7 (build 960)
Linker/Locator:  ArmLink.exe V5.06 update 7 (build 960)
Library Manager: ArmAr.exe V5.06 update 7 (build 960)
Hex Converter:   FromElf.exe V5.06 update 7 (build 960)
CPU DLL:         SARMCM3.DLL V5.32.0.0
Dialog DLL:      DCM.DLL V1.17.3.0
Target DLL:      STLink\ST-LINKIII-KEIL_SWO.dll V3.0.8.0
Dialog DLL:      TCM.DLL V1.46.0.0
 
<h2>Project:</h2>
C:\Users\15195585762\Desktop\GitHub_Work\Card_Terminal\HQÀ¢ø®÷’∂À\∫„«ﬂ‘§∏∂∑—÷«ƒ‹ÀÆ±Ì÷ß∏∂∆ΩÃ®\USER\HQ‘§∏∂∑—À¢ø®÷’∂À.uvprojx
Project File Date:  02/25/2021

<h2>Output:</h2>
*** Using Compiler 'V5.06 update 7 (build 960)', folder: 'C:\Keil\ARM\ARMCC\Bin'
Build target 'À¢ø®÷’∂À∆ΩÃ®'
compiling Timer_Deal.c...
compiling HDMI_T050.c...
compiling SCCard_Config.c...
compiling M6312.c...
compiling CardInfoDeal.c...
compiling main.c...
compiling stm32f10x_it.c...
compiling BSP_Config.c...
linking...
Program Size: Code=21504 RO-data=536 RW-data=380 ZI-data=7156  
FromELF: creating hex file...
".\Objects\HQ‘§∏∂∑—À¢ø®÷’∂À.axf" - 0 Error(s), 0 Warning(s).

<h2>Software Packages used:</h2>

Package Vendor: Keil
                http://www.keil.com/pack/Keil.STM32F1xx_DFP.1.1.0.pack
                Keil.STM32F1xx_DFP.1.1.0
                STMicroelectronics STM32F1 Series Device Support, Drivers and Examples

<h2>Collection of Component include folders:</h2>
  C:\Keil\Arm\Packs\Keil\STM32F1xx_DFP\1.1.0\Device\Include

<h2>Collection of Component Files used:</h2>
Build Time Elapsed:  00:00:02
</pre>
</body>
</html>
